ESP-ROM:esp32c6-20220919
Build:Sep 19 2022
rst:0x1 (POWERON),boot:0x2c (SPI_FAST_FLASH_BOOT)
SPIWP:0xee
mode:DIO, clock div:2
load:0x40875720,len:0x19cc
load:0x4086c110,len:0xe84
load:0x4086e610,len:0x304c
entry 0x4086c11a
[0;32mI (23) boot: ESP-IDF v5.4-dirty 2nd stage bootloader[0m
[0;32mI (24) boot: compile time Feb  4 2025 23:46:49[0m
[0;32mI (24) boot: chip revision: v0.1[0m
[0;32mI (27) boot: efuse block revision: v0.2[0m
[0;32mI (31) boot.esp32c6: SPI Speed      : 80MHz[0m
[0;32mI (36) boot.esp32c6: SPI Mode       : DIO[0m
[0;32mI (41) boot.esp32c6: SPI Flash Size : 2MB[0m
[0;32mI (46) boot: Enabling RNG early entropy source...[0m
[0;32mI (51) boot: Partition Table:[0m
[0;32mI (55) boot: ## Label            Usage          Type ST Offset   Length[0m
[0;32mI (62) boot:  0 nvs              WiFi data        01 02 00009000 00006000[0m
[0;32mI (69) boot:  1 phy_init         RF data          01 01 0000f000 00001000[0m
[0;32mI (77) boot:  2 factory          factory app      00 00 00010000 00100000[0m
[0;32mI (84) boot: End of partition table[0m
[0;32mI (89) esp_image: segment 0: paddr=00010020 vaddr=42018020 size=07f00h ( 32512) map[0m
[0;32mI (103) esp_image: segment 1: paddr=00017f28 vaddr=40800000 size=000f0h (   240) load[0m
[0;32mI (105) esp_image: segment 2: paddr=00018020 vaddr=42000020 size=14528h ( 83240) map[0m
[0;32mI (129) esp_image: segment 3: paddr=0002c550 vaddr=408000f0 size=0b714h ( 46868) load[0m
[0;32mI (140) esp_image: segment 4: paddr=00037c6c vaddr=4080b810 size=015e8h (  5608) load[0m
[0;32mI (144) boot: Loaded app from partition at offset 0x10000[0m
[0;32mI (145) boot: Disabling RNG early entropy source...[0m
[0;32mI (160) cpu_start: Unicore app[0m
[0;32mI (169) cpu_start: Pro cpu start user code[0m
[0;32mI (169) cpu_start: cpu freq: 160000000 Hz[0m
[0;32mI (169) app_init: Application information:[0m
[0;32mI (169) app_init: Project name:     spi_test[0m
[0;32mI (173) app_init: App version:      54ea472-dirty[0m
[0;32mI (177) app_init: Compile time:     Feb  5 2025 23:30:54[0m
[0;32mI (182) app_init: ELF file SHA256:  e924c32f1...[0m
[0;32mI (187) app_init: ESP-IDF:          v5.4-dirty[0m
[0;32mI (191) efuse_init: Min chip rev:     v0.0[0m
[0;32mI (195) efuse_init: Max chip rev:     v0.99 [0m
[0;32mI (199) efuse_init: Chip rev:         v0.1[0m
[0;32mI (203) heap_init: Initializing. RAM available for dynamic allocation:[0m
[0;32mI (209) heap_init: At 4080DD30 len 0006E8E0 (442 KiB): RAM[0m
[0;32mI (214) heap_init: At 4087C610 len 00002F54 (11 KiB): RAM[0m
[0;32mI (219) heap_init: At 50000000 len 00003FE8 (15 KiB): RTCRAM[0m
[0;32mI (225) spi_flash: detected chip: generic[0m
[0;32mI (228) spi_flash: flash io: dio[0m
[0;33mW (231) spi_flash: Detected size(8192k) larger than the size in the binary image header(2048k). Using the size in the binary image header.[0m
[0;32mI (243) sleep_gpio: Configure to isolate all GPIO pins in sleep state[0m
[0;32mI (250) sleep_gpio: Enable automatic switching of GPIO sleep configuration[0m
[0;32mI (256) main_task: Started on CPU0[0m
[0;32mI (266) main_task: Calling app_main()[0m
[0;32mI (266) gpio: GPIO[18]| InputEn: 0| OutputEn: 0| OpenDrain: 0| Pullup: 1| Pulldown: 0| Intr:0 [0m
[1;31mE (266) uart: uart_read_bytes(1509): uart driver error[0m
[1;31mE (326) uart: uart_read_bytes(1509): uart driver error[0m
[1;31mE (376) uart: uart_read_bytes(1509): uart driver error[0m
[1;31mE (426) uart: uart_read_bytes(1509): uart driver error[0m
[1;31mE (476) uart: uart_read_bytes(1509): uart driver error[0m
[1;31mE (526) uart: uart_read_bytes(1509): uart driver error[0m
[1;31mE (576) uart: uart_read_bytes(1509): uart driver error[0m
[1;31mE (626) uart: uart_read_bytes(1509): uart driver error[0m
[1;31mE (676) uart: uart_read_bytes(1509): uart driver error[0m
[1;31mE (726) uart: uart_read_bytes(1509): uart driver error[0m
[1;31mE (776) uart: uart_read_bytes(1509): uart driver error[0m
[1;31mE (826) uart: uart_read_bytes(1509): uart driver error[0m
[1;31mE (876) uart: uart_read_bytes(1509): uart driver error[0m
[1;31mE (926) uart: uart_read_bytes(1509): uart driver error[0m
[1;31mE (976) uart: uart_read_bytes(1509): uart driver error[0m
[1;31mE (1026) uart: uart_read_bytes(1509): uart driver error[0m
[1;31mE (1076) uart: uart_read_bytes(1509): uart driver error[0m
[1;31mE (1126) uart: uart_read_bytes(1509): uart driver error[0m
[1;31mE (1176) uart: uart_read_bytes(1509): uart driver error[0m
[1;31mE (1226) uart: uart_read_bytes(1509): uart driver error[0m
[1;31mE (1276) uart: uart_read_bytes(1509): uart driver error[0m
[1;31mE (1326) uart: uart_read_bytes(1509): uart driver error[0m
[1;31mE (1376) uart: uart_read_bytes(1509): uart driver error[0m
[1;31mE (1426) uart: uart_read_bytes(1509): uart driver error[0m
[1;31mE (1476) uart: uart_read_bytes(1509): uart driver error[0m
[1;31mE (1526) uart: uart_read_bytes(1509): uart driver error[0m
[1;31mE (1576) uart: uart_read_bytes(1509): uart driver error[0m
[1;31mE (1626) uart: uart_read_bytes(1509): uart driver error[0m
[1;31mE (1676) uart: uart_read_bytes(1509): uart driver error[0m
[1;31mE (1726) uart: uart_read_bytes(1509): uart driver error[0m
[1;31mE (1776) uart: uart_read_bytes(1509): uart driver error[0m
[1;31mE (1826) uart: uart_read_bytes(1509): uart driver error[0m
[1;31mE (1876) uart: uart_read_bytes(1509): uart driver error[0m
[1;31mE (1926) uart: uart_read_bytes(1509): uart driver error[0m
[1;31mE (1976) uart: uart_read_bytes(1509): uart driver error[0m
[1;31mE (2026) uart: uart_read_bytes(1509): uart driver error[0m
[1;31mE (2076) uart: uart_read_bytes(1509): uart driver error[0m
[1;31mE (2126) uart: uart_read_bytes(1509): uart driver error[0m
[1;31mE (2176) uart: uart_read_bytes(1509): uart driver error[0m
[1;31mE (2226) uart: uart_read_bytes(1509): uart driver error[0m
[1;31mE (2276) uart: uart_read_bytes(1509): uart driver error[0m
[1;31mE (2326) uart: uart_read_bytes(1509): uart driver error[0m
[1;31mE (2376) uart: uart_read_bytes(1509): uart driver error[0m
[1;31mE (2426) uart: uart_read_bytes(1509): uart driver error[0m
[1;31mE (2476) uart: uart_read_bytes(1509): uart driver error[0m
[1;31mE (2526) uart: uart_read_bytes(1509): uart driver error[0m
[1;31mE (2576) uart: uart_read_bytes(1509): uart driver error[0m
[1;31mE (2626) uart: uart_read_bytes(1509): uart driver error[0m
[1;31mE (2676) uart: uart_read_bytes(1509): uart driver error[0m
[1;31mE (2726) uart: uart_read_bytes(1509): uart driver error[0m
[1;31mE (2776) uart: uart_read_bytes(1509): uart driver error[0m
[1;31mE (2826) uart: uart_read_bytes(1509): uart driver error[0m
[1;31mE (2876) uart: uart_read_bytes(1509): uart driver error[0m
[1;31mE (2926) uart: uart_read_bytes(1509): uart driver error[0m
[1;31mE (2976) uart: uart_read_bytes(1509): uart driver error[0m
[1;31mE (3026) uart: uart_read_bytes(1509): uart driver error[0m
[1;31mE (3076) uart: uart_read_bytes(1509): uart driver error[0m
[1;31mE (3126) uart: uart_read_bytes(1509): uart driver error[0m
[1;31mE (3176) uart: uart_read_bytes(1509): uart driver error[0m
[1;31mE (3226) uart: uart_read_bytes(1509): uart driver error[0m
[1;31mE (3276) uart: uart_read_bytes(1509): uart driver error[0m
[1;31mE (3326) uart: uart_read_bytes(1509): uart driver error[0m
[1;31mE (3376) uart: uart_read_bytes(1509): uart driver error[0m
[1;31mE (3426) uart: uart_read_bytes(1509): uart driver error[0m
[1;31mE (3476) uart: uart_read_bytes(1509): uart driver error[0m
[1;31mE (3526) uart: uart_read_bytes(1509): uart driver error[0m
[1;31mE (3576) uart: uart_read_bytes(1509): uart driver error[0m
[1;31mE (3626) uart: uart_read_bytes(1509): uart driver error[0m
[1;31mE (3676) uart: uart_read_bytes(1509): uart driver error[0m
[1;31mE (3726) uart: uart_read_bytes(1509): uart driver error[0m
[1;31mE (3776) uart: uart_read_bytes(1509): uart driver error[0m
[1;31mE (3826) uart: uart_read_bytes(1509): uart driver error[0m
[1;31mE (3876) uart: uart_read_bytes(1509): uart driver error[0m
[1;31mE (3926) uart: uart_read_bytes(1509): uart driver error[0m
[1;31mE (3976) uart: uart_read_bytes(1509): uart driver error[0m
[1;31mE (4026) uart: uart_read_bytes(1509): uart driver error[0m
[1;31mE (4076) uart: uart_read_bytes(1509): uart driver error[0m
[1;31mE (4126) uart: uart_read_bytes(1509): uart driver error[0m
[1;31mE (4176) uart: uart_read_bytes(1509): uart driver error[0m
[1;31mE (4226) uart: uart_read_bytes(1509): uart driver error[0m
[1;31mE (4276) uart: uart_read_bytes(1509): uart driver error[0m
[1;31mE (4326) uart: uart_read_bytes(1509): uart driver error[0m
[1;31mE (4376) uart: uart_read_bytes(1509): uart driver error[0m
[1;31mE (4426) uart: uart_read_bytes(1509): uart driver error[0m
[1;31mE (4476) uart: uart_read_bytes(1509): uart driver error[0m
[1;31mE (4526) uart: uart_read_bytes(1509): uart driver error[0m
[1;31mE (4576) uart: uart_read_bytes(1509): uart driver error[0m
[1;31mE (4626) uart: uart_read_bytes(1509): uart driver error[0m
[1;31mE (4676) uart: uart_read_bytes(1509): uart driver error[0m
[1;31mE (4726) uart: uart_read_bytes(1509): uart driver error[0m
[1;31mE (4776) uart: uart_read_bytes(1509): uart driver error[0m
