ets Jul 29 2019 12:21:46

rst:0x1 (POWERON_RESET),boot:0x13 (SPI_FAST_FLASH_BOOT)
configsip: 0, SPIWP:0xee
clk_drv:0x00,q_drv:0x00,d_drv:0x00,cs0_drv:0x00,hd_drv:0x00,wp_drv:0x00
mode:DIO, clock div:2
load:0x3fff0030,len:6276
load:0x40078000,len:15716
load:0x40080400,len:4
ho 8 tail 4 room 4
load:0x40080404,len:3860
entry 0x4008063c
[0;32mI (31) boot: ESP-IDF v5.4-dirty 2nd stage bootloader[0m
[0;32mI (31) boot: compile time Mar  4 2025 22:58:18[0m
[0;32mI (31) boot: Multicore bootloader[0m
[0;32mI (33) boot: chip revision: v3.1[0m
[0;32mI (36) boot.esp32: SPI Speed      : 40MHz[0m
[0;32mI (39) boot.esp32: SPI Mode       : DIO[0m
[0;32mI (43) boot.esp32: SPI Flash Size : 2MB[0m
[0;32mI (47) boot: Enabling RNG early entropy source...[0m
[0;32mI (51) boot: Partition Table:[0m
[0;32mI (54) boot: ## Label            Usage          Type ST Offset   Length[0m
[0;32mI (60) boot:  0 nvs              WiFi data        01 02 00009000 00006000[0m
[0;32mI (66) boot:  1 phy_init         RF data          01 01 0000f000 00001000[0m
[0;32mI (73) boot:  2 factory          factory app      00 00 00010000 00100000[0m
[0;32mI (80) boot: End of partition table[0m
[0;32mI (83) esp_image: segment 0: paddr=00010020 vaddr=3f400020 size=0ad64h ( 44388) map[0m
[0;32mI (105) esp_image: segment 1: paddr=0001ad8c vaddr=3ff80000 size=0001ch (    28) load[0m
[0;32mI (106) esp_image: segment 2: paddr=0001adb0 vaddr=3ffb0000 size=02444h (  9284) load[0m
[0;32mI (113) esp_image: segment 3: paddr=0001d1fc vaddr=40080000 size=02e1ch ( 11804) load[0m
[0;32mI (122) esp_image: segment 4: paddr=00020020 vaddr=400d0020 size=16f18h ( 93976) map[0m
[0;32mI (156) esp_image: segment 5: paddr=00036f40 vaddr=40082e1c size=0a9bch ( 43452) load[0m
[0;32mI (180) boot: Loaded app from partition at offset 0x10000[0m
I (180) boot: Disabling RNG early entropy source...
V (190) mmap: after coalescing, 3 regions are left
[0;32mI (191) cpu_start: Multicore app[0m
D (191) cpu_start: Pro cpu up
D (191) cpu_start: Starting app cpu, entry point is 0x4008113c
D (0) cpu_start: App cpu up
D (204) clk: RTC_SLOW_CLK calibration value: 3067878
D (215) cpu_start: calling init function: 0x400d1338 on core: 0
D (215) cpu_start: calling init function: 0x400d15a0 on core: 0
[0;32mI (217) cpu_start: Pro cpu start user code[0m
[0;32mI (221) cpu_start: cpu freq: 160000000 Hz[0m
D (225) cpu_start: calling init function: 0x400d1278 on core: 0
[0;32mI (230) app_init: Application information:[0m
[0;32mI (234) app_init: Project name:     spi_test[0m
[0;32mI (238) app_init: App version:      25fcd45-dirty[0m
[0;32mI (243) app_init: Compile time:     Mar  5 2025 01:35:20[0m
[0;32mI (248) app_init: ELF file SHA256:  3fac77028...[0m
[0;32mI (252) app_init: ESP-IDF:          v5.4-dirty[0m
D (256) cpu_start: calling init function: 0x400d134c on core: 0
[0;32mI (262) efuse_init: Min chip rev:     v0.0[0m
[0;32mI (266) efuse_init: Max chip rev:     v3.99 [0m
[0;32mI (270) efuse_init: Chip rev:         v3.1[0m
D (273) cpu_start: calling init function: 0x400d2cfc on core: 0
V (279) memory_layout: reserved range is 0x3f40acb4 - 0x3f40acfc
D (285) memory_layout: Checking 9 reserved memory ranges:
D (290) memory_layout: Reserved memory range 0x3ff82000 - 0x3ff82000
D (296) memory_layout: Reserved memory range 0x3ffae000 - 0x3ffae6e0
D (302) memory_layout: Reserved memory range 0x3ffb0000 - 0x3ffb2d38
D (308) memory_layout: Reserved memory range 0x3ffe0000 - 0x3ffe0440
D (314) memory_layout: Reserved memory range 0x3ffe3f20 - 0x3ffe4350
D (320) memory_layout: Reserved memory range 0x40070000 - 0x40078000
D (326) memory_layout: Reserved memory range 0x40078000 - 0x40080000
D (332) memory_layout: Reserved memory range 0x40080000 - 0x4008d7d8
D (339) memory_layout: Reserved memory range 0x50001fe8 - 0x50002000
D (345) memory_layout: Building list of available memory regions:
V (350) memory_layout: Examining memory region 0x3ffae000 - 0x3ffb0000
V (357) memory_layout: Start of region 0x3ffae000 - 0x3ffb0000 overlaps reserved 0x3ffae000 - 0x3ffae6e0
D (366) memory_layout: Available memory region 0x3ffae6e0 - 0x3ffb0000
V (372) memory_layout: Examining memory region 0x3ffb0000 - 0x3ffb8000
V (378) memory_layout: Start of region 0x3ffb0000 - 0x3ffb8000 overlaps reserved 0x3ffb0000 - 0x3ffb2d38
D (388) memory_layout: Available memory region 0x3ffb2d38 - 0x3ffb8000
V (394) memory_layout: Examining memory region 0x3ffb8000 - 0x3ffc0000
D (400) memory_layout: Available memory region 0x3ffb8000 - 0x3ffc0000
V (406) memory_layout: Examining memory region 0x3ffc0000 - 0x3ffc2000
D (413) memory_layout: Available memory region 0x3ffc0000 - 0x3ffc2000
V (419) memory_layout: Examining memory region 0x3ffc2000 - 0x3ffc4000
D (425) memory_layout: Available memory region 0x3ffc2000 - 0x3ffc4000
V (431) memory_layout: Examining memory region 0x3ffc4000 - 0x3ffc6000
D (438) memory_layout: Available memory region 0x3ffc4000 - 0x3ffc6000
V (444) memory_layout: Examining memory region 0x3ffc6000 - 0x3ffc8000
D (450) memory_layout: Available memory region 0x3ffc6000 - 0x3ffc8000
V (456) memory_layout: Examining memory region 0x3ffc8000 - 0x3ffca000
D (463) memory_layout: Available memory region 0x3ffc8000 - 0x3ffca000
V (469) memory_layout: Examining memory region 0x3ffca000 - 0x3ffcc000
D (475) memory_layout: Available memory region 0x3ffca000 - 0x3ffcc000
V (481) memory_layout: Examining memory region 0x3ffcc000 - 0x3ffce000
D (488) memory_layout: Available memory region 0x3ffcc000 - 0x3ffce000
V (494) memory_layout: Examining memory region 0x3ffce000 - 0x3ffd0000
D (500) memory_layout: Available memory region 0x3ffce000 - 0x3ffd0000
V (506) memory_layout: Examining memory region 0x3ffd0000 - 0x3ffd2000
D (513) memory_layout: Available memory region 0x3ffd0000 - 0x3ffd2000
V (519) memory_layout: Examining memory region 0x3ffd2000 - 0x3ffd4000
D (525) memory_layout: Available memory region 0x3ffd2000 - 0x3ffd4000
V (531) memory_layout: Examining memory region 0x3ffd4000 - 0x3ffd6000
D (538) memory_layout: Available memory region 0x3ffd4000 - 0x3ffd6000
V (544) memory_layout: Examining memory region 0x3ffd6000 - 0x3ffd8000
D (550) memory_layout: Available memory region 0x3ffd6000 - 0x3ffd8000
V (556) memory_layout: Examining memory region 0x3ffd8000 - 0x3ffda000
D (563) memory_layout: Available memory region 0x3ffd8000 - 0x3ffda000
V (569) memory_layout: Examining memory region 0x3ffda000 - 0x3ffdc000
D (575) memory_layout: Available memory region 0x3ffda000 - 0x3ffdc000
V (581) memory_layout: Examining memory region 0x3ffdc000 - 0x3ffde000
D (588) memory_layout: Available memory region 0x3ffdc000 - 0x3ffde000
V (594) memory_layout: Examining memory region 0x3ffde000 - 0x3ffe0000
D (600) memory_layout: Available memory region 0x3ffde000 - 0x3ffe0000
V (606) memory_layout: Examining memory region 0x3ffe0000 - 0x3ffe4000
V (613) memory_layout: Start of region 0x3ffe0000 - 0x3ffe4000 overlaps reserved 0x3ffe0000 - 0x3ffe0440
V (622) memory_layout: End of region 0x3ffe0440 - 0x3ffe4000 overlaps reserved 0x3ffe3f20 - 0x3ffe4350
D (631) memory_layout: Available memory region 0x3ffe0440 - 0x3ffe3f20
V (637) memory_layout: Examining memory region 0x3ffe4000 - 0x3ffe8000
V (643) memory_layout: Start of region 0x3ffe4000 - 0x3ffe8000 overlaps reserved 0x3ffe3f20 - 0x3ffe4350
D (652) memory_layout: Available memory region 0x3ffe4350 - 0x3ffe8000
V (659) memory_layout: Examining memory region 0x3ffe8000 - 0x3fff0000
D (665) memory_layout: Available memory region 0x3ffe8000 - 0x3fff0000
V (671) memory_layout: Examining memory region 0x3fff0000 - 0x3fff8000
D (677) memory_layout: Available memory region 0x3fff0000 - 0x3fff8000
V (684) memory_layout: Examining memory region 0x3fff8000 - 0x3fffc000
D (690) memory_layout: Available memory region 0x3fff8000 - 0x3fffc000
V (696) memory_layout: Examining memory region 0x3fffc000 - 0x40000000
D (702) memory_layout: Available memory region 0x3fffc000 - 0x40000000
V (709) memory_layout: Examining memory region 0x40070000 - 0x40078000
V (715) memory_layout: Region 0x40070000 - 0x40078000 inside of reserved 0x40070000 - 0x40078000
V (723) memory_layout: Examining memory region 0x40078000 - 0x40080000
V (730) memory_layout: Region 0x40078000 - 0x40080000 inside of reserved 0x40078000 - 0x40080000
V (738) memory_layout: Examining memory region 0x40080000 - 0x40082000
V (744) memory_layout: Region 0x40080000 - 0x40082000 inside of reserved 0x40080000 - 0x4008d7d8
V (753) memory_layout: Examining memory region 0x40082000 - 0x40084000
V (759) memory_layout: Region 0x40082000 - 0x40084000 inside of reserved 0x40080000 - 0x4008d7d8
V (768) memory_layout: Examining memory region 0x40084000 - 0x40086000
V (774) memory_layout: Region 0x40084000 - 0x40086000 inside of reserved 0x40080000 - 0x4008d7d8
V (783) memory_layout: Examining memory region 0x40086000 - 0x40088000
V (789) memory_layout: Region 0x40086000 - 0x40088000 inside of reserved 0x40080000 - 0x4008d7d8
V (797) memory_layout: Examining memory region 0x40088000 - 0x4008a000
V (804) memory_layout: Region 0x40088000 - 0x4008a000 inside of reserved 0x40080000 - 0x4008d7d8
V (812) memory_layout: Examining memory region 0x4008a000 - 0x4008c000
V (818) memory_layout: Region 0x4008a000 - 0x4008c000 inside of reserved 0x40080000 - 0x4008d7d8
V (827) memory_layout: Examining memory region 0x4008c000 - 0x4008e000
V (833) memory_layout: Start of region 0x4008c000 - 0x4008e000 overlaps reserved 0x40080000 - 0x4008d7d8
D (842) memory_layout: Available memory region 0x4008d7d8 - 0x4008e000
V (848) memory_layout: Examining memory region 0x4008e000 - 0x40090000
D (855) memory_layout: Available memory region 0x4008e000 - 0x40090000
V (861) memory_layout: Examining memory region 0x40090000 - 0x40092000
D (867) memory_layout: Available memory region 0x40090000 - 0x40092000
V (873) memory_layout: Examining memory region 0x40092000 - 0x40094000
D (880) memory_layout: Available memory region 0x40092000 - 0x40094000
V (886) memory_layout: Examining memory region 0x40094000 - 0x40096000
D (892) memory_layout: Available memory region 0x40094000 - 0x40096000
V (898) memory_layout: Examining memory region 0x40096000 - 0x40098000
D (905) memory_layout: Available memory region 0x40096000 - 0x40098000
V (911) memory_layout: Examining memory region 0x40098000 - 0x4009a000
D (917) memory_layout: Available memory region 0x40098000 - 0x4009a000
V (923) memory_layout: Examining memory region 0x4009a000 - 0x4009c000
D (930) memory_layout: Available memory region 0x4009a000 - 0x4009c000
V (936) memory_layout: Examining memory region 0x4009c000 - 0x4009e000
D (942) memory_layout: Available memory region 0x4009c000 - 0x4009e000
V (948) memory_layout: Examining memory region 0x4009e000 - 0x400a0000
D (955) memory_layout: Available memory region 0x4009e000 - 0x400a0000
[0;32mI (961) heap_init: Initializing. RAM available for dynamic allocation:[0m
D (967) heap_init: New heap initialised at 0x3ffae6e0
[0;32mI (972) heap_init: At 3FFAE6E0 len 00001920 (6 KiB): DRAM[0m
D (977) heap_init: New heap initialised at 0x3ffb2d38
[0;32mI (982) heap_init: At 3FFB2D38 len 0002D2C8 (180 KiB): DRAM[0m
[0;32mI (987) heap_init: At 3FFE0440 len 00003AE0 (14 KiB): D/IRAM[0m
[0;32mI (993) heap_init: At 3FFE4350 len 0001BCB0 (111 KiB): D/IRAM[0m
D (998) heap_init: New heap initialised at 0x4008d7d8
[0;32mI (1003) heap_init: At 4008D7D8 len 00012828 (74 KiB): IRAM[0m
D (1008) cpu_start: calling init function: 0x400d10a0 on core: 0
D (1014) cpu_start: calling init function: 0x400d3e40 on core: 0
D (1020) cpu_start: calling init function: 0x400d15e4 on core: 0
V (1025) intr_alloc: esp_intr_alloc_intrstatus (cpu 0): checking args
V (1032) intr_alloc: esp_intr_alloc_intrstatus (cpu 0): Args okay. Resulting flags 0x40E
D (1040) intr_alloc: Connected src 46 to int 1 (cpu 0)
D (1044) cpu_start: calling init function: 0x400d15f0 on core: 0
D (1050) cpu_start: calling init function: 0x400d53c0 on core: 0
D (1056) cpu_start: calling init function: 0x400d6c70 on core: 0
D (1061) cpu_start: calling init function: 0x400d5d5c on core: 0
D (1067) cpu_start: calling init function: 0x400d3eac on core: 0
D (1073) cpu_start: calling init function: 0x400d15fc on core: 0
V (1079) memspi: raw_chip_id: 1740C8

V (1082) memspi: chip_id: C84017

V (1085) memspi: raw_chip_id: 1740C8

V (1089) memspi: chip_id: C84017

D (1092) spi_flash: trying chip: issi
D (1095) spi_flash: trying chip: gd
[0;32mI (1098) spi_flash: detected chip: gd[0m
[0;32mI (1102) spi_flash: flash io: dio[0m
[0;33mW (1105) spi_flash: Detected size(8192k) larger than the size in the binary image header(2048k). Using the size in the binary image header.[0m
D (1117) cpu_start: calling init function: 0x400d13d8 on core: 0
D (1123) cpu_start: calling init function: 0x4008595c
D (1128) cpu_start: calling init function: 0x400d2524
D (1132) cpu_start: calling init function: 0x400d1bc4
D (1137) cpu_start: calling init function: 0x400e5a54 on core: 0
D (1143) cpu_start: calling init function: 0x400d1620 on core: 0
V (1149) intr_alloc: esp_intr_alloc_intrstatus (cpu 0): checking args
V (1155) intr_alloc: esp_intr_alloc_intrstatus (cpu 0): Args okay. Resulting flags 0x40E
D (1163) intr_alloc: Connected src 24 to int 2 (cpu 0)
D (1167) app_start: Starting scheduler on CPU0
V (1172) intr_alloc: esp_intr_alloc_intrstatus (cpu 1): checking args
V (1172) intr_alloc: esp_intr_alloc_intrstatus (cpu 1): Args okay. Resulting flags 0x40E
I (D (1182) intr_alloc: Connected src 25 to int 1 (cpu 1)
D (1182) app_start: Starting scheduler on CPU1
1172) main_task: Started on CPU0
D (1202) heap_init: New heap initialised at 0x3ffe0440
D (1202) heap_init: New heap initialised at 0x3ffe4350
V (1202) intr_alloc: esp_intr_alloc_intrstatus (cpu 0): checking args
V (1212) intr_alloc: esp_intr_alloc_intrstatus (cpu 0): Args okay. Resulting flags 0xE
D (1212) intr_alloc: Connected src 16 to int 3 (cpu 0)
[0;32mI (1222) main_task: Calling app_main()[0m
[0;32mI (1222) gpio: GPIO[2]| InputEn: 0| OutputEn: 1| OpenDrain: 0| Pullup: 0| Pulldown: 0| Intr:0 [0m
D (1232) spi: SPI3 use gpio matrix.
V (1232) intr_alloc: esp_intr_alloc_intrstatus (cpu 0): checking args
V (1242) intr_alloc: esp_intr_alloc_intrstatus (cpu 0): Args okay. Resulting flags 0x80E
D (1252) intr_alloc: Connected src 31 to int 5 (cpu 0)
[0;32mI (1252) SPI_SLAVE_FSM: SPI slave initialized.[0m
[0;32mI (15402) SPI_SLAVE_FSM: Transaction complete. Received command: 0xA5[0m
[0;32mI (15402) SPI_SLAVE_FSM: SLAVE: Received START command. Waiting for confirmation.[0m
[0;32mI (15502) SPI_SLAVE_FSM: Transaction complete. Received command: 0x28[0m
[0;33mW (15502) SPI_SLAVE_FSM: SLAVE: Unexpected command 0x28 while waiting for START confirmation.[0m
[0;32mI (15612) SPI_SLAVE_FSM: Transaction complete. Received command: 0xA5[0m
[0;32mI (15612) SPI_SLAVE_FSM: SLAVE: START command confirmed.[0m
[0;32mI (15722) SPI_SLAVE_FSM: Transaction complete. Received command: 0xA5[0m
[0;33mW (15722) SPI_SLAVE_FSM: SLAVE: Unexpected command 0xA5 in DATA state.[0m
[0;32mI (15832) SPI_SLAVE_FSM: Transaction complete. Received command: 0xA5[0m
[0;33mW (15832) SPI_SLAVE_FSM: SLAVE: Unexpected command 0xA5 in DATA state.[0m
