ESP-ROM:esp32c6-20220919
Build:Sep 19 2022
rst:0x1 (POWERON),boot:0xc (SPI_FAST_FLASH_BOOT)
SPIWP:0xee
mode:DIO, clock div:2
load:0x40875720,len:0x19cc
load:0x4086c110,len:0xe84
load:0x4086e610,len:0x304c
entry 0x4086c11a
[0;32mI (23) boot: ESP-IDF v5.4-dirty 2nd stage bootloader[0m
[0;32mI (24) boot: compile time Feb  4 2025 23:46:49[0m
[0;32mI (24) boot: chip revision: v0.1[0m
[0;32mI (27) boot: efuse block revision: v0.2[0m
[0;32mI (31) boot.esp32c6: SPI Speed      : 80MHz[0m
[0;32mI (36) boot.esp32c6: SPI Mode       : DIO[0m
[0;32mI (41) boot.esp32c6: SPI Flash Size : 2MB[0m
[0;32mI (45) boot: Enabling RNG early entropy source...[0m
[0;32mI (51) boot: Partition Table:[0m
[0;32mI (54) boot: ## Label            Usage          Type ST Offset   Length[0m
[0;32mI (62) boot:  0 nvs              WiFi data        01 02 00009000 00006000[0m
[0;32mI (69) boot:  1 phy_init         RF data          01 01 0000f000 00001000[0m
[0;32mI (77) boot:  2 factory          factory app      00 00 00010000 00100000[0m
[0;32mI (84) boot: End of partition table[0m
[0;32mI (88) esp_image: segment 0: paddr=00010020 vaddr=42018020 size=07f20h ( 32544) map[0m
[0;32mI (103) esp_image: segment 1: paddr=00017f48 vaddr=40800000 size=000d0h (   208) load[0m
[0;32mI (105) esp_image: segment 2: paddr=00018020 vaddr=42000020 size=14558h ( 83288) map[0m
[0;32mI (129) esp_image: segment 3: paddr=0002c580 vaddr=408000d0 size=0b734h ( 46900) load[0m
[0;32mI (140) esp_image: segment 4: paddr=00037cbc vaddr=4080b810 size=015e8h (  5608) load[0m
[0;32mI (144) boot: Loaded app from partition at offset 0x10000[0m
[0;32mI (145) boot: Disabling RNG early entropy source...[0m
[0;32mI (160) cpu_start: Unicore app[0m
[0;32mI (169) cpu_start: Pro cpu start user code[0m
[0;32mI (169) cpu_start: cpu freq: 160000000 Hz[0m
[0;32mI (169) app_init: Application information:[0m
[0;32mI (169) app_init: Project name:     spi_test[0m
[0;32mI (173) app_init: App version:      baf9fec-dirty[0m
[0;32mI (177) app_init: Compile time:     Feb  4 2025 23:46:45[0m
[0;32mI (182) app_init: ELF file SHA256:  bc5a159d7...[0m
[0;32mI (187) app_init: ESP-IDF:          v5.4-dirty[0m
[0;32mI (191) efuse_init: Min chip rev:     v0.0[0m
[0;32mI (195) efuse_init: Max chip rev:     v0.99 [0m
[0;32mI (199) efuse_init: Chip rev:         v0.1[0m
[0;32mI (202) heap_init: Initializing. RAM available for dynamic allocation:[0m
[0;32mI (209) heap_init: At 4080DD30 len 0006E8E0 (442 KiB): RAM[0m
[0;32mI (214) heap_init: At 4087C610 len 00002F54 (11 KiB): RAM[0m
[0;32mI (219) heap_init: At 50000000 len 00003FE8 (15 KiB): RTCRAM[0m
[0;32mI (225) spi_flash: detected chip: generic[0m
[0;32mI (228) spi_flash: flash io: dio[0m
[0;33mW (231) spi_flash: Detected size(8192k) larger than the size in the binary image header(2048k). Using the size in the binary image header.[0m
[0;32mI (243) sleep_gpio: Configure to isolate all GPIO pins in sleep state[0m
[0;32mI (249) sleep_gpio: Enable automatic switching of GPIO sleep configuration[0m
[0;32mI (256) main_task: Started on CPU0[0m
I ï¿½ï¿½I (266) gpio: GPIO[18]| InputEn: 0| OutputEn: 0| OpenDrain: 0| Pullup: 1| Pulldown: 0| Intr:0 
I1896) UART: Received 7 bytes
ACK
 2996) UART: Received 7 bytes
ACK
 4096) UART: Received 7 bytes
ACK
I5196) UART: Received 7 bytes
ACK
I6296) UART: Received 7 bytes
ACK
I7396) UART: Received 7 bytes
ACK
 8496) UART: Received 7 bytes
ACK
I9596) UART: Received 7 bytes
ACK
I0696) UART: Received 7 bytes
ACK
 1796) UART: Received 7 bytes
ACK
I2896) UART: Received 7 bytes
ACK
I3996) UART: Received 7 bytes
ACK
I5096) UART: Received 7 bytes
ACK
 6196) UART: Received 7 bytes
ACK
I7296) UART: Received 7 bytes
ACK
 8396) UART: Received 7 bytes
ACK
I9496) UART: Received 7 bytes
ACK
I0596) UART: Received 7 bytes
ACK
 1696) UART: Received 7 bytes
ACK
 2796) UART: Received 7 bytes
ACK
I3896) UART: Received 7 bytes
ACK
 4996) UART: Received 7 bytes
ACK
I6106) UART: Received 7 bytes
ACK
 7206) UART: Received 7 bytes
ACK
I8316) UART: Received 7 bytes
ACK
