ets Jul 29 2019 12:21:46

rst:0x1 (POWERON_RESET),boot:0x13 (SPI_FAST_FLASH_BOOT)
configsip: 0, SPIWP:0xee
clk_drv:0x00,q_drv:0x00,d_drv:0x00,cs0_drv:0x00,hd_drv:0x00,wp_drv:0x00
mode:DIO, clock div:2
load:0x3fff0030,len:6276
load:0x40078000,len:15716
load:0x40080400,len:4
ho 8 tail 4 room 4
load:0x40080404,len:3860
entry 0x4008063c
[0;32mI (31) boot: ESP-IDF v5.4-dirty 2nd stage bootloader[0m
[0;32mI (31) boot: compile time Mar  4 2025 22:58:18[0m
[0;32mI (31) boot: Multicore bootloader[0m
[0;32mI (33) boot: chip revision: v3.1[0m
[0;32mI (36) boot.esp32: SPI Speed      : 40MHz[0m
[0;32mI (39) boot.esp32: SPI Mode       : DIO[0m
[0;32mI (43) boot.esp32: SPI Flash Size : 2MB[0m
[0;32mI (47) boot: Enabling RNG early entropy source...[0m
[0;32mI (51) boot: Partition Table:[0m
[0;32mI (54) boot: ## Label            Usage          Type ST Offset   Length[0m
[0;32mI (60) boot:  0 nvs              WiFi data        01 02 00009000 00006000[0m
[0;32mI (66) boot:  1 phy_init         RF data          01 01 0000f000 00001000[0m
[0;32mI (73) boot:  2 factory          factory app      00 00 00010000 00100000[0m
[0;32mI (80) boot: End of partition table[0m
[0;32mI (83) esp_image: segment 0: paddr=00010020 vaddr=3f400020 size=16768h ( 92008) map[0m
[0;32mI (122) esp_image: segment 1: paddr=00026790 vaddr=3ff80000 size=0001ch (    28) load[0m
[0;32mI (122) esp_image: segment 2: paddr=000267b4 vaddr=3ffb0000 size=026bch (  9916) load[0m
[0;32mI (129) esp_image: segment 3: paddr=00028e78 vaddr=40080000 size=071a0h ( 29088) load[0m
[0;32mI (144) esp_image: segment 4: paddr=00030020 vaddr=400d0020 size=38ed0h (233168) map[0m
[0;32mI (224) esp_image: segment 5: paddr=00068ef8 vaddr=400871a0 size=08674h ( 34420) load[0m
[0;32mI (245) boot: Loaded app from partition at offset 0x10000[0m
[0;32mI (245) boot: Disabling RNG early entropy source...[0m
V (256) mmap: after coalescing, 3 regions are left
[0;32mI (256) cpu_start: Multicore app[0m
D (256) cpu_start: Pro cpu up
D (256) cpu_start: Starting app cpu, entry point is 0x40081558
D (0) cpu_start: App cpu up
D (269) clk: RTC_SLOW_CLK calibration value: 3073101
D (281) cpu_start: calling init function: 0x400d2eb0 on core: 0
D (281) cpu_start: calling init function: 0x400d34d8 on core: 0
[0;32mI (283) cpu_start: Pro cpu start user code[0m
[0;32mI (286) cpu_start: cpu freq: 160000000 Hz[0m
D (290) cpu_start: calling init function: 0x400d2df0 on core: 0
[0;32mI (296) app_init: Application information:[0m
[0;32mI (300) app_init: Project name:     spi_test[0m
[0;32mI (304) app_init: App version:      25fcd45-dirty[0m
[0;32mI (308) app_init: Compile time:     Mar  4 2025 22:57:29[0m
[0;32mI (313) app_init: ELF file SHA256:  d71bb04e1...[0m
[0;32mI (317) app_init: ESP-IDF:          v5.4-dirty[0m
D (321) cpu_start: calling init function: 0x400d2ec4 on core: 0
[0;32mI (327) efuse_init: Min chip rev:     v0.0[0m
[0;32mI (331) efuse_init: Max chip rev:     v3.99 [0m
[0;32mI (335) efuse_init: Chip rev:         v3.1[0m
D (339) cpu_start: calling init function: 0x400d4c60 on core: 0
V (345) memory_layout: reserved range is 0x3f4166b0 - 0x3f4166f8
D (350) memory_layout: Checking 9 reserved memory ranges:
D (355) memory_layout: Reserved memory range 0x3ff82000 - 0x3ff82000
D (361) memory_layout: Reserved memory range 0x3ffae000 - 0x3ffae6e0
D (367) memory_layout: Reserved memory range 0x3ffb0000 - 0x3ffb39e8
D (373) memory_layout: Reserved memory range 0x3ffe0000 - 0x3ffe0440
D (380) memory_layout: Reserved memory range 0x3ffe3f20 - 0x3ffe4350
D (386) memory_layout: Reserved memory range 0x40070000 - 0x40078000
D (392) memory_layout: Reserved memory range 0x40078000 - 0x40080000
D (398) memory_layout: Reserved memory range 0x40080000 - 0x4008f814
D (404) memory_layout: Reserved memory range 0x50001fe8 - 0x50002000
D (410) memory_layout: Building list of available memory regions:
V (416) memory_layout: Examining memory region 0x3ffae000 - 0x3ffb0000
V (422) memory_layout: Start of region 0x3ffae000 - 0x3ffb0000 overlaps reserved 0x3ffae000 - 0x3ffae6e0
D (431) memory_layout: Available memory region 0x3ffae6e0 - 0x3ffb0000
V (437) memory_layout: Examining memory region 0x3ffb0000 - 0x3ffb8000
V (444) memory_layout: Start of region 0x3ffb0000 - 0x3ffb8000 overlaps reserved 0x3ffb0000 - 0x3ffb39e8
D (453) memory_layout: Available memory region 0x3ffb39e8 - 0x3ffb8000
V (459) memory_layout: Examining memory region 0x3ffb8000 - 0x3ffc0000
D (465) memory_layout: Available memory region 0x3ffb8000 - 0x3ffc0000
V (472) memory_layout: Examining memory region 0x3ffc0000 - 0x3ffc2000
D (478) memory_layout: Available memory region 0x3ffc0000 - 0x3ffc2000
V (484) memory_layout: Examining memory region 0x3ffc2000 - 0x3ffc4000
D (490) memory_layout: Available memory region 0x3ffc2000 - 0x3ffc4000
V (497) memory_layout: Examining memory region 0x3ffc4000 - 0x3ffc6000
D (503) memory_layout: Available memory region 0x3ffc4000 - 0x3ffc6000
V (509) memory_layout: Examining memory region 0x3ffc6000 - 0x3ffc8000
D (515) memory_layout: Available memory region 0x3ffc6000 - 0x3ffc8000
V (522) memory_layout: Examining memory region 0x3ffc8000 - 0x3ffca000
D (528) memory_layout: Available memory region 0x3ffc8000 - 0x3ffca000
V (534) memory_layout: Examining memory region 0x3ffca000 - 0x3ffcc000
D (540) memory_layout: Available memory region 0x3ffca000 - 0x3ffcc000
V (547) memory_layout: Examining memory region 0x3ffcc000 - 0x3ffce000
D (553) memory_layout: Available memory region 0x3ffcc000 - 0x3ffce000
V (559) memory_layout: Examining memory region 0x3ffce000 - 0x3ffd0000
D (565) memory_layout: Available memory region 0x3ffce000 - 0x3ffd0000
V (572) memory_layout: Examining memory region 0x3ffd0000 - 0x3ffd2000
D (578) memory_layout: Available memory region 0x3ffd0000 - 0x3ffd2000
V (584) memory_layout: Examining memory region 0x3ffd2000 - 0x3ffd4000
D (590) memory_layout: Available memory region 0x3ffd2000 - 0x3ffd4000
V (597) memory_layout: Examining memory region 0x3ffd4000 - 0x3ffd6000
D (603) memory_layout: Available memory region 0x3ffd4000 - 0x3ffd6000
V (609) memory_layout: Examining memory region 0x3ffd6000 - 0x3ffd8000
D (615) memory_layout: Available memory region 0x3ffd6000 - 0x3ffd8000
V (622) memory_layout: Examining memory region 0x3ffd8000 - 0x3ffda000
D (628) memory_layout: Available memory region 0x3ffd8000 - 0x3ffda000
V (634) memory_layout: Examining memory region 0x3ffda000 - 0x3ffdc000
D (640) memory_layout: Available memory region 0x3ffda000 - 0x3ffdc000
V (647) memory_layout: Examining memory region 0x3ffdc000 - 0x3ffde000
D (653) memory_layout: Available memory region 0x3ffdc000 - 0x3ffde000
V (659) memory_layout: Examining memory region 0x3ffde000 - 0x3ffe0000
D (665) memory_layout: Available memory region 0x3ffde000 - 0x3ffe0000
V (672) memory_layout: Examining memory region 0x3ffe0000 - 0x3ffe4000
V (678) memory_layout: Start of region 0x3ffe0000 - 0x3ffe4000 overlaps reserved 0x3ffe0000 - 0x3ffe0440
V (687) memory_layout: End of region 0x3ffe0440 - 0x3ffe4000 overlaps reserved 0x3ffe3f20 - 0x3ffe4350
D (696) memory_layout: Available memory region 0x3ffe0440 - 0x3ffe3f20
V (702) memory_layout: Examining memory region 0x3ffe4000 - 0x3ffe8000
V (709) memory_layout: Start of region 0x3ffe4000 - 0x3ffe8000 overlaps reserved 0x3ffe3f20 - 0x3ffe4350
D (718) memory_layout: Available memory region 0x3ffe4350 - 0x3ffe8000
V (724) memory_layout: Examining memory region 0x3ffe8000 - 0x3fff0000
D (730) memory_layout: Available memory region 0x3ffe8000 - 0x3fff0000
V (737) memory_layout: Examining memory region 0x3fff0000 - 0x3fff8000
D (743) memory_layout: Available memory region 0x3fff0000 - 0x3fff8000
V (749) memory_layout: Examining memory region 0x3fff8000 - 0x3fffc000
D (755) memory_layout: Available memory region 0x3fff8000 - 0x3fffc000
V (762) memory_layout: Examining memory region 0x3fffc000 - 0x40000000
D (768) memory_layout: Available memory region 0x3fffc000 - 0x40000000
V (774) memory_layout: Examining memory region 0x40070000 - 0x40078000
V (780) memory_layout: Region 0x40070000 - 0x40078000 inside of reserved 0x40070000 - 0x40078000
V (789) memory_layout: Examining memory region 0x40078000 - 0x40080000
V (795) memory_layout: Region 0x40078000 - 0x40080000 inside of reserved 0x40078000 - 0x40080000
V (804) memory_layout: Examining memory region 0x40080000 - 0x40082000
V (810) memory_layout: Region 0x40080000 - 0x40082000 inside of reserved 0x40080000 - 0x4008f814
V (818) memory_layout: Examining memory region 0x40082000 - 0x40084000
V (825) memory_layout: Region 0x40082000 - 0x40084000 inside of reserved 0x40080000 - 0x4008f814
V (833) memory_layout: Examining memory region 0x40084000 - 0x40086000
V (839) memory_layout: Region 0x40084000 - 0x40086000 inside of reserved 0x40080000 - 0x4008f814
V (848) memory_layout: Examining memory region 0x40086000 - 0x40088000
V (854) memory_layout: Region 0x40086000 - 0x40088000 inside of reserved 0x40080000 - 0x4008f814
V (863) memory_layout: Examining memory region 0x40088000 - 0x4008a000
V (869) memory_layout: Region 0x40088000 - 0x4008a000 inside of reserved 0x40080000 - 0x4008f814
V (877) memory_layout: Examining memory region 0x4008a000 - 0x4008c000
V (884) memory_layout: Region 0x4008a000 - 0x4008c000 inside of reserved 0x40080000 - 0x4008f814
V (892) memory_layout: Examining memory region 0x4008c000 - 0x4008e000
V (898) memory_layout: Region 0x4008c000 - 0x4008e000 inside of reserved 0x40080000 - 0x4008f814
V (907) memory_layout: Examining memory region 0x4008e000 - 0x40090000
V (913) memory_layout: Start of region 0x4008e000 - 0x40090000 overlaps reserved 0x40080000 - 0x4008f814
D (922) memory_layout: Available memory region 0x4008f814 - 0x40090000
V (929) memory_layout: Examining memory region 0x40090000 - 0x40092000
D (935) memory_layout: Available memory region 0x40090000 - 0x40092000
V (941) memory_layout: Examining memory region 0x40092000 - 0x40094000
D (947) memory_layout: Available memory region 0x40092000 - 0x40094000
V (954) memory_layout: Examining memory region 0x40094000 - 0x40096000
D (960) memory_layout: Available memory region 0x40094000 - 0x40096000
V (966) memory_layout: Examining memory region 0x40096000 - 0x40098000
D (972) memory_layout: Available memory region 0x40096000 - 0x40098000
V (979) memory_layout: Examining memory region 0x40098000 - 0x4009a000
D (985) memory_layout: Available memory region 0x40098000 - 0x4009a000
V (991) memory_layout: Examining memory region 0x4009a000 - 0x4009c000
D (997) memory_layout: Available memory region 0x4009a000 - 0x4009c000
V (1004) memory_layout: Examining memory region 0x4009c000 - 0x4009e000
D (1010) memory_layout: Available memory region 0x4009c000 - 0x4009e000
V (1016) memory_layout: Examining memory region 0x4009e000 - 0x400a0000
D (1023) memory_layout: Available memory region 0x4009e000 - 0x400a0000
[0;32mI (1029) heap_init: Initializing. RAM available for dynamic allocation:[0m
D (1035) heap_init: New heap initialised at 0x3ffae6e0
[0;32mI (1040) heap_init: At 3FFAE6E0 len 00001920 (6 KiB): DRAM[0m
D (1045) heap_init: New heap initialised at 0x3ffb39e8
[0;32mI (1050) heap_init: At 3FFB39E8 len 0002C618 (177 KiB): DRAM[0m
[0;32mI (1056) heap_init: At 3FFE0440 len 00003AE0 (14 KiB): D/IRAM[0m
[0;32mI (1061) heap_init: At 3FFE4350 len 0001BCB0 (111 KiB): D/IRAM[0m
D (1067) heap_init: New heap initialised at 0x4008f814
[0;32mI (1071) heap_init: At 4008F814 len 000107EC (65 KiB): IRAM[0m
D (1077) cpu_start: calling init function: 0x400d2b40 on core: 0
D (1083) cpu_start: calling init function: 0x400d5da4 on core: 0
D (1088) cpu_start: calling init function: 0x400d351c on core: 0
V (1094) intr_alloc: esp_intr_alloc_intrstatus (cpu 0): checking args
V (1100) intr_alloc: esp_intr_alloc_intrstatus (cpu 0): Args okay. Resulting flags 0x40E
D (1108) intr_alloc: Connected src 46 to int 1 (cpu 0)
D (1113) cpu_start: calling init function: 0x400d3528 on core: 0
D (1119) cpu_start: calling init function: 0x400d74ac on core: 0
D (1124) cpu_start: calling init function: 0x400d90f4 on core: 0
D (1130) cpu_start: calling init function: 0x400d7e48 on core: 0
D (1136) cpu_start: calling init function: 0x400d5e10 on core: 0
D (1142) cpu_start: calling init function: 0x400d3534 on core: 0
V (1147) memspi: raw_chip_id: 1740C8

V (1151) memspi: chip_id: C84017

V (1154) memspi: raw_chip_id: 1740C8

V (1157) memspi: chip_id: C84017

D (1160) spi_flash: trying chip: issi
D (1164) spi_flash: trying chip: gd
[0;32mI (1167) spi_flash: detected chip: gd[0m
[0;32mI (1170) spi_flash: flash io: dio[0m
[0;33mW (1173) spi_flash: Detected size(8192k) larger than the size in the binary image header(2048k). Using the size in the binary image header.[0m
D (1186) cpu_start: calling init function: 0x400d2f50 on core: 0
D (1191) cpu_start: calling init function: 0x400e2914
D (1196) cpu_start: calling init function: 0x40086c7c
D (1201) cpu_start: calling init function: 0x400d445c
D (1206) cpu_start: calling init function: 0x400d3afc
D (1211) cpu_start: calling init function: 0x400dfd14 on core: 0
V (1216) intr_alloc: esp_intr_alloc_intrstatus (cpu 0): checking args
V (1222) intr_alloc: esp_intr_alloc_intrstatus (cpu 0): Args okay. Resulting flags 0xC02
D (1230) intr_alloc: Connected src 17 to int 2 (cpu 0)
D (1235) cpu_start: calling init function: 0x4010641c on core: 0
D (1241) cpu_start: calling init function: 0x400d3558 on core: 0
V (1247) intr_alloc: esp_intr_alloc_intrstatus (cpu 0): checking args
V (1253) intr_alloc: esp_intr_alloc_intrstatus (cpu 0): Args okay. Resulting flags 0x40E
D (1261) intr_alloc: Connected src 24 to int 3 (cpu 0)
D (1265) app_start: Starting scheduler on CPU0
V (1270) intr_alloc: esp_intr_alloc_intrstatus (cpu 1): checking args
V (1270) intr_alloc: esp_intr_alloc_intrstatus (cpu 1): Args okay. Resulting flags 0x40E
I (D (1280) intr_alloc: Connected src 25 to int 1 (cpu 1)
D (1280) app_start: Starting scheduler on CPU1
1270) main_task: Started on CPU0
D (1300) heap_init: New heap initialised at 0x3ffe0440
D (1300) heap_init: New heap initialised at 0x3ffe4350
V (1300) intr_alloc: esp_intr_alloc_intrstatus (cpu 0): checking args
V (1310) intr_alloc: esp_intr_alloc_intrstatus (cpu 0): Args okay. Resulting flags 0xE
D (1310) intr_alloc: Connected src 16 to int 5 (cpu 0)
[0;32mI (1320) main_task: Calling app_main()[0m
V (1320) intr_alloc: esp_intr_alloc_intrstatus (cpu 0): checking args
V (1330) intr_alloc: esp_intr_alloc_intrstatus (cpu 0): Args okay. Resulting flags 0xE
D (1340) intr_alloc: Connected src 38 to int 8 (cpu 0)
D (1340) clk_ctrl_os: APLL will working at 50000000 Hz with coefficients [sdm0] 0 [sdm1] 0 [sdm2] 6 [o_div] 2
[0;32mI (1450) esp.emac: PHY Power State: 1 (Expected: 1)[0m
[0;32mI (1450) esp.emac: CLK Power State: 0 (Expected: 1)[0m
D (1460) efuse: BLK0 REG2 [8-15], len=8 bits
D (1460) efuse: BLK0 REG2 [0-7], len=8 bits
D (1460) efuse: BLK0 REG1 [24-31], len=8 bits
D (1460) efuse: BLK0 REG1 [16-23], len=8 bits
D (1460) efuse: BLK0 REG1 [8-15], len=8 bits
D (1470) efuse: BLK0 REG1 [0-7], len=8 bits
D (1470) efuse: BLK0 REG2 [16-23], len=8 bits
[1;31mE (1480) eth_phy_802_3: No PHY device detected[0m
[1;31mE (1480) eth_phy_802_3: esp_eth_phy_802_3_basic_phy_init(536): Detect PHY address failed[0m
[1;31mE (1490) lan87xx: lan87xx_init(339): failed to init PHY[0m
[1;31mE (1490) esp_eth: esp_eth_driver_install(229): init phy failed[0m
[1;31mE (1500) ETH: eth_init_internal(574): Ethernet driver install failed[0m
V (1500) intr_alloc: esp_intr_free: Disabling int, killing handler
[0;32mI (1510) gpio: GPIO[17]| InputEn: 0| OutputEn: 0| OpenDrain: 0| Pullup: 1| Pulldown: 0| Intr:0 [0m
[0;32mI (1520) gpio: GPIO[18]| InputEn: 0| OutputEn: 0| OpenDrain: 0| Pullup: 1| Pulldown: 0| Intr:0 [0m
[0;32mI (1520) gpio: GPIO[19]| InputEn: 0| OutputEn: 0| OpenDrain: 0| Pullup: 1| Pulldown: 0| Intr:0 [0m
[0;32mI (1530) gpio: GPIO[21]| InputEn: 0| OutputEn: 0| OpenDrain: 0| Pullup: 1| Pulldown: 0| Intr:0 [0m
[0;32mI (1540) gpio: GPIO[22]| InputEn: 0| OutputEn: 0| OpenDrain: 0| Pullup: 1| Pulldown: 0| Intr:0 [0m
[0;32mI (1550) gpio: GPIO[23]| InputEn: 0| OutputEn: 0| OpenDrain: 0| Pullup: 1| Pulldown: 0| Intr:0 [0m
[0;32mI (1560) gpio: GPIO[25]| InputEn: 0| OutputEn: 0| OpenDrain: 0| Pullup: 1| Pulldown: 0| Intr:0 [0m
[0;32mI (1570) gpio: GPIO[26]| InputEn: 0| OutputEn: 0| OpenDrain: 0| Pullup: 1| Pulldown: 0| Intr:0 [0m
[0;32mI (1580) gpio: GPIO[27]| InputEn: 0| OutputEn: 0| OpenDrain: 0| Pullup: 1| Pulldown: 0| Intr:0 [0m
D (1580) esp_netif_lwip: LwIP stack has been initialized
D (1590) esp_netif_lwip: esp-netif has been successfully initialized
D (1590) event: running task for loop 0x3ffb7c2c
D (1600) event: created task for loop 0x3ffb7c2c
D (1600) event: created event loop 0x3ffb7c2c
D (1610) esp_netif_lwip: check: remote, if=0x3ffb5c40 fn=0x400f9e9c
V (1610) esp_netif_objects: esp_netif_add_to_list_unsafe 0x3ffb8b6c
D (1620) esp_netif_objects: esp_netif_add_to_list_unsafe netif added successfully (total netifs: 1)
D (1630) esp_netif_lwip: call api in lwip: ret=0x0, give sem
[1;31mE (1630) esp_eth: esp_eth_increase_reference(566): ethernet driver handle can't be null[0m
[1;31mE (1640) esp_eth: esp_eth_update_input_path(374): ethernet driver handle can't be null[0m
[1;31mE (1650) esp_eth: esp_eth_ioctl(442): ethernet driver handle can't be null[0m
[0;32mI (1660) esp_eth.netif.netif_glue: 7c:af:0d:40:3c:8d[0m
D (1660) esp_netif_lwip: check: remote, if=0x3ffb8b6c fn=0x400f95b0
D (1670) esp_netif_lwip: call api in lwip: ret=0x0, give sem
[0;32mI (1670) esp_eth.netif.netif_glue: ethernet attached to netif[0m
D (1680) esp_netif_lwip: check: remote, if=0x3ffb8b6c fn=0x400f9a1c
D (1680) esp_netif_lwip: esp_netif_dhcpc_stop_api esp_netif:0x3ffb8b6c
D (1690) esp_netif_lwip: dhcp client stop successfully
D (1690) esp_netif_lwip: call api in lwip: ret=0x0, give sem
D (1700) esp_netif_lwip: check: remote, if=0x3ffb8b6c fn=0x400fa40c
D (1710) esp_netif_lwip: esp_netif_set_ip_info_api esp_netif:0x3ffb8b6c
D (1710) esp_netif_lwip: call api in lwip: ret=0x0, give sem
[0;32mI (1720) ETH: Succeeded to set static IP info[0m
[0;32mI (1720) ETH: Registering ESP_EVENT_ANY_ID handlers...[0m
[0;32mI (1730) ETH: Registering IP_EVENT_ETH_GOT_IP handlers...[0m
[0;32mI (1730) ETH: Registering ESP_NETIF_IP_EVENT_GOT_IP handlers...[0m
[1;31mE (1740) esp_eth: Ethernet driver handle is NULL.[0m
ESP_ERROR_CHECK failed: esp_err_t 0x102 (ESP_ERR_INVALID_ARG) at 0x400d9cce
file: "./main/network_node.c" line 644
func: ethernet_setup
expression: esp_eth_start(eth_handle)

abort() was called at PC 0x400871a7 on core 0


Backtrace: 0x40081e6d:0x3ffb5b90 0x400871b1:0x3ffb5bb0 0x4008dfa9:0x3ffb5bd0 0x400871a7:0x3ffb5c40 0x400d9cce:0x3ffb5c70 0x400d9d43:0x3ffb5cb0 0x4010880b:0x3ffb5ce0 0x40087b99:0x3ffb5d10




ELF file SHA256: d71bb04e1

Rebooting...
ets Jul 29 2019 12:21:46

rst:0xc (SW_CPU_RESET),boot:0x13 (SPI_FAST_FLASH_BOOT)
configsip: 0, SPIWP:0xee
clk_drv:0x00,q_drv:0x00,d_drv:0x00,cs0_drv:0x00,hd_drv:0x00,wp_drv:0x00
mode:DIO, clock div:2
load:0x3fff0030,len:6276
load:0x40078000,len:15716
load:0x40080400,len:4
ho 8 tail 4 room 4
load:0x40080404,len:3860
entry 0x4008063c
[0;32mI (31) boot: ESP-IDF v5.4-dirty 2nd stage bootloader[0m
[0;32mI (31) boot: compile time Mar  4 2025 22:58:18[0m
[0;32mI (31) boot: Multicore bootloader[0m
[0;32mI (33) boot: chip revision: v3.1[0m
[0;32mI (36) boot.esp32: SPI Speed      : 40MHz[0m
[0;32mI (39) boot.esp32: SPI Mode       : DIO[0m
[0;32mI (43) boot.esp32: SPI Flash Size : 2MB[0m
[0;32mI (46) boot: Enabling RNG early entropy source...[0m
[0;32mI (51) boot: Partition Table:[0m
[0;32mI (53) boot: ## Label            Usage          Type ST Offset   Length[0m
[0;32mI (60) boot:  0 nvs              WiFi data        01 02 00009000 00006000[0m
[0;32mI (66) boot:  1 phy_init         RF data          01 01 0000f000 00001000[0m
[0;32mI (73) boot:  2 factory          factory app      00 00 00010000 00100000[0m
[0;32mI (79) boot: End of partition table[0m
[0;32mI (83) esp_image: segment 0: paddr=00010020 vaddr=3f400020 size=16768h ( 92008) map[0m
[0;32mI (122) esp_image: segment 1: paddr=00026790 vaddr=3ff80000 size=0001ch (    28) load[0m
[0;32mI (122) esp_image: segment 2: paddr=000267b4 vaddr=3ffb0000 size=026bch (  9916) load[0m
[0;32mI (129) esp_image: segment 3: paddr=00028e78 vaddr=40080000 size=071a0h ( 29088) load[0m
[0;32mI (144) esp_image: segment 4: paddr=00030020 vaddr=400d0020 size=38ed0h (233168) map[0m
[0;32mI (224) esp_image: segment 5: paddr=00068ef8 vaddr=400871a0 size=08674h ( 34420) load[0m
[0;32mI (245) boot: Loaded app from partition at offset 0x10000[0m
[0;32mI (245) boot: Disabling RNG early entropy source...[0m
V (256) mmap: after coalescing, 3 regions are left
[0;32mI (256) cpu_start: Multicore app[0m
D (256) cpu_start: Pro cpu up
D (256) cpu_start: Starting app cpu, entry point is 0x40081558
D (247) cpu_start: App cpu up
D (269) clk: RTC_SLOW_CLK calibration value: 3074291
D (281) cpu_start: calling init function: 0x400d2eb0 on core: 0
D (281) cpu_start: calling init function: 0x400d34d8 on core: 0
[0;32mI (283) cpu_start: Pro cpu start user code[0m
[0;32mI (286) cpu_start: cpu freq: 160000000 Hz[0m
D (290) cpu_start: calling init function: 0x400d2df0 on core: 0
[0;32mI (296) app_init: Application information:[0m
[0;32mI (300) app_init: Project name:     spi_test[0m
[0;32mI (304) app_init: App version:      25fcd45-dirty[0m
[0;32mI (308) app_init: Compile time:     Mar  4 2025 22:57:29[0m
[0;32mI (313) app_init: ELF file SHA256:  d71bb04e1...[0m
[0;32mI (317) app_init: ESP-IDF:          v5.4-dirty[0m
D (322) cpu_start: calling init function: 0x400d2ec4 on core: 0
[0;32mI (327) efuse_init: Min chip rev:     v0.0[0m
[0;32mI (331) efuse_init: Max chip rev:     v3.99 [0m
[0;32mI (335) efuse_init: Chip rev:         v3.1[0m
D (339) cpu_start: calling init function: 0x400d4c60 on core: 0
V (345) memory_layout: reserved range is 0x3f4166b0 - 0x3f4166f8
D (350) memory_layout: Checking 9 reserved memory ranges:
D (355) memory_layout: Reserved memory range 0x3ff82000 - 0x3ff82000
D (361) memory_layout: Reserved memory range 0x3ffae000 - 0x3ffae6e0
D (367) memory_layout: Reserved memory range 0x3ffb0000 - 0x3ffb39e8
D (374) memory_layout: Reserved memory range 0x3ffe0000 - 0x3ffe0440
D (380) memory_layout: Reserved memory range 0x3ffe3f20 - 0x3ffe4350
D (386) memory_layout: Reserved memory range 0x40070000 - 0x40078000
D (392) memory_layout: Reserved memory range 0x40078000 - 0x40080000
D (398) memory_layout: Reserved memory range 0x40080000 - 0x4008f814
D (404) memory_layout: Reserved memory range 0x50001fe8 - 0x50002000
D (410) memory_layout: Building list of available memory regions:
V (416) memory_layout: Examining memory region 0x3ffae000 - 0x3ffb0000
V (422) memory_layout: Start of region 0x3ffae000 - 0x3ffb0000 overlaps reserved 0x3ffae000 - 0x3ffae6e0
D (431) memory_layout: Available memory region 0x3ffae6e0 - 0x3ffb0000
V (438) memory_layout: Examining memory region 0x3ffb0000 - 0x3ffb8000
V (444) memory_layout: Start of region 0x3ffb0000 - 0x3ffb8000 overlaps reserved 0x3ffb0000 - 0x3ffb39e8
D (453) memory_layout: Available memory region 0x3ffb39e8 - 0x3ffb8000
V (459) memory_layout: Examining memory region 0x3ffb8000 - 0x3ffc0000
D (465) memory_layout: Available memory region 0x3ffb8000 - 0x3ffc0000
V (472) memory_layout: Examining memory region 0x3ffc0000 - 0x3ffc2000
D (478) memory_layout: Available memory region 0x3ffc0000 - 0x3ffc2000
V (484) memory_layout: Examining memory region 0x3ffc2000 - 0x3ffc4000
D (490) memory_layout: Available memory region 0x3ffc2000 - 0x3ffc4000
V (497) memory_layout: Examining memory region 0x3ffc4000 - 0x3ffc6000
D (503) memory_layout: Available memory region 0x3ffc4000 - 0x3ffc6000
V (509) memory_layout: Examining memory region 0x3ffc6000 - 0x3ffc8000
D (515) memory_layout: Available memory region 0x3ffc6000 - 0x3ffc8000
V (522) memory_layout: Examining memory region 0x3ffc8000 - 0x3ffca000
D (528) memory_layout: Available memory region 0x3ffc8000 - 0x3ffca000
V (534) memory_layout: Examining memory region 0x3ffca000 - 0x3ffcc000
D (540) memory_layout: Available memory region 0x3ffca000 - 0x3ffcc000
V (547) memory_layout: Examining memory region 0x3ffcc000 - 0x3ffce000
D (553) memory_layout: Available memory region 0x3ffcc000 - 0x3ffce000
V (559) memory_layout: Examining memory region 0x3ffce000 - 0x3ffd0000
D (565) memory_layout: Available memory region 0x3ffce000 - 0x3ffd0000
V (572) memory_layout: Examining memory region 0x3ffd0000 - 0x3ffd2000
D (578) memory_layout: Available memory region 0x3ffd0000 - 0x3ffd2000
V (584) memory_layout: Examining memory region 0x3ffd2000 - 0x3ffd4000
D (590) memory_layout: Available memory region 0x3ffd2000 - 0x3ffd4000
V (597) memory_layout: Examining memory region 0x3ffd4000 - 0x3ffd6000
D (603) memory_layout: Available memory region 0x3ffd4000 - 0x3ffd6000
V (609) memory_layout: Examining memory region 0x3ffd6000 - 0x3ffd8000
D (615) memory_layout: Available memory region 0x3ffd6000 - 0x3ffd8000
V (622) memory_layout: Examining memory region 0x3ffd8000 - 0x3ffda000
D (628) memory_layout: Available memory region 0x3ffd8000 - 0x3ffda000
V (634) memory_layout: Examining memory region 0x3ffda000 - 0x3ffdc000
D (640) memory_layout: Available memory region 0x3ffda000 - 0x3ffdc000
V (647) memory_layout: Examining memory region 0x3ffdc000 - 0x3ffde000
D (653) memory_layout: Available memory region 0x3ffdc000 - 0x3ffde000
V (659) memory_layout: Examining memory region 0x3ffde000 - 0x3ffe0000
D (665) memory_layout: Available memory region 0x3ffde000 - 0x3ffe0000
V (672) memory_layout: Examining memory region 0x3ffe0000 - 0x3ffe4000
V (678) memory_layout: Start of region 0x3ffe0000 - 0x3ffe4000 overlaps reserved 0x3ffe0000 - 0x3ffe0440
V (687) memory_layout: End of region 0x3ffe0440 - 0x3ffe4000 overlaps reserved 0x3ffe3f20 - 0x3ffe4350
D (696) memory_layout: Available memory region 0x3ffe0440 - 0x3ffe3f20
V (702) memory_layout: Examining memory region 0x3ffe4000 - 0x3ffe8000
V (709) memory_layout: Start of region 0x3ffe4000 - 0x3ffe8000 overlaps reserved 0x3ffe3f20 - 0x3ffe4350
D (718) memory_layout: Available memory region 0x3ffe4350 - 0x3ffe8000
V (724) memory_layout: Examining memory region 0x3ffe8000 - 0x3fff0000
D (730) memory_layout: Available memory region 0x3ffe8000 - 0x3fff0000
V (737) memory_layout: Examining memory region 0x3fff0000 - 0x3fff8000
D (743) memory_layout: Available memory region 0x3fff0000 - 0x3fff8000
V (749) memory_layout: Examining memory region 0x3fff8000 - 0x3fffc000
D (755) memory_layout: Available memory region 0x3fff8000 - 0x3fffc000
V (762) memory_layout: Examining memory region 0x3fffc000 - 0x40000000
D (768) memory_layout: Available memory region 0x3fffc000 - 0x40000000
V (774) memory_layout: Examining memory region 0x40070000 - 0x40078000
V (780) memory_layout: Region 0x40070000 - 0x40078000 inside of reserved 0x40070000 - 0x40078000
V (789) memory_layout: Examining memory region 0x40078000 - 0x40080000
V (795) memory_layout: Region 0x40078000 - 0x40080000 inside of reserved 0x40078000 - 0x40080000
V (804) memory_layout: Examining memory region 0x40080000 - 0x40082000
V (810) memory_layout: Region 0x40080000 - 0x40082000 inside of reserved 0x40080000 - 0x4008f814
V (818) memory_layout: Examining memory region 0x40082000 - 0x40084000
V (825) memory_layout: Region 0x40082000 - 0x40084000 inside of reserved 0x40080000 - 0x4008f814
V (833) memory_layout: Examining memory region 0x40084000 - 0x40086000
V (839) memory_layout: Region 0x40084000 - 0x40086000 inside of reserved 0x40080000 - 0x4008f814
V (848) memory_layout: Examining memory region 0x40086000 - 0x40088000
V (854) memory_layout: Region 0x40086000 - 0x40088000 inside of reserved 0x40080000 - 0x4008f814
V (863) memory_layout: Examining memory region 0x40088000 - 0x4008a000
V (869) memory_layout: Region 0x40088000 - 0x4008a000 inside of reserved 0x40080000 - 0x4008f814
V (877) memory_layout: Examining memory region 0x4008a000 - 0x4008c000
V (884) memory_layout: Region 0x4008a000 - 0x4008c000 inside of reserved 0x40080000 - 0x4008f814
V (892) memory_layout: Examining memory region 0x4008c000 - 0x4008e000
V (898) memory_layout: Region 0x4008c000 - 0x4008e000 inside of reserved 0x40080000 - 0x4008f814
V (907) memory_layout: Examining memory region 0x4008e000 - 0x40090000
V (913) memory_layout: Start of region 0x4008e000 - 0x40090000 overlaps reserved 0x40080000 - 0x4008f814
D (922) memory_layout: Available memory region 0x4008f814 - 0x40090000
V (929) memory_layout: Examining memory region 0x40090000 - 0x40092000
D (935) memory_layout: Available memory region 0x40090000 - 0x40092000
V (941) memory_layout: Examining memory region 0x40092000 - 0x40094000
D (947) memory_layout: Available memory region 0x40092000 - 0x40094000
V (954) memory_layout: Examining memory region 0x40094000 - 0x40096000
D (960) memory_layout: Available memory region 0x40094000 - 0x40096000
V (966) memory_layout: Examining memory region 0x40096000 - 0x40098000
D (972) memory_layout: Available memory region 0x40096000 - 0x40098000
V (979) memory_layout: Examining memory region 0x40098000 - 0x4009a000
D (985) memory_layout: Available memory region 0x40098000 - 0x4009a000
V (991) memory_layout: Examining memory region 0x4009a000 - 0x4009c000
D (997) memory_layout: Available memory region 0x4009a000 - 0x4009c000
V (1004) memory_layout: Examining memory region 0x4009c000 - 0x4009e000
D (1010) memory_layout: Available memory region 0x4009c000 - 0x4009e000
V (1016) memory_layout: Examining memory region 0x4009e000 - 0x400a0000
D (1023) memory_layout: Available memory region 0x4009e000 - 0x400a0000
[0;32mI (1029) heap_init: Initializing. RAM available for dynamic allocation:[0m
D (1036) heap_init: New heap initialised at 0x3ffae6e0
[0;32mI (1040) heap_init: At 3FFAE6E0 len 00001920 (6 KiB): DRAM[0m
D (1045) heap_init: New heap initialised at 0x3ffb39e8
[0;32mI (1050) heap_init: At 3FFB39E8 len 0002C618 (177 KiB): DRAM[0m
[0;32mI (1056) heap_init: At 3FFE0440 len 00003AE0 (14 KiB): D/IRAM[0m
[0;32mI (1061) heap_init: At 3FFE4350 len 0001BCB0 (111 KiB): D/IRAM[0m
D (1067) heap_init: New heap initialised at 0x4008f814
[0;32mI (1072) heap_init: At 4008F814 len 000107EC (65 KiB): IRAM[0m
D (1077) cpu_start: calling init function: 0x400d2b40 on core: 0
D (1083) cpu_start: calling init function: 0x400d5da4 on core: 0
D (1088) cpu_start: calling init function: 0x400d351c on core: 0
V (1094) intr_alloc: esp_intr_alloc_intrstatus (cpu 0): checking args
V (1100) intr_alloc: esp_intr_alloc_intrstatus (cpu 0): Args okay. Resulting flags 0x40E
D (1108) intr_alloc: Connected src 46 to int 1 (cpu 0)
D (1113) cpu_start: calling init function: 0x400d3528 on core: 0
D (1119) cpu_start: calling init function: 0x400d74ac on core: 0
D (1124) cpu_start: calling init function: 0x400d90f4 on core: 0
D (1130) cpu_start: calling init function: 0x400d7e48 on core: 0
D (1136) cpu_start: calling init function: 0x400d5e10 on core: 0
D (1142) cpu_start: calling init function: 0x400d3534 on core: 0
V (1147) memspi: raw_chip_id: 1740C8

V (1151) memspi: chip_id: C84017

V (1154) memspi: raw_chip_id: 1740C8

V (1157) memspi: chip_id: C84017

D (1160) spi_flash: trying chip: issi
D (1164) spi_flash: trying chip: gd
[0;32mI (1167) spi_flash: detected chip: gd[0m
[0;32mI (1170) spi_flash: flash io: dio[0m
[0;33mW (1174) spi_flash: Detected size(8192k) larger than the size in the binary image header(2048k). Using the size in the binary image header.[0m
D (1186) cpu_start: calling init function: 0x400d2f50 on core: 0
D (1191) cpu_start: calling init function: 0x400e2914
D (1196) cpu_start: calling init function: 0x40086c7c
D (1201) cpu_start: calling init function: 0x400d445c
D (1206) cpu_start: calling init function: 0x400d3afc
D (1211) cpu_start: calling init function: 0x400dfd14 on core: 0
V (1216) intr_alloc: esp_intr_alloc_intrstatus (cpu 0): checking args
V (1222) intr_alloc: esp_intr_alloc_intrstatus (cpu 0): Args okay. Resulting flags 0xC02
D (1230) intr_alloc: Connected src 17 to int 2 (cpu 0)
D (1235) cpu_start: calling init function: 0x4010641c on core: 0
D (1241) cpu_start: calling init function: 0x400d3558 on core: 0
V (1247) intr_alloc: esp_intr_alloc_intrstatus (cpu 0): checking args
V (1253) intr_alloc: esp_intr_alloc_intrstatus (cpu 0): Args okay. Resulting flags 0x40E
D (1261) intr_alloc: Connected src 24 to int 3 (cpu 0)
D (1265) app_start: Starting scheduler on CPU0
V (1270) intr_alloc: esp_intr_alloc_intrstatus (cpu 1): checking args
V (1270) intr_alloc: esp_intr_alloc_intrstatus (cpu 1): Args okay. Resulting flags 0x40E
I (D (1280) intr_alloc: Connected src 25 to int 1 (cpu 1)
D (1280) app_start: Starting scheduler on CPU1
1270) main_task: Started on CPU0
D (1300) heap_init: New heap initialised at 0x3ffe0440
D (1300) heap_init: New heap initialised at 0x3ffe4350
V (1300) intr_alloc: esp_intr_alloc_intrstatus (cpu 0): checking args
V (1310) intr_alloc: esp_intr_alloc_intrstatus (cpu 0): Args okay. Resulting flags 0xE
D (1310) intr_alloc: Connected src 16 to int 5 (cpu 0)
[0;32mI (1320) main_task: Calling app_main()[0m
V (1320) intr_alloc: esp_intr_alloc_intrstatus (cpu 0): checking args
V (1330) intr_alloc: esp_intr_alloc_intrstatus (cpu 0): Args okay. Resulting flags 0xE
D (1340) intr_alloc: Connected src 38 to int 8 (cpu 0)
D (1340) clk_ctrl_os: APLL will working at 50000000 Hz with coefficients [sdm0] 0 [sdm1] 0 [sdm2] 6 [o_div] 2
[0;32mI (1450) esp.emac: PHY Power State: 1 (Expected: 1)[0m
[0;32mI (1450) esp.emac: CLK Power State: 0 (Expected: 1)[0m
D (1460) efuse: BLK0 REG2 [8-15], len=8 bits
D (1460) efuse: BLK0 REG2 [0-7], len=8 bits
D (1460) efuse: BLK0 REG1 [24-31], len=8 bits
D (1460) efuse: BLK0 REG1 [16-23], len=8 bits
D (1460) efuse: BLK0 REG1 [8-15], len=8 bits
D (1470) efuse: BLK0 REG1 [0-7], len=8 bits
D (1470) efuse: BLK0 REG2 [16-23], len=8 bits
[1;31mE (1480) eth_phy_802_3: No PHY device detected[0m
[1;31mE (1480) eth_phy_802_3: esp_eth_phy_802_3_basic_phy_init(536): Detect PHY address failed[0m
[1;31mE (1490) lan87xx: lan87xx_init(339): failed to init PHY[0m
[1;31mE (1490) esp_eth: esp_eth_driver_install(229): init phy failed[0m
[1;31mE (1500) ETH: eth_init_internal(574): Ethernet driver install failed[0m
V (1500) intr_alloc: esp_intr_free: Disabling int, killing handler
[0;32mI (1510) gpio: GPIO[17]| InputEn: 0| OutputEn: 0| OpenDrain: 0| Pullup: 1| Pulldown: 0| Intr:0 [0m
[0;32mI (1520) gpio: GPIO[18]| InputEn: 0| OutputEn: 0| OpenDrain: 0| Pullup: 1| Pulldown: 0| Intr:0 [0m
[0;32mI (1520) gpio: GPIO[19]| InputEn: 0| OutputEn: 0| OpenDrain: 0| Pullup: 1| Pulldown: 0| Intr:0 [0m
[0;32mI (1530) gpio: GPIO[21]| InputEn: 0| OutputEn: 0| OpenDrain: 0| Pullup: 1| Pulldown: 0| Intr:0 [0m
[0;32mI (1540) gpio: GPIO[22]| InputEn: 0| OutputEn: 0| OpenDrain: 0| Pullup: 1| Pulldown: 0| Intr:0 [0m
[0;32mI (1550) gpio: GPIO[23]| InputEn: 0| OutputEn: 0| OpenDrain: 0| Pullup: 1| Pulldown: 0| Intr:0 [0m
[0;32mI (1560) gpio: GPIO[25]| InputEn: 0| OutputEn: 0| OpenDrain: 0| Pullup: 1| Pulldown: 0| Intr:0 [0m
[0;32mI (1570) gpio: GPIO[26]| InputEn: 0| OutputEn: 0| OpenDrain: 0| Pullup: 1| Pulldown: 0| Intr:0 [0m
[0;32mI (1580) gpio: GPIO[27]| InputEn: 0| OutputEn: 0| OpenDrain: 0| Pullup: 1| Pulldown: 0| Intr:0 [0m
D (1580) esp_netif_lwip: LwIP stack has been initialized
D (1590) esp_netif_lwip: esp-netif has been successfully initialized
D (1590) event: running task for loop 0x3ffb7c2c
D (1600) event: created task for loop 0x3ffb7c2c
D (1600) event: created event loop 0x3ffb7c2c
D (1610) esp_netif_lwip: check: remote, if=0x3ffb5c40 fn=0x400f9e9c
V (1610) esp_netif_objects: esp_netif_add_to_list_unsafe 0x3ffb8b6c
D (1620) esp_netif_objects: esp_netif_add_to_list_unsafe netif added successfully (total netifs: 1)
D (1630) esp_netif_lwip: call api in lwip: ret=0x0, give sem
[1;31mE (1630) esp_eth: esp_eth_increase_reference(566): ethernet driver handle can't be null[0m
[1;31mE (1640) esp_eth: esp_eth_update_input_path(374): ethernet driver handle can't be null[0m
[1;31mE (1650) esp_eth: esp_eth_ioctl(442): ethernet driver handle can't be null[0m
[0;32mI (1660) esp_eth.netif.netif_glue: 7c:af:0d:40:3c:8d[0m
D (1660) esp_netif_lwip: check: remote, if=0x3ffb8b6c fn=0x400f95b0
D (1670) esp_netif_lwip: call api in lwip: ret=0x0, give sem
[0;32mI (1670) esp_eth.netif.netif_glue: ethernet attached to netif[0m
D (1680) esp_netif_lwip: check: remote, if=0x3ffb8b6c fn=0x400f9a1c
D (1680) esp_netif_lwip: esp_netif_dhcpc_stop_api esp_netif:0x3ffb8b6c
D (1690) esp_netif_lwip: dhcp client stop successfully
D (1690) esp_netif_lwip: call api in lwip: ret=0x0, give sem
D (1700) esp_netif_lwip: check: remote, if=0x3ffb8b6c fn=0x400fa40c
D (1710) esp_netif_lwip: esp_netif_set_ip_info_api esp_netif:0x3ffb8b6c
D (1710) esp_netif_lwip: call api in lwip: ret=0x0, give sem
[0;32mI (1720) ETH: Succeeded to set static IP info[0m
[0;32mI (1720) ETH: Registering ESP_EVENT_ANY_ID handlers...[0m
[0;32mI (1730) ETH: Registering IP_EVENT_ETH_GOT_IP handlers...[0m
[0;32mI (1730) ETH: Registering ESP_NETIF_IP_EVENT_GOT_IP handlers...[0m
[1;31mE (1740) esp_eth: Ethernet driver handle is NULL.[0m
ESP_ERROR_CHECK failed: esp_err_t 0x102 (ESP_ERR_INVALID_ARG) at 0x400d9cce
file: "./main/network_node.c" line 644
func: ethernet_setup
expression: esp_eth_start(eth_handle)

abort() was called at PC 0x400871a7 on core 0


Backtrace: 0x40081e6d:0x3ffb5b90 0x400871b1:0x3ffb5bb0 0x4008dfa9:0x3ffb5bd0 0x400871a7:0x3ffb5c40 0x400d9cce:0x3ffb5c70 0x400d9d43:0x3ffb5cb0 0x4010880b:0x3ffb5ce0 0x40087b99:0x3ffb5d10




ELF file SHA256: d71bb04e1

Rebooting...
ets Jul 29 2019 12:21:46

rst:0xc (SW_CPU_RESET),boot:0x13 (SPI_FAST_FLASH_BOOT)
configsip: 0, SPIWP:0xee
clk_drv:0x00,q_drv:0x00,d_drv:0x00,cs0_drv:0x00,hd_drv:0x00,wp_drv:0x00
mode:DIO, clock div:2
load:0x3fff0030,len:6276
load:0x40078000,len:15716
load:0x40080400,len:4
ho 8 tail 4 room 4
load:0x40080404,len:3860
entry 0x4008063c
[0;32mI (31) boot: ESP-IDF v5.4-dirty 2nd stage bootloader[0m
[0;32mI (31) boot: compile time Mar  4 2025 22:58:18[0m
[0;32mI (31) boot: Multicore bootloader[0m
[0;32mI (33) boot: chip revision: v3.1[0m
[0;32mI (36) boot.esp32: SPI Speed      : 40MHz[0m
[0;32mI (39) boot.esp32: SPI Mode       : DIO[0m
[0;32mI (43) boot.esp32: SPI Flash Size : 2MB[0m
[0;32mI (46) boot: Enabling RNG early entropy source...[0m
[0;32mI (51) boot: Partition Table:[0m
[0;32mI (53) boot: ## Label            Usage          Type ST Offset   Length[0m
[0;32mI (60) boot:  0 nvs              WiFi data        01 02 00009000 00006000[0m
[0;32mI (66) boot:  1 phy_init         RF data          01 01 0000f000 00001000[0m
[0;32mI (73) boot:  2 factory          factory app      00 00 00010000 00100000[0m
[0;32mI (79) boot: End of partition table[0m
[0;32mI (83) esp_image: segment 0: paddr=00010020 vaddr=3f400020 size=16768h ( 92008) map[0m
[0;32mI (122) esp_image: segment 1: paddr=00026790 vaddr=3ff80000 size=0001ch (    28) load[0m
[0;32mI (122) esp_image: segment 2: paddr=000267b4 vaddr=3ffb0000 size=026bch (  9916) load[0m
[0;32mI (129) esp_image: segment 3: paddr=00028e78 vaddr=40080000 size=071a0h ( 29088) load[0m
[0;32mI (144) esp_image: segment 4: paddr=00030020 vaddr=400d0020 size=38ed0h (233168) map[0m
[0;32mI (224) esp_image: segment 5: paddr=00068ef8 vaddr=400871a0 size=08674h ( 34420) load[0m
[0;32mI (245) boot: Loaded app from partition at offset 0x10000[0m
[0;32mI (245) boot: Disabling RNG early entropy source...[0m
V (256) mmap: after coalescing, 3 regions are left
[0;32mI (256) cpu_start: Multicore app[0m
D (256) cpu_start: Pro cpu up
D (256) cpu_start: Starting app cpu, entry point is 0x40081558
D (247) cpu_start: App cpu up
D (269) clk: RTC_SLOW_CLK calibration value: 3075533
D (281) cpu_start: calling init function: 0x400d2eb0 on core: 0
D (281) cpu_start: calling init function: 0x400d34d8 on core: 0
[0;32mI (283) cpu_start: Pro cpu start user code[0m
[0;32mI (286) cpu_start: cpu freq: 160000000 Hz[0m
D (290) cpu_start: calling init function: 0x400d2df0 on core: 0
[0;32mI (296) app_init: Application information:[0m
[0;32mI (300) app_init: Project name:     spi_test[0m
[0;32mI (304) app_init: App version:      25fcd45-dirty[0m
[0;32mI (308) app_init: Compile time:     Mar  4 2025 22:57:29[0m
[0;32mI (313) app_init: ELF file SHA256:  d71bb04e1...[0m
[0;32mI (317) app_init: ESP-IDF:          v5.4-dirty[0m
D (322) cpu_start: calling init function: 0x400d2ec4 on core: 0
[0;32mI (327) efuse_init: Min chip rev:     v0.0[0m
[0;32mI (331) efuse_init: Max chip rev:     v3.99 [0m
[0;32mI (335) efuse_init: Chip rev:         v3.1[0m
D (339) cpu_start: calling init function: 0x400d4c60 on core: 0
V (345) memory_layout: reserved range is 0x3f4166b0 - 0x3f4166f8
D (350) memory_layout: Checking 9 reserved memory ranges:
D (355) memory_layout: Reserved memory range 0x3ff82000 - 0x3ff82000
D (361) memory_layout: Reserved memory range 0x3ffae000 - 0x3ffae6e0
D (367) memory_layout: Reserved memory range 0x3ffb0000 - 0x3ffb39e8
D (374) memory_layout: Reserved memory range 0x3ffe0000 - 0x3ffe0440
D (380) memory_layout: Reserved memory range 0x3ffe3f20 - 0x3ffe4350
D (386) memory_layout: Reserved memory range 0x40070000 - 0x40078000
D (392) memory_layout: Reserved memory range 0x40078000 - 0x40080000
D (398) memory_layout: Reserved memory range 0x40080000 - 0x4008f814
D (404) memory_layout: Reserved memory range 0x50001fe8 - 0x50002000
D (410) memory_layout: Building list of available memory regions:
V (416) memory_layout: Examining memory region 0x3ffae000 - 0x3ffb0000
V (422) memory_layout: Start of region 0x3ffae000 - 0x3ffb0000 overlaps reserved 0x3ffae000 - 0x3ffae6e0
D (431) memory_layout: Available memory region 0x3ffae6e0 - 0x3ffb0000
V (438) memory_layout: Examining memory region 0x3ffb0000 - 0x3ffb8000
V (444) memory_layout: Start of region 0x3ffb0000 - 0x3ffb8000 overlaps reserved 0x3ffb0000 - 0x3ffb39e8
D (453) memory_layout: Available memory region 0x3ffb39e8 - 0x3ffb8000
V (459) memory_layout: Examining memory region 0x3ffb8000 - 0x3ffc0000
D (465) memory_layout: Available memory region 0x3ffb8000 - 0x3ffc0000
V (472) memory_layout: Examining memory region 0x3ffc0000 - 0x3ffc2000
D (478) memory_layout: Available memory region 0x3ffc0000 - 0x3ffc2000
V (484) memory_layout: Examining memory region 0x3ffc2000 - 0x3ffc4000
D (490) memory_layout: Available memory region 0x3ffc2000 - 0x3ffc4000
V (497) memory_layout: Examining memory region 0x3ffc4000 - 0x3ffc6000
D (503) memory_layout: Available memory region 0x3ffc4000 - 0x3ffc6000
V (509) memory_layout: Examining memory region 0x3ffc6000 - 0x3ffc8000
D (515) memory_layout: Available memory region 0x3ffc6000 - 0x3ffc8000
V (522) memory_layout: Examining memory region 0x3ffc8000 - 0x3ffca000
D (528) memory_layout: Available memory region 0x3ffc8000 - 0x3ffca000
V (534) memory_layout: Examining memory region 0x3ffca000 - 0x3ffcc000
D (540) memory_layout: Available memory region 0x3ffca000 - 0x3ffcc000
V (547) memory_layout: Examining memory region 0x3ffcc000 - 0x3ffce000
D (553) memory_layout: Available memory region 0x3ffcc000 - 0x3ffce000
V (559) memory_layout: Examining memory region 0x3ffce000 - 0x3ffd0000
D (565) memory_layout: Available memory region 0x3ffce000 - 0x3ffd0000
V (572) memory_layout: Examining memory region 0x3ffd0000 - 0x3ffd2000
D (578) memory_layout: Available memory region 0x3ffd0000 - 0x3ffd2000
V (584) memory_layout: Examining memory region 0x3ffd2000 - 0x3ffd4000
D (590) memory_layout: Available memory region 0x3ffd2000 - 0x3ffd4000
V (597) memory_layout: Examining memory region 0x3ffd4000 - 0x3ffd6000
D (603) memory_layout: Available memory region 0x3ffd4000 - 0x3ffd6000
V (609) memory_layout: Examining memory region 0x3ffd6000 - 0x3ffd8000
D (615) memory_layout: Available memory region 0x3ffd6000 - 0x3ffd8000
V (622) memory_layout: Examining memory region 0x3ffd8000 - 0x3ffda000
D (628) memory_layout: Available memory region 0x3ffd8000 - 0x3ffda000
V (634) memory_layout: Examining memory region 0x3ffda000 - 0x3ffdc000
D (640) memory_layout: Available memory region 0x3ffda000 - 0x3ffdc000
V (647) memory_layout: Examining memory region 0x3ffdc000 - 0x3ffde000
D (653) memory_layout: Available memory region 0x3ffdc000 - 0x3ffde000
V (659) memory_layout: Examining memory region 0x3ffde000 - 0x3ffe0000
D (665) memory_layout: Available memory region 0x3ffde000 - 0x3ffe0000
V (672) memory_layout: Examining memory region 0x3ffe0000 - 0x3ffe4000
V (678) memory_layout: Start of region 0x3ffe0000 - 0x3ffe4000 overlaps reserved 0x3ffe0000 - 0x3ffe0440
V (687) memory_layout: End of region 0x3ffe0440 - 0x3ffe4000 overlaps reserved 0x3ffe3f20 - 0x3ffe4350
D (696) memory_layout: Available memory region 0x3ffe0440 - 0x3ffe3f20
V (702) memory_layout: Examining memory region 0x3ffe4000 - 0x3ffe8000
V (709) memory_layout: Start of region 0x3ffe4000 - 0x3ffe8000 overlaps reserved 0x3ffe3f20 - 0x3ffe4350
D (718) memory_layout: Available memory region 0x3ffe4350 - 0x3ffe8000
V (724) memory_layout: Examining memory region 0x3ffe8000 - 0x3fff0000
D (730) memory_layout: Available memory region 0x3ffe8000 - 0x3fff0000
V (737) memory_layout: Examining memory region 0x3fff0000 - 0x3fff8000
D (743) memory_layout: Available memory region 0x3fff0000 - 0x3fff8000
V (749) memory_layout: Examining memory region 0x3fff8000 - 0x3fffc000
D (755) memory_layout: Available memory region 0x3fff8000 - 0x3fffc000
V (762) memory_layout: Examining memory region 0x3fffc000 - 0x40000000
D (768) memory_layout: Available memory region 0x3fffc000 - 0x40000000
V (774) memory_layout: Examining memory region 0x40070000 - 0x40078000
V (780) memory_layout: Region 0x40070000 - 0x40078000 inside of reserved 0x40070000 - 0x40078000
V (789) memory_layout: Examining memory region 0x40078000 - 0x40080000
V (795) memory_layout: Region 0x40078000 - 0x40080000 inside of reserved 0x40078000 - 0x40080000
V (804) memory_layout: Examining memory region 0x40080000 - 0x40082000
V (810) memory_layout: Region 0x40080000 - 0x40082000 inside of reserved 0x40080000 - 0x4008f814
V (818) memory_layout: Examining memory region 0x40082000 - 0x40084000
V (825) memory_layout: Region 0x40082000 - 0x40084000 inside of reserved 0x40080000 - 0x4008f814
V (833) memory_layout: Examining memory region 0x40084000 - 0x40086000
V (839) memory_layout: Region 0x40084000 - 0x40086000 inside of reserved 0x40080000 - 0x4008f814
V (848) memory_layout: Examining memory region 0x40086000 - 0x40088000
V (854) memory_layout: Region 0x40086000 - 0x40088000 inside of reserved 0x40080000 - 0x4008f814
V (863) memory_layout: Examining memory region 0x40088000 - 0x4008a000
V (869) memory_layout: Region 0x40088000 - 0x4008a000 inside of reserved 0x40080000 - 0x4008f814
V (877) memory_layout: Examining memory region 0x4008a000 - 0x4008c000
V (884) memory_layout: Region 0x4008a000 - 0x4008c000 inside of reserved 0x40080000 - 0x4008f814
V (892) memory_layout: Examining memory region 0x4008c000 - 0x4008e000
V (898) memory_layout: Region 0x4008c000 - 0x4008e000 inside of reserved 0x40080000 - 0x4008f814
V (907) memory_layout: Examining memory region 0x4008e000 - 0x40090000
V (913) memory_layout: Start of region 0x4008e000 - 0x40090000 overlaps reserved 0x40080000 - 0x4008f814
D (922) memory_layout: Available memory region 0x4008f814 - 0x40090000
V (929) memory_layout: Examining memory region 0x40090000 - 0x40092000
D (935) memory_layout: Available memory region 0x40090000 - 0x40092000
V (941) memory_layout: Examining memory region 0x40092000 - 0x40094000
D (947) memory_layout: Available memory region 0x40092000 - 0x40094000
V (954) memory_layout: Examining memory region 0x40094000 - 0x40096000
D (960) memory_layout: Available memory region 0x40094000 - 0x40096000
V (966) memory_layout: Examining memory region 0x40096000 - 0x40098000
D (972) memory_layout: Available memory region 0x40096000 - 0x40098000
V (979) memory_layout: Examining memory region 0x40098000 - 0x4009a000
D (985) memory_layout: Available memory region 0x40098000 - 0x4009a000
V (991) memory_layout: Examining memory region 0x4009a000 - 0x4009c000
D (997) memory_layout: Available memory region 0x4009a000 - 0x4009c000
V (1004) memory_layout: Examining memory region 0x4009c000 - 0x4009e000
D (1010) memory_layout: Available memory region 0x4009c000 - 0x4009e000
V (1016) memory_layout: Examining memory region 0x4009e000 - 0x400a0000
D (1023) memory_layout: Available memory region 0x4009e000 - 0x400a0000
[0;32mI (1029) heap_init: Initializing. RAM available for dynamic allocation:[0m
D (1036) heap_init: New heap initialised at 0x3ffae6e0
[0;32mI (1040) heap_init: At 3FFAE6E0 len 00001920 (6 KiB): DRAM[0m
D (1045) heap_init: New heap initialised at 0x3ffb39e8
[0;32mI (1050) heap_init: At 3FFB39E8 len 0002C618 (177 KiB): DRAM[0m
[0;32mI (1056) heap_init: At 3FFE0440 len 00003AE0 (14 KiB): D/IRAM[0m
[0;32mI (1061) heap_init: At 3FFE4350 len 0001BCB0 (111 KiB): D/IRAM[0m
D (1067) heap_init: New heap initialised at 0x4008f814
[0;32mI (1072) heap_init: At 4008F814 len 000107EC (65 KiB): IRAM[0m
D (1077) cpu_start: calling init function: 0x400d2b40 on core: 0
D (1083) cpu_start: calling init function: 0x400d5da4 on core: 0
D (1088) cpu_start: calling init function: 0x400d351c on core: 0
V (1094) intr_alloc: esp_intr_alloc_intrstatus (cpu 0): checking args
V (1100) intr_alloc: esp_intr_alloc_intrstatus (cpu 0): Args okay. Resulting flags 0x40E
D (1108) intr_alloc: Connected src 46 to int 1 (cpu 0)
D (1113) cpu_start: calling init function: 0x400d3528 on core: 0
D (1119) cpu_start: calling init function: 0x400d74ac on core: 0
D (1124) cpu_start: calling init function: 0x400d90f4 on core: 0
D (1130) cpu_start: calling init function: 0x400d7e48 on core: 0
D (1136) cpu_start: calling init function: 0x400d5e10 on core: 0
D (1142) cpu_start: calling init function: 0x400d3534 on core: 0
V (1147) memspi: raw_chip_id: 1740C8

V (1151) memspi: chip_id: C84017

V (1154) memspi: raw_chip_id: 1740C8

V (1157) memspi: chip_id: C84017

D (1160) spi_flash: trying chip: issi
D (1164) spi_flash: trying chip: gd
[0;32mI (1167) spi_flash: detected chip: gd[0m
[0;32mI (1170) spi_flash: flash io: dio[0m
[0;33mW (1174) spi_flash: Detected size(8192k) larger than the size in the binary image header(2048k). Using the size in the binary image header.[0m
D (1186) cpu_start: calling init function: 0x400d2f50 on core: 0
D (1191) cpu_start: calling init function: 0x400e2914
D (1196) cpu_start: calling init function: 0x40086c7c
D (1201) cpu_start: calling init function: 0x400d445c
D (1206) cpu_start: calling init function: 0x400d3afc
D (1211) cpu_start: calling init function: 0x400dfd14 on core: 0
V (1216) intr_alloc: esp_intr_alloc_intrstatus (cpu 0): checking args
V (1222) intr_alloc: esp_intr_alloc_intrstatus (cpu 0): Args okay. Resulting flags 0xC02
D (1230) intr_alloc: Connected src 17 to int 2 (cpu 0)
D (1235) cpu_start: calling init function: 0x4010641c on core: 0
D (1241) cpu_start: calling init function: 0x400d3558 on core: 0
V (1247) intr_alloc: esp_intr_alloc_intrstatus (cpu 0): checking args
V (1253) intr_alloc: esp_intr_alloc_intrstatus (cpu 0): Args okay. Resulting flags 0x40E
D (1261) intr_alloc: Connected src 24 to int 3 (cpu 0)
D (1265) app_start: Starting scheduler on CPU0
V (1270) intr_alloc: esp_intr_alloc_intrstatus (cpu 1): checking args
V (1270) intr_alloc: esp_intr_alloc_intrstatus (cpu 1): Args okay. Resulting flags 0x40E
I (D (1280) intr_alloc: Connected src 25 to int 1 (cpu 1)
D (1280) app_start: Starting scheduler on CPU1
1270) main_task: Started on CPU0
D (1300) heap_init: New heap initialised at 0x3ffe0440
D (1300) heap_init: New heap initialised at 0x3ffe4350
V (1300) intr_alloc: esp_intr_alloc_intrstatus (cpu 0): checking args
V (1310) intr_alloc: esp_intr_alloc_intrstatus (cpu 0): Args okay. Resulting flags 0xE
D (1310) intr_alloc: Connected src 16 to int 5 (cpu 0)
[0;32mI (1320) main_task: Calling app_main()[0m
V (1320) intr_alloc: esp_intr_alloc_intrstatus (cpu 0): checking args
V (1330) intr_alloc: esp_intr_alloc_intrstatus (cpu 0): Args okay. Resulting flags 0xE
D (1340) intr_alloc: Connected src 38 to int 8 (cpu 0)
D (1340) clk_ctrl_os: APLL will working at 50000000 Hz with coefficients [sdm0] 0 [sdm1] 0 [sdm2] 6 [o_div] 2
[0;32mI (1450) esp.emac: PHY Power State: 1 (Expected: 1)[0m
[0;32mI (1450) esp.emac: CLK Power State: 0 (Expected: 1)[0m
D (1460) efuse: BLK0 REG2 [8-15], len=8 bits
D (1460) efuse: BLK0 REG2 [0-7], len=8 bits
D (1460) efuse: BLK0 REG1 [24-31], len=8 bits
D (1460) efuse: BLK0 REG1 [16-23], len=8 bits
D (1460) efuse: BLK0 REG1 [8-15], len=8 bits
D (1470) efuse: BLK0 REG1 [0-7], len=8 bits
D (1470) efuse: BLK0 REG2 [16-23], len=8 bits
[1;31mE (1480) eth_phy_802_3: No PHY device detected[0m
[1;31mE (1480) eth_phy_802_3: esp_eth_phy_802_3_basic_phy_init(536): Detect PHY address failed[0m
[1;31mE (1490) lan87xx: lan87xx_init(339): failed to init PHY[0m
[1;31mE (1490) esp_eth: esp_eth_driver_install(229): init phy failed[0m
[1;31mE (1500) ETH: eth_init_internal(574): Ethernet driver install failed[0m
V (1500) intr_alloc: esp_intr_free: Disabling int, killing handler
[0;32mI (1510) gpio: GPIO[17]| InputEn: 0| OutputEn: 0| OpenDrain: 0| Pullup: 1| Pulldown: 0| Intr:0 [0m
[0;32mI (1520) gpio: GPIO[18]| InputEn: 0| OutputEn: 0| OpenDrain: 0| Pullup: 1| Pulldown: 0| Intr:0 [0m
[0;32mI (1520) gpio: GPIO[19]| InputEn: 0| OutputEn: 0| OpenDrain: 0| Pullup: 1| Pulldown: 0| Intr:0 [0m
[0;32mI (1530) gpio: GPIO[21]| InputEn: 0| OutputEn: 0| OpenDrain: 0| Pullup: 1| Pulldown: 0| Intr:0 [0m
[0;32mI (1540) gpio: GPIO[22]| InputEn: 0| OutputEn: 0| OpenDrain: 0| Pullup: 1| Pulldown: 0| Intr:0 [0m
[0;32mI (1550) gpio: GPIO[23]| InputEn: 0| OutputEn: 0| OpenDrain: 0| Pullup: 1| Pulldown: 0| Intr:0 [0m
[0;32mI (1560) gpio: GPIO[25]| InputEn: 0| OutputEn: 0| OpenDrain: 0| Pullup: 1| Pulldown: 0| Intr:0 [0m
[0;32mI (1570) gpio: GPIO[26]| InputEn: 0| OutputEn: 0| OpenDrain: 0| Pullup: 1| Pulldown: 0| Intr:0 [0m
[0;32mI (1580) gpio: GPIO[27]| InputEn: 0| OutputEn: 0| OpenDrain: 0| Pullup: 1| Pulldown: 0| Intr:0 [0m
D (1580) esp_netif_lwip: LwIP stack has been initialized
D (1590) esp_netif_lwip: esp-netif has been successfully initialized
D (1590) event: running task for loop 0x3ffb7c2c
D (1600) event: created task for loop 0x3ffb7c2c
D (1600) event: created event loop 0x3ffb7c2c
D (1610) esp_netif_lwip: check: remote, if=0x3ffb5c40 fn=0x400f9e9c
V (1610) esp_netif_objects: esp_netif_add_to_list_unsafe 0x3ffb8b6c
D (1620) esp_netif_objects: esp_netif_add_to_list_unsafe netif added successfully (total netifs: 1)
D (1630) esp_netif_lwip: call api in lwip: ret=0x0, give sem
[1;31mE (1630) esp_eth: esp_eth_increase_reference(566): ethernet driver handle can't be null[0m
[1;31mE (1640) esp_eth: esp_eth_update_input_path(374): ethernet driver handle can't be null[0m
[1;31mE (1650) esp_eth: esp_eth_ioctl(442): ethernet driver handle can't be null[0m
[0;32mI (1660) esp_eth.netif.netif_glue: 7c:af:0d:40:3c:8d[0m
D (1660) esp_netif_lwip: check: remote, if=0x3ffb8b6c fn=0x400f95b0
D (1670) esp_netif_lwip: call api in lwip: ret=0x0, give sem
[0;32mI (1670) esp_eth.netif.netif_glue: ethernet attached to netif[0m
D (1680) esp_netif_lwip: check: remote, if=0x3ffb8b6c fn=0x400f9a1c
D (1680) esp_netif_lwip: esp_netif_dhcpc_stop_api esp_netif:0x3ffb8b6c
D (1690) esp_netif_lwip: dhcp client stop successfully
D (1690) esp_netif_lwip: call api in lwip: ret=0x0, give sem
D (1700) esp_netif_lwip: check: remote, if=0x3ffb8b6c fn=0x400fa40c
D (1710) esp_netif_lwip: esp_netif_set_ip_info_api esp_netif:0x3ffb8b6c
D (1710) esp_netif_lwip: call api in lwip: ret=0x0, give sem
[0;32mI (1720) ETH: Succeeded to set static IP info[0m
[0;32mI (1720) ETH: Registering ESP_EVENT_ANY_ID handlers...[0m
[0;32mI (1730) ETH: Registering IP_EVENT_ETH_GOT_IP handlers...[0m
[0;32mI (1730) ETH: Registering ESP_NETIF_IP_EVENT_GOT_IP handlers...[0m
[1;31mE (1740) esp_eth: Ethernet driver handle is NULL.[0m
ESP_ERROR_CHECK failed: esp_err_t 0x102 (ESP_ERR_INVALID_ARG) at 0x400d9cce
file: "./main/network_node.c" line 644
func: ethernet_setup
expression: esp_eth_start(eth_handle)

abort() was called at PC 0x400871a7 on core 0


Backtrace: 0x40081e6d:0x3ffb5b90 0x400871b1:0x3ffb5bb0 0x4008dfa9:0x3ffb5bd0 0x400871a7:0x3ffb5c40 0x400d9cce:0x3ffb5c70 0x400d9d43:0x3ffb5cb0 0x4010880b:0x3ffb5ce0 0x40087b99:0x3ffb5d10




ELF file SHA256: d71bb04e1

Rebooting...
ets Jul 29 2019 12:21:46

rst:0xc (SW_CPU_RESET),boot:0x13 (SPI_FAST_FLASH_BOOT)
configsip: 0, SPIWP:0xee
clk_drv:0x00,q_drv:0x00,d_drv:0x00,cs0_drv:0x00,hd_drv:0x00,wp_drv:0x00
mode:DIO, clock div:2
load:0x3fff0030,len:6276
load:0x40078000,len:15716
load:0x40080400,len:4
ho 8 tail 4 room 4
load:0x40080404,len:3860
entry 0x4008063c
[0;32mI (31) boot: ESP-IDF v5.4-dirty 2nd stage bootloader[0m
[0;32mI (31) boot: compile time Mar  4 2025 22:58:18[0m
[0;32mI (31) boot: Multicore bootloader[0m
[0;32mI (33) boot: chip revision: v3.1[0m
[0;32mI (36) boot.esp32: SPI Speed      : 40MHz[0m
[0;32mI (39) boot.esp32: SPI Mode       : DIO[0m
[0;32mI (43) boot.esp32: SPI Flash Size : 2MB[0m
[0;32mI (46) boot: Enabling RNG early entropy source...[0m
[0;32mI (51) boot: Partition Table:[0m
[0;32mI (53) boot: ## Label            Usage          Type ST Offset   Length[0m
[0;32mI (60) boot:  0 nvs              WiFi data        01 02 00009000 00006000[0m
[0;32mI (66) boot:  1 phy_init         RF data          01 01 0000f000 00001000[0m
[0;32mI (73) boot:  2 factory          factory app      00 00 00010000 00100000[0m
[0;32mI (79) boot: End of partition table[0m
[0;32mI (83) esp_image: segment 0: paddr=00010020 vaddr=3f400020 size=16768h ( 92008) map[0m
[0;32mI (122) esp_image: segment 1: paddr=00026790 vaddr=3ff80000 size=0001ch (    28) load[0m
[0;32mI (122) esp_image: segment 2: paddr=000267b4 vaddr=3ffb0000 size=026bch (  9916) load[0m
[0;32mI (129) esp_image: segment 3: paddr=00028e78 vaddr=40080000 size=071a0h ( 29088) load[0m
[0;32mI (144) esp_image: segment 4: paddr=00030020 vaddr=400d0020 size=38ed0h (233168) map[0m
[0;32mI (224) esp_image: segment 5: paddr=00068ef8 vaddr=400871a0 size=08674h ( 34420) load[0m
[0;32mI (245) boot: Loaded app from partition at offset 0x10000[0m
[0;32mI (245) boot: Disabling RNG early entropy source...[0m
V (256) mmap: after coalescing, 3 regions are left
[0;32mI (256) cpu_start: Multicore app[0m
D (256) cpu_start: Pro cpu up
D (256) cpu_start: Starting app cpu, entry point is 0x40081558
D (247) cpu_start: App cpu up
D (269) clk: RTC_SLOW_CLK calibration value: 3076570
D (281) cpu_start: calling init function: 0x400d2eb0 on core: 0
D (281) cpu_start: calling init function: 0x400d34d8 on core: 0
[0;32mI (283) cpu_start: Pro cpu start user code[0m
[0;32mI (286) cpu_start: cpu freq: 160000000 Hz[0m
D (290) cpu_start: calling init function: 0x400d2df0 on core: 0
[0;32mI (296) app_init: Application information:[0m
[0;32mI (300) app_init: Project name:     spi_test[0m
[0;32mI (304) app_init: App version:      25fcd45-dirty[0m
[0;32mI (308) app_init: Compile time:     Mar  4 2025 22:57:29[0m
[0;32mI (313) app_init: ELF file SHA256:  d71bb04e1...[0m
[0;32mI (317) app_init: ESP-IDF:          v5.4-dirty[0m
