ets Jul 29 2019 12:21:46

rst:0x1 (POWERON_RESET),boot:0x13 (SPI_FAST_FLASH_BOOT)
configsip: 0, SPIWP:0xee
clk_drv:0x00,q_drv:0x00,d_drv:0x00,cs0_drv:0x00,hd_drv:0x00,wp_drv:0x00
mode:DIO, clock div:2
load:0x3fff0030,len:6276
load:0x40078000,len:15716
load:0x40080400,len:4
ho 8 tail 4 room 4
load:0x40080404,len:3860
entry 0x4008063c
[0;32mI (31) boot: ESP-IDF v5.4-dirty 2nd stage bootloader[0m
[0;32mI (31) boot: compile time Mar  4 2025 22:58:18[0m
[0;32mI (31) boot: Multicore bootloader[0m
[0;32mI (33) boot: chip revision: v3.1[0m
[0;32mI (36) boot.esp32: SPI Speed      : 40MHz[0m
[0;32mI (39) boot.esp32: SPI Mode       : DIO[0m
[0;32mI (43) boot.esp32: SPI Flash Size : 2MB[0m
[0;32mI (47) boot: Enabling RNG early entropy source...[0m
[0;32mI (51) boot: Partition Table:[0m
[0;32mI (54) boot: ## Label            Usage          Type ST Offset   Length[0m
[0;32mI (60) boot:  0 nvs              WiFi data        01 02 00009000 00006000[0m
[0;32mI (66) boot:  1 phy_init         RF data          01 01 0000f000 00001000[0m
[0;32mI (73) boot:  2 factory          factory app      00 00 00010000 00100000[0m
[0;32mI (80) boot: End of partition table[0m
[0;32mI (83) esp_image: segment 0: paddr=00010020 vaddr=3f400020 size=0ac04h ( 44036) map[0m
[0;32mI (105) esp_image: segment 1: paddr=0001ac2c vaddr=3ff80000 size=0001ch (    28) load[0m
[0;32mI (106) esp_image: segment 2: paddr=0001ac50 vaddr=3ffb0000 size=02c4ch ( 11340) load[0m
[0;32mI (113) esp_image: segment 3: paddr=0001d8a4 vaddr=40080000 size=02774h ( 10100) load[0m
[0;32mI (121) esp_image: segment 4: paddr=00020020 vaddr=400d0020 size=16d28h ( 93480) map[0m
[0;32mI (156) esp_image: segment 5: paddr=00036d50 vaddr=40082774 size=0b064h ( 45156) load[0m
[0;32mI (181) boot: Loaded app from partition at offset 0x10000[0m
[0;32mI (181) boot: Disabling RNG early entropy source...[0m
V (191) mmap: after coalescing, 3 regions are left
[0;32mI (191) cpu_start: Multicore app[0m
D (191) cpu_start: Pro cpu up
D (191) cpu_start: Starting app cpu, entry point is 0x4008113c
D (0) cpu_start: App cpu up
D (205) clk: RTC_SLOW_CLK calibration value: 3090560
D (216) cpu_start: calling init function: 0x400d133c on core: 0
D (216) cpu_start: calling init function: 0x400d15a4 on core: 0
[0;32mI (218) cpu_start: Pro cpu start user code[0m
[0;32mI (222) cpu_start: cpu freq: 160000000 Hz[0m
D (225) cpu_start: calling init function: 0x400d127c on core: 0
[0;32mI (231) app_init: Application information:[0m
[0;32mI (235) app_init: Project name:     spi_test[0m
[0;32mI (239) app_init: App version:      25fcd45-dirty[0m
[0;32mI (243) app_init: Compile time:     Mar  5 2025 01:35:20[0m
[0;32mI (248) app_init: ELF file SHA256:  33d1d1662...[0m
[0;32mI (253) app_init: ESP-IDF:          v5.4-dirty[0m
D (257) cpu_start: calling init function: 0x400d1350 on core: 0
[0;32mI (262) efuse_init: Min chip rev:     v0.0[0m
[0;32mI (266) efuse_init: Max chip rev:     v3.99 [0m
[0;32mI (270) efuse_init: Chip rev:         v3.1[0m
D (274) cpu_start: calling init function: 0x400d2d00 on core: 0
V (280) memory_layout: reserved range is 0x3f40ab54 - 0x3f40ab9c
D (285) memory_layout: Checking 9 reserved memory ranges:
D (290) memory_layout: Reserved memory range 0x3ff82000 - 0x3ff82000
D (297) memory_layout: Reserved memory range 0x3ffae000 - 0x3ffae6e0
D (303) memory_layout: Reserved memory range 0x3ffb0000 - 0x3ffb3540
D (309) memory_layout: Reserved memory range 0x3ffe0000 - 0x3ffe0440
D (315) memory_layout: Reserved memory range 0x3ffe3f20 - 0x3ffe4350
D (321) memory_layout: Reserved memory range 0x40070000 - 0x40078000
D (327) memory_layout: Reserved memory range 0x40078000 - 0x40080000
D (333) memory_layout: Reserved memory range 0x40080000 - 0x4008d7d8
D (339) memory_layout: Reserved memory range 0x50001fe8 - 0x50002000
D (345) memory_layout: Building list of available memory regions:
V (351) memory_layout: Examining memory region 0x3ffae000 - 0x3ffb0000
V (357) memory_layout: Start of region 0x3ffae000 - 0x3ffb0000 overlaps reserved 0x3ffae000 - 0x3ffae6e0
D (366) memory_layout: Available memory region 0x3ffae6e0 - 0x3ffb0000
V (373) memory_layout: Examining memory region 0x3ffb0000 - 0x3ffb8000
V (379) memory_layout: Start of region 0x3ffb0000 - 0x3ffb8000 overlaps reserved 0x3ffb0000 - 0x3ffb3540
D (388) memory_layout: Available memory region 0x3ffb3540 - 0x3ffb8000
V (394) memory_layout: Examining memory region 0x3ffb8000 - 0x3ffc0000
D (401) memory_layout: Available memory region 0x3ffb8000 - 0x3ffc0000
V (407) memory_layout: Examining memory region 0x3ffc0000 - 0x3ffc2000
D (413) memory_layout: Available memory region 0x3ffc0000 - 0x3ffc2000
V (419) memory_layout: Examining memory region 0x3ffc2000 - 0x3ffc4000
D (426) memory_layout: Available memory region 0x3ffc2000 - 0x3ffc4000
V (432) memory_layout: Examining memory region 0x3ffc4000 - 0x3ffc6000
D (438) memory_layout: Available memory region 0x3ffc4000 - 0x3ffc6000
V (444) memory_layout: Examining memory region 0x3ffc6000 - 0x3ffc8000
D (451) memory_layout: Available memory region 0x3ffc6000 - 0x3ffc8000
V (457) memory_layout: Examining memory region 0x3ffc8000 - 0x3ffca000
D (463) memory_layout: Available memory region 0x3ffc8000 - 0x3ffca000
V (469) memory_layout: Examining memory region 0x3ffca000 - 0x3ffcc000
D (476) memory_layout: Available memory region 0x3ffca000 - 0x3ffcc000
V (482) memory_layout: Examining memory region 0x3ffcc000 - 0x3ffce000
D (488) memory_layout: Available memory region 0x3ffcc000 - 0x3ffce000
V (494) memory_layout: Examining memory region 0x3ffce000 - 0x3ffd0000
D (501) memory_layout: Available memory region 0x3ffce000 - 0x3ffd0000
V (507) memory_layout: Examining memory region 0x3ffd0000 - 0x3ffd2000
D (513) memory_layout: Available memory region 0x3ffd0000 - 0x3ffd2000
V (519) memory_layout: Examining memory region 0x3ffd2000 - 0x3ffd4000
D (526) memory_layout: Available memory region 0x3ffd2000 - 0x3ffd4000
V (532) memory_layout: Examining memory region 0x3ffd4000 - 0x3ffd6000
D (538) memory_layout: Available memory region 0x3ffd4000 - 0x3ffd6000
V (544) memory_layout: Examining memory region 0x3ffd6000 - 0x3ffd8000
D (551) memory_layout: Available memory region 0x3ffd6000 - 0x3ffd8000
V (557) memory_layout: Examining memory region 0x3ffd8000 - 0x3ffda000
D (563) memory_layout: Available memory region 0x3ffd8000 - 0x3ffda000
V (569) memory_layout: Examining memory region 0x3ffda000 - 0x3ffdc000
D (576) memory_layout: Available memory region 0x3ffda000 - 0x3ffdc000
V (582) memory_layout: Examining memory region 0x3ffdc000 - 0x3ffde000
D (588) memory_layout: Available memory region 0x3ffdc000 - 0x3ffde000
V (594) memory_layout: Examining memory region 0x3ffde000 - 0x3ffe0000
D (601) memory_layout: Available memory region 0x3ffde000 - 0x3ffe0000
V (607) memory_layout: Examining memory region 0x3ffe0000 - 0x3ffe4000
V (613) memory_layout: Start of region 0x3ffe0000 - 0x3ffe4000 overlaps reserved 0x3ffe0000 - 0x3ffe0440
V (622) memory_layout: End of region 0x3ffe0440 - 0x3ffe4000 overlaps reserved 0x3ffe3f20 - 0x3ffe4350
D (631) memory_layout: Available memory region 0x3ffe0440 - 0x3ffe3f20
V (638) memory_layout: Examining memory region 0x3ffe4000 - 0x3ffe8000
V (644) memory_layout: Start of region 0x3ffe4000 - 0x3ffe8000 overlaps reserved 0x3ffe3f20 - 0x3ffe4350
D (653) memory_layout: Available memory region 0x3ffe4350 - 0x3ffe8000
V (659) memory_layout: Examining memory region 0x3ffe8000 - 0x3fff0000
D (666) memory_layout: Available memory region 0x3ffe8000 - 0x3fff0000
V (672) memory_layout: Examining memory region 0x3fff0000 - 0x3fff8000
D (678) memory_layout: Available memory region 0x3fff0000 - 0x3fff8000
V (684) memory_layout: Examining memory region 0x3fff8000 - 0x3fffc000
D (691) memory_layout: Available memory region 0x3fff8000 - 0x3fffc000
V (697) memory_layout: Examining memory region 0x3fffc000 - 0x40000000
D (703) memory_layout: Available memory region 0x3fffc000 - 0x40000000
V (709) memory_layout: Examining memory region 0x40070000 - 0x40078000
V (716) memory_layout: Region 0x40070000 - 0x40078000 inside of reserved 0x40070000 - 0x40078000
V (724) memory_layout: Examining memory region 0x40078000 - 0x40080000
V (730) memory_layout: Region 0x40078000 - 0x40080000 inside of reserved 0x40078000 - 0x40080000
V (739) memory_layout: Examining memory region 0x40080000 - 0x40082000
V (745) memory_layout: Region 0x40080000 - 0x40082000 inside of reserved 0x40080000 - 0x4008d7d8
V (754) memory_layout: Examining memory region 0x40082000 - 0x40084000
V (760) memory_layout: Region 0x40082000 - 0x40084000 inside of reserved 0x40080000 - 0x4008d7d8
V (768) memory_layout: Examining memory region 0x40084000 - 0x40086000
V (775) memory_layout: Region 0x40084000 - 0x40086000 inside of reserved 0x40080000 - 0x4008d7d8
V (783) memory_layout: Examining memory region 0x40086000 - 0x40088000
V (789) memory_layout: Region 0x40086000 - 0x40088000 inside of reserved 0x40080000 - 0x4008d7d8
V (798) memory_layout: Examining memory region 0x40088000 - 0x4008a000
V (804) memory_layout: Region 0x40088000 - 0x4008a000 inside of reserved 0x40080000 - 0x4008d7d8
V (813) memory_layout: Examining memory region 0x4008a000 - 0x4008c000
V (819) memory_layout: Region 0x4008a000 - 0x4008c000 inside of reserved 0x40080000 - 0x4008d7d8
V (827) memory_layout: Examining memory region 0x4008c000 - 0x4008e000
V (834) memory_layout: Start of region 0x4008c000 - 0x4008e000 overlaps reserved 0x40080000 - 0x4008d7d8
D (843) memory_layout: Available memory region 0x4008d7d8 - 0x4008e000
V (849) memory_layout: Examining memory region 0x4008e000 - 0x40090000
D (855) memory_layout: Available memory region 0x4008e000 - 0x40090000
V (862) memory_layout: Examining memory region 0x40090000 - 0x40092000
D (868) memory_layout: Available memory region 0x40090000 - 0x40092000
V (874) memory_layout: Examining memory region 0x40092000 - 0x40094000
D (880) memory_layout: Available memory region 0x40092000 - 0x40094000
V (887) memory_layout: Examining memory region 0x40094000 - 0x40096000
D (893) memory_layout: Available memory region 0x40094000 - 0x40096000
V (899) memory_layout: Examining memory region 0x40096000 - 0x40098000
D (905) memory_layout: Available memory region 0x40096000 - 0x40098000
V (912) memory_layout: Examining memory region 0x40098000 - 0x4009a000
D (918) memory_layout: Available memory region 0x40098000 - 0x4009a000
V (924) memory_layout: Examining memory region 0x4009a000 - 0x4009c000
D (930) memory_layout: Available memory region 0x4009a000 - 0x4009c000
V (937) memory_layout: Examining memory region 0x4009c000 - 0x4009e000
D (943) memory_layout: Available memory region 0x4009c000 - 0x4009e000
V (949) memory_layout: Examining memory region 0x4009e000 - 0x400a0000
D (955) memory_layout: Available memory region 0x4009e000 - 0x400a0000
[0;32mI (962) heap_init: Initializing. RAM available for dynamic allocation:[0m
D (968) heap_init: New heap initialised at 0x3ffae6e0
[0;32mI (973) heap_init: At 3FFAE6E0 len 00001920 (6 KiB): DRAM[0m
D (978) heap_init: New heap initialised at 0x3ffb3540
[0;32mI (982) heap_init: At 3FFB3540 len 0002CAC0 (178 KiB): DRAM[0m
[0;32mI (988) heap_init: At 3FFE0440 len 00003AE0 (14 KiB): D/IRAM[0m
[0;32mI (993) heap_init: At 3FFE4350 len 0001BCB0 (111 KiB): D/IRAM[0m
D (999) heap_init: New heap initialised at 0x4008d7d8
[0;32mI (1003) heap_init: At 4008D7D8 len 00012828 (74 KiB): IRAM[0m
D (1009) cpu_start: calling init function: 0x400d10a4 on core: 0
D (1014) cpu_start: calling init function: 0x400d3e44 on core: 0
D (1020) cpu_start: calling init function: 0x400d15e8 on core: 0
V (1026) intr_alloc: esp_intr_alloc_intrstatus (cpu 0): checking args
V (1032) intr_alloc: esp_intr_alloc_intrstatus (cpu 0): Args okay. Resulting flags 0x40E
D (1040) intr_alloc: Connected src 46 to int 1 (cpu 0)
D (1045) cpu_start: calling init function: 0x400d15f4 on core: 0
D (1050) cpu_start: calling init function: 0x400d53c4 on core: 0
D (1056) cpu_start: calling init function: 0x400d6c74 on core: 0
D (1062) cpu_start: calling init function: 0x400d5d60 on core: 0
D (1068) cpu_start: calling init function: 0x400d3eb0 on core: 0
D (1074) cpu_start: calling init function: 0x400d1600 on core: 0
V (1079) memspi: raw_chip_id: 1740C8

V (1083) memspi: chip_id: C84017

V (1086) memspi: raw_chip_id: 1740C8

V (1089) memspi: chip_id: C84017

D (1092) spi_flash: trying chip: issi
D (1096) spi_flash: trying chip: gd
[0;32mI (1099) spi_flash: detected chip: gd[0m
[0;32mI (1102) spi_flash: flash io: dio[0m
[0;33mW (1105) spi_flash: Detected size(8192k) larger than the size in the binary image header(2048k). Using the size in the binary image header.[0m
D (1118) cpu_start: calling init function: 0x400d13dc on core: 0
D (1123) cpu_start: calling init function: 0x4008595c
D (1128) cpu_start: calling init function: 0x400d2528
D (1133) cpu_start: calling init function: 0x400d1bc8
D (1138) cpu_start: calling init function: 0x400e5864 on core: 0
D (1143) cpu_start: calling init function: 0x400d1624 on core: 0
V (1149) intr_alloc: esp_intr_alloc_intrstatus (cpu 0): checking args
V (1155) intr_alloc: esp_intr_alloc_intrstatus (cpu 0): Args okay. Resulting flags 0x40E
D (1163) intr_alloc: Connected src 24 to int 2 (cpu 0)
D (1168) app_start: Starting scheduler on CPU0
V (1172) intr_alloc: esp_intr_alloc_intrstatus (cpu 1): checking args
V (1172) intr_alloc: esp_intr_alloc_intrstatus (cpu 1): Args okay. Resulting flags 0x40E
I (D (1182) intr_alloc: Connected src 25 to int 1 (cpu 1)
D (1182) app_start: Starting scheduler on CPU1
1172) main_task: Started on CPU0
D (1202) heap_init: New heap initialised at 0x3ffe0440
D (1202) heap_init: New heap initialised at 0x3ffe4350
V (1202) intr_alloc: esp_intr_alloc_intrstatus (cpu 0): checking args
V (1212) intr_alloc: esp_intr_alloc_intrstatus (cpu 0): Args okay. Resulting flags 0xE
D (1212) intr_alloc: Connected src 16 to int 3 (cpu 0)
[0;32mI (1222) main_task: Calling app_main()[0m
[0;32mI (1222) SPI_SLAVE: Starting Slave Application...[0m
[0;32mI (1232) SPI_SLAVE: Initializing Slave...[0m
[0;32mI (1232) gpio: GPIO[18]| InputEn: 0| OutputEn: 1| OpenDrain: 0| Pullup: 0| Pulldown: 0| Intr:0 [0m
[0;32mI (1242) gpio: GPIO[19]| InputEn: 0| OutputEn: 1| OpenDrain: 0| Pullup: 0| Pulldown: 0| Intr:0 [0m
[0;32mI (1252) gpio: GPIO[21]| InputEn: 0| OutputEn: 1| OpenDrain: 0| Pullup: 0| Pulldown: 0| Intr:0 [0m
[0;32mI (1262) gpio: GPIO[22]| InputEn: 0| OutputEn: 1| OpenDrain: 0| Pullup: 0| Pulldown: 0| Intr:0 [0m
D (1272) spi: SPI3 use gpio matrix.
V (1272) intr_alloc: esp_intr_alloc_intrstatus (cpu 0): checking args
V (1272) intr_alloc: esp_intr_alloc_intrstatus (cpu 0): Args okay. Resulting flags 0x80E
D (1282) intr_alloc: Connected src 31 to int 5 (cpu 0)
[0;32mI (1292) SPI_SLAVE: SPI Slave Initialized[0m
[0;32mI (1292) main_task: Returned from app_main()[0m
[0;32mI (24112) SPI_SLAVE: FSM: Received header: 0x00[0m
[0;32mI (24112) SPI_SLAVE: FSM: Received 2 bytes:[0m
[0;32mI (24112) SPI_SLAVE: FSM: Byte 0: 0x00[0m
[0;32mI (24112) SPI_SLAVE: FSM: Byte 1: 0x00[0m
[0;33mW (24122) SPI_SLAVE: FSM: Unexpected header in IDLE: 0x00[0m
[0;32mI (24132) SPI_SLAVE: FSM: Received header: 0x00[0m
[0;32mI (24132) SPI_SLAVE: FSM: Received 2 bytes:[0m
[0;32mI (24132) SPI_SLAVE: FSM: Byte 0: 0x00[0m
[0;32mI (24132) SPI_SLAVE: FSM: Byte 1: 0x00[0m
[0;33mW (24142) SPI_SLAVE: FSM: Unexpected header in IDLE: 0x00[0m
[0;32mI (24142) SPI_SLAVE: FSM: Received header: 0x00[0m
[0;32mI (24152) SPI_SLAVE: FSM: Received 2 bytes:[0m
[0;32mI (24152) SPI_SLAVE: FSM: Byte 0: 0x00[0m
[0;32mI (24152) SPI_SLAVE: FSM: Byte 1: 0x00[0m
[0;33mW (24162) SPI_SLAVE: FSM: Unexpected header in IDLE: 0x00[0m
[0;32mI (24162) SPI_SLAVE: FSM: Received header: 0x00[0m
[0;32mI (24172) SPI_SLAVE: FSM: Received 2 bytes:[0m
[0;32mI (24172) SPI_SLAVE: FSM: Byte 0: 0x00[0m
[0;32mI (24172) SPI_SLAVE: FSM: Byte 1: 0x00[0m
[0;33mW (24182) SPI_SLAVE: FSM: Unexpected header in IDLE: 0x00[0m
