ets Jul 29 2019 12:21:46

rst:0x1 (POWERON_RESET),boot:0x13 (SPI_FAST_FLASH_BOOT)
configsip: 0, SPIWP:0xee
clk_drv:0x00,q_drv:0x00,d_drv:0x00,cs0_drv:0x00,hd_drv:0x00,wp_drv:0x00
mode:DIO, clock div:2
load:0x3fff0030,len:6276
load:0x40078000,len:15716
load:0x40080400,len:4
ho 8 tail 4 room 4
load:0x40080404,len:3860
entry 0x4008063c
[0;32mI (31) boot: ESP-IDF v5.4-dirty 2nd stage bootloader[0m
[0;32mI (31) boot: compile time Mar  4 2025 22:58:18[0m
[0;32mI (31) boot: Multicore bootloader[0m
[0;32mI (33) boot: chip revision: v3.1[0m
[0;32mI (36) boot.esp32: SPI Speed      : 40MHz[0m
[0;32mI (39) boot.esp32: SPI Mode       : DIO[0m
[0;32mI (43) boot.esp32: SPI Flash Size : 2MB[0m
[0;32mI (47) boot: Enabling RNG early entropy source...[0m
[0;32mI (51) boot: Partition Table:[0m
[0;32mI (54) boot: ## Label            Usage          Type ST Offset   Length[0m
[0;32mI (60) boot:  0 nvs              WiFi data        01 02 00009000 00006000[0m
[0;32mI (66) boot:  1 phy_init         RF data          01 01 0000f000 00001000[0m
[0;32mI (73) boot:  2 factory          factory app      00 00 00010000 00100000[0m
[0;32mI (80) boot: End of partition table[0m
[0;32mI (83) esp_image: segment 0: paddr=00010020 vaddr=3f400020 size=0aad4h ( 43732) map[0m
[0;32mI (105) esp_image: segment 1: paddr=0001aafc vaddr=3ff80000 size=0001ch (    28) load[0m
[0;32mI (105) esp_image: segment 2: paddr=0001ab20 vaddr=3ffb0000 size=02444h (  9284) load[0m
[0;32mI (113) esp_image: segment 3: paddr=0001cf6c vaddr=40080000 size=030ach ( 12460) load[0m
[0;32mI (122) esp_image: segment 4: paddr=00020020 vaddr=400d0020 size=16bf4h ( 93172) map[0m
[0;32mI (156) esp_image: segment 5: paddr=00036c1c vaddr=400830ac size=0a72ch ( 42796) load[0m
[0;32mI (179) boot: Loaded app from partition at offset 0x10000[0m
[0;32mI (179) boot: Disabling RNG early entropy source...[0m
V (190) mmap: after coalescing, 3 regions are left
[0;32mI (190) cpu_start: Multicore app[0m
D (190) cpu_start: Pro cpu up
D (190) cpu_start: Starting app cpu, entry point is 0x4008113c
D (0) cpu_start: App cpu up
D (203) clk: RTC_SLOW_CLK calibration value: 3098918
D (215) cpu_start: calling init function: 0x400d1320 on core: 0
D (215) cpu_start: calling init function: 0x400d1588 on core: 0
[0;32mI (216) cpu_start: Pro cpu start user code[0m
[0;32mI (220) cpu_start: cpu freq: 160000000 Hz[0m
D (224) cpu_start: calling init function: 0x400d1260 on core: 0
[0;32mI (230) app_init: Application information:[0m
[0;32mI (233) app_init: Project name:     spi_test[0m
[0;32mI (237) app_init: App version:      25fcd45-dirty[0m
[0;32mI (242) app_init: Compile time:     Mar  4 2025 22:57:29[0m
[0;32mI (247) app_init: ELF file SHA256:  55b93bcc7...[0m
[0;32mI (251) app_init: ESP-IDF:          v5.4-dirty[0m
D (255) cpu_start: calling init function: 0x400d1334 on core: 0
[0;32mI (261) efuse_init: Min chip rev:     v0.0[0m
[0;32mI (265) efuse_init: Max chip rev:     v3.99 [0m
[0;32mI (269) efuse_init: Chip rev:         v3.1[0m
D (273) cpu_start: calling init function: 0x400d2ce4 on core: 0
V (279) memory_layout: reserved range is 0x3f40aa24 - 0x3f40aa6c
D (284) memory_layout: Checking 9 reserved memory ranges:
D (289) memory_layout: Reserved memory range 0x3ff82000 - 0x3ff82000
D (295) memory_layout: Reserved memory range 0x3ffae000 - 0x3ffae6e0
D (301) memory_layout: Reserved memory range 0x3ffb0000 - 0x3ffb3538
D (307) memory_layout: Reserved memory range 0x3ffe0000 - 0x3ffe0440
D (313) memory_layout: Reserved memory range 0x3ffe3f20 - 0x3ffe4350
D (320) memory_layout: Reserved memory range 0x40070000 - 0x40078000
D (326) memory_layout: Reserved memory range 0x40078000 - 0x40080000
D (332) memory_layout: Reserved memory range 0x40080000 - 0x4008d7d8
D (338) memory_layout: Reserved memory range 0x50001fe8 - 0x50002000
D (344) memory_layout: Building list of available memory regions:
V (350) memory_layout: Examining memory region 0x3ffae000 - 0x3ffb0000
V (356) memory_layout: Start of region 0x3ffae000 - 0x3ffb0000 overlaps reserved 0x3ffae000 - 0x3ffae6e0
D (365) memory_layout: Available memory region 0x3ffae6e0 - 0x3ffb0000
V (371) memory_layout: Examining memory region 0x3ffb0000 - 0x3ffb8000
V (378) memory_layout: Start of region 0x3ffb0000 - 0x3ffb8000 overlaps reserved 0x3ffb0000 - 0x3ffb3538
D (387) memory_layout: Available memory region 0x3ffb3538 - 0x3ffb8000
V (393) memory_layout: Examining memory region 0x3ffb8000 - 0x3ffc0000
D (399) memory_layout: Available memory region 0x3ffb8000 - 0x3ffc0000
V (406) memory_layout: Examining memory region 0x3ffc0000 - 0x3ffc2000
D (412) memory_layout: Available memory region 0x3ffc0000 - 0x3ffc2000
V (418) memory_layout: Examining memory region 0x3ffc2000 - 0x3ffc4000
D (424) memory_layout: Available memory region 0x3ffc2000 - 0x3ffc4000
V (431) memory_layout: Examining memory region 0x3ffc4000 - 0x3ffc6000
D (437) memory_layout: Available memory region 0x3ffc4000 - 0x3ffc6000
V (443) memory_layout: Examining memory region 0x3ffc6000 - 0x3ffc8000
D (449) memory_layout: Available memory region 0x3ffc6000 - 0x3ffc8000
V (456) memory_layout: Examining memory region 0x3ffc8000 - 0x3ffca000
D (462) memory_layout: Available memory region 0x3ffc8000 - 0x3ffca000
V (468) memory_layout: Examining memory region 0x3ffca000 - 0x3ffcc000
D (474) memory_layout: Available memory region 0x3ffca000 - 0x3ffcc000
V (481) memory_layout: Examining memory region 0x3ffcc000 - 0x3ffce000
D (487) memory_layout: Available memory region 0x3ffcc000 - 0x3ffce000
V (493) memory_layout: Examining memory region 0x3ffce000 - 0x3ffd0000
D (499) memory_layout: Available memory region 0x3ffce000 - 0x3ffd0000
V (506) memory_layout: Examining memory region 0x3ffd0000 - 0x3ffd2000
D (512) memory_layout: Available memory region 0x3ffd0000 - 0x3ffd2000
V (518) memory_layout: Examining memory region 0x3ffd2000 - 0x3ffd4000
D (524) memory_layout: Available memory region 0x3ffd2000 - 0x3ffd4000
V (531) memory_layout: Examining memory region 0x3ffd4000 - 0x3ffd6000
D (537) memory_layout: Available memory region 0x3ffd4000 - 0x3ffd6000
V (543) memory_layout: Examining memory region 0x3ffd6000 - 0x3ffd8000
D (549) memory_layout: Available memory region 0x3ffd6000 - 0x3ffd8000
V (556) memory_layout: Examining memory region 0x3ffd8000 - 0x3ffda000
D (562) memory_layout: Available memory region 0x3ffd8000 - 0x3ffda000
V (568) memory_layout: Examining memory region 0x3ffda000 - 0x3ffdc000
D (574) memory_layout: Available memory region 0x3ffda000 - 0x3ffdc000
V (581) memory_layout: Examining memory region 0x3ffdc000 - 0x3ffde000
D (587) memory_layout: Available memory region 0x3ffdc000 - 0x3ffde000
V (593) memory_layout: Examining memory region 0x3ffde000 - 0x3ffe0000
D (599) memory_layout: Available memory region 0x3ffde000 - 0x3ffe0000
V (606) memory_layout: Examining memory region 0x3ffe0000 - 0x3ffe4000
V (612) memory_layout: Start of region 0x3ffe0000 - 0x3ffe4000 overlaps reserved 0x3ffe0000 - 0x3ffe0440
V (621) memory_layout: End of region 0x3ffe0440 - 0x3ffe4000 overlaps reserved 0x3ffe3f20 - 0x3ffe4350
D (630) memory_layout: Available memory region 0x3ffe0440 - 0x3ffe3f20
V (636) memory_layout: Examining memory region 0x3ffe4000 - 0x3ffe8000
V (643) memory_layout: Start of region 0x3ffe4000 - 0x3ffe8000 overlaps reserved 0x3ffe3f20 - 0x3ffe4350
D (652) memory_layout: Available memory region 0x3ffe4350 - 0x3ffe8000
V (658) memory_layout: Examining memory region 0x3ffe8000 - 0x3fff0000
D (664) memory_layout: Available memory region 0x3ffe8000 - 0x3fff0000
V (671) memory_layout: Examining memory region 0x3fff0000 - 0x3fff8000
D (677) memory_layout: Available memory region 0x3fff0000 - 0x3fff8000
V (683) memory_layout: Examining memory region 0x3fff8000 - 0x3fffc000
D (689) memory_layout: Available memory region 0x3fff8000 - 0x3fffc000
V (696) memory_layout: Examining memory region 0x3fffc000 - 0x40000000
D (702) memory_layout: Available memory region 0x3fffc000 - 0x40000000
V (708) memory_layout: Examining memory region 0x40070000 - 0x40078000
V (714) memory_layout: Region 0x40070000 - 0x40078000 inside of reserved 0x40070000 - 0x40078000
V (723) memory_layout: Examining memory region 0x40078000 - 0x40080000
V (729) memory_layout: Region 0x40078000 - 0x40080000 inside of reserved 0x40078000 - 0x40080000
V (738) memory_layout: Examining memory region 0x40080000 - 0x40082000
V (744) memory_layout: Region 0x40080000 - 0x40082000 inside of reserved 0x40080000 - 0x4008d7d8
V (752) memory_layout: Examining memory region 0x40082000 - 0x40084000
V (759) memory_layout: Region 0x40082000 - 0x40084000 inside of reserved 0x40080000 - 0x4008d7d8
V (767) memory_layout: Examining memory region 0x40084000 - 0x40086000
V (773) memory_layout: Region 0x40084000 - 0x40086000 inside of reserved 0x40080000 - 0x4008d7d8
V (782) memory_layout: Examining memory region 0x40086000 - 0x40088000
V (788) memory_layout: Region 0x40086000 - 0x40088000 inside of reserved 0x40080000 - 0x4008d7d8
V (797) memory_layout: Examining memory region 0x40088000 - 0x4008a000
V (803) memory_layout: Region 0x40088000 - 0x4008a000 inside of reserved 0x40080000 - 0x4008d7d8
V (811) memory_layout: Examining memory region 0x4008a000 - 0x4008c000
V (818) memory_layout: Region 0x4008a000 - 0x4008c000 inside of reserved 0x40080000 - 0x4008d7d8
V (826) memory_layout: Examining memory region 0x4008c000 - 0x4008e000
V (832) memory_layout: Start of region 0x4008c000 - 0x4008e000 overlaps reserved 0x40080000 - 0x4008d7d8
D (842) memory_layout: Available memory region 0x4008d7d8 - 0x4008e000
V (848) memory_layout: Examining memory region 0x4008e000 - 0x40090000
D (854) memory_layout: Available memory region 0x4008e000 - 0x40090000
V (860) memory_layout: Examining memory region 0x40090000 - 0x40092000
D (867) memory_layout: Available memory region 0x40090000 - 0x40092000
V (873) memory_layout: Examining memory region 0x40092000 - 0x40094000
D (879) memory_layout: Available memory region 0x40092000 - 0x40094000
V (885) memory_layout: Examining memory region 0x40094000 - 0x40096000
D (892) memory_layout: Available memory region 0x40094000 - 0x40096000
V (898) memory_layout: Examining memory region 0x40096000 - 0x40098000
D (904) memory_layout: Available memory region 0x40096000 - 0x40098000
V (910) memory_layout: Examining memory region 0x40098000 - 0x4009a000
D (917) memory_layout: Available memory region 0x40098000 - 0x4009a000
V (923) memory_layout: Examining memory region 0x4009a000 - 0x4009c000
D (929) memory_layout: Available memory region 0x4009a000 - 0x4009c000
V (935) memory_layout: Examining memory region 0x4009c000 - 0x4009e000
D (942) memory_layout: Available memory region 0x4009c000 - 0x4009e000
V (948) memory_layout: Examining memory region 0x4009e000 - 0x400a0000
D (954) memory_layout: Available memory region 0x4009e000 - 0x400a0000
[0;32mI (960) heap_init: Initializing. RAM available for dynamic allocation:[0m
D (967) heap_init: New heap initialised at 0x3ffae6e0
[0;32mI (971) heap_init: At 3FFAE6E0 len 00001920 (6 KiB): DRAM[0m
D (976) heap_init: New heap initialised at 0x3ffb3538
[0;32mI (981) heap_init: At 3FFB3538 len 0002CAC8 (178 KiB): DRAM[0m
[0;32mI (986) heap_init: At 3FFE0440 len 00003AE0 (14 KiB): D/IRAM[0m
[0;32mI (992) heap_init: At 3FFE4350 len 0001BCB0 (111 KiB): D/IRAM[0m
D (997) heap_init: New heap initialised at 0x4008d7d8
[0;32mI (1002) heap_init: At 4008D7D8 len 00012828 (74 KiB): IRAM[0m
D (1007) cpu_start: calling init function: 0x400d1088 on core: 0
D (1013) cpu_start: calling init function: 0x400d3e28 on core: 0
D (1019) cpu_start: calling init function: 0x400d15cc on core: 0
V (1025) intr_alloc: esp_intr_alloc_intrstatus (cpu 0): checking args
V (1031) intr_alloc: esp_intr_alloc_intrstatus (cpu 0): Args okay. Resulting flags 0x40E
D (1039) intr_alloc: Connected src 46 to int 1 (cpu 0)
D (1043) cpu_start: calling init function: 0x400d15d8 on core: 0
D (1049) cpu_start: calling init function: 0x400d53a8 on core: 0
D (1055) cpu_start: calling init function: 0x400d6c58 on core: 0
D (1061) cpu_start: calling init function: 0x400d5d44 on core: 0
D (1066) cpu_start: calling init function: 0x400d3e94 on core: 0
D (1073) cpu_start: calling init function: 0x400d15e4 on core: 0
V (1078) memspi: raw_chip_id: 1740C8

V (1081) memspi: chip_id: C84017

V (1084) memspi: raw_chip_id: 1740C8

V (1088) memspi: chip_id: C84017

D (1091) spi_flash: trying chip: issi
D (1094) spi_flash: trying chip: gd
[0;32mI (1098) spi_flash: detected chip: gd[0m
[0;32mI (1101) spi_flash: flash io: dio[0m
[0;33mW (1104) spi_flash: Detected size(8192k) larger than the size in the binary image header(2048k). Using the size in the binary image header.[0m
D (1116) cpu_start: calling init function: 0x400d13c0 on core: 0
D (1122) cpu_start: calling init function: 0x4008595c
D (1127) cpu_start: calling init function: 0x400d250c
D (1132) cpu_start: calling init function: 0x400d1bac
D (1136) cpu_start: calling init function: 0x400e5730 on core: 0
D (1142) cpu_start: calling init function: 0x400d1608 on core: 0
V (1148) intr_alloc: esp_intr_alloc_intrstatus (cpu 0): checking args
V (1154) intr_alloc: esp_intr_alloc_intrstatus (cpu 0): Args okay. Resulting flags 0x40E
D (1162) intr_alloc: Connected src 24 to int 2 (cpu 0)
D (1167) app_start: Starting scheduler on CPU0
V (1171) intr_alloc: esp_intr_alloc_intrstatus (cpu 1): checking args
V (1171) intr_alloc: esp_intr_alloc_intrstatus (cpu 1): Args okay. Resulting flags 0x40E
I (D (1181) intr_alloc: Connected src 25 to int 1 (cpu 1)
D (1181) app_start: Starting scheduler on CPU1
1171) main_task: Started on CPU0
D (1201) heap_init: New heap initialised at 0x3ffe0440
D (1201) heap_init: New heap initialised at 0x3ffe4350
V (1201) intr_alloc: esp_intr_alloc_intrstatus (cpu 0): checking args
V (1211) intr_alloc: esp_intr_alloc_intrstatus (cpu 0): Args okay. Resulting flags 0xE
D (1211) intr_alloc: Connected src 16 to int 3 (cpu 0)
[0;32mI (1221) main_task: Calling app_main()[0m
[0;32mI (1221) gpio: GPIO[18]| InputEn: 0| OutputEn: 1| OpenDrain: 0| Pullup: 0| Pulldown: 0| Intr:0 [0m
[0;32mI (1231) gpio: GPIO[19]| InputEn: 0| OutputEn: 1| OpenDrain: 0| Pullup: 0| Pulldown: 0| Intr:0 [0m
[0;32mI (1241) gpio: GPIO[21]| InputEn: 0| OutputEn: 1| OpenDrain: 0| Pullup: 0| Pulldown: 0| Intr:0 [0m
[0;32mI (1251) gpio: GPIO[22]| InputEn: 0| OutputEn: 1| OpenDrain: 0| Pullup: 0| Pulldown: 0| Intr:0 [0m
[0;32mI (1261) SPI_SLAVE: Initializing SPI Slave Node...[0m
D (1261) spi: SPI3 use gpio matrix.
V (1261) intr_alloc: esp_intr_alloc_intrstatus (cpu 0): checking args
V (1271) intr_alloc: esp_intr_alloc_intrstatus (cpu 0): Args okay. Resulting flags 0x80E
D (1281) intr_alloc: Connected src 31 to int 5 (cpu 0)
[0;32mI (1281) SPI_SLAVE: SPI Slave Initialized[0m

abort() was called at PC 0x400829df on core 0


Backtrace: 0x40081a1d:0x3ffb0b00 0x40085e89:0x3ffb0b20 0x4008c001:0x3ffb0b40 0x400829df:0x3ffb0bb0 0x40082b1d:0x3ffb0be0 0x40082b96:0x3ffb0c00 0x400dcacf:0x3ffb0c30 0x400dc111:0x3ffb0f50 0x400e6b91:0x3ffb0f80 0x4008bf71:0x3ffb0fb0 0x400d6c87:0x3ffb1000 0x400849af:0x3ffb1020 0x40082fb5:0x3ffb1050 0x4000bfed:0x3ffb63e0 0x40086bde:0x3ffb63f0 0x400826ac:0x3ffb6410 0x400dacbe:0x3ffb6430 0x400dad78:0x3ffb6470 0x400d6dc8:0x3ffb64a0 0x40086845:0x3ffb64e0




ELF file SHA256: 55b93bcc7

Rebooting...
ets Jul 29 2019 12:21:46

rst:0xc (SW_CPU_RESET),boot:0x13 (SPI_FAST_FLASH_BOOT)
configsip: 0, SPIWP:0xee
clk_drv:0x00,q_drv:0x00,d_drv:0x00,cs0_drv:0x00,hd_drv:0x00,wp_drv:0x00
mode:DIO, clock div:2
load:0x3fff0030,len:6276
load:0x40078000,len:15716
load:0x40080400,len:4
ho 8 tail 4 room 4
load:0x40080404,len:3860
entry 0x4008063c
[0;32mI (31) boot: ESP-IDF v5.4-dirty 2nd stage bootloader[0m
[0;32mI (31) boot: compile time Mar  4 2025 22:58:18[0m
[0;32mI (31) boot: Multicore bootloader[0m
[0;32mI (33) boot: chip revision: v3.1[0m
[0;32mI (36) boot.esp32: SPI Speed      : 40MHz[0m
[0;32mI (39) boot.esp32: SPI Mode       : DIO[0m
[0;32mI (43) boot.esp32: SPI Flash Size : 2MB[0m
[0;32mI (46) boot: Enabling RNG early entropy source...[0m
[0;32mI (51) boot: Partition Table:[0m
[0;32mI (53) boot: ## Label            Usage          Type ST Offset   Length[0m
[0;32mI (60) boot:  0 nvs              WiFi data        01 02 00009000 00006000[0m
[0;32mI (66) boot:  1 phy_init         RF data          01 01 0000f000 00001000[0m
[0;32mI (73) boot:  2 factory          factory app      00 00 00010000 00100000[0m
[0;32mI (79) boot: End of partition table[0m
[0;32mI (83) esp_image: segment 0: paddr=00010020 vaddr=3f400020 size=0aad4h ( 43732) map[0m
[0;32mI (105) esp_image: segment 1: paddr=0001aafc vaddr=3ff80000 size=0001ch (    28) load[0m
[0;32mI (105) esp_image: segment 2: paddr=0001ab20 vaddr=3ffb0000 size=02444h (  9284) load[0m
[0;32mI (112) esp_image: segment 3: paddr=0001cf6c vaddr=40080000 size=030ach ( 12460) load[0m
[0;32mI (121) esp_image: segment 4: paddr=00020020 vaddr=400d0020 size=16bf4h ( 93172) map[0m
[0;32mI (156) esp_image: segment 5: paddr=00036c1c vaddr=400830ac size=0a72ch ( 42796) load[0m
[0;32mI (179) boot: Loaded app from partition at offset 0x10000[0m
[0;32mI (179) boot: Disabling RNG early entropy source...[0m
V (190) mmap: after coalescing, 3 regions are left
[0;32mI (190) cpu_start: Multicore app[0m
D (190) cpu_start: Pro cpu up
D (190) cpu_start: Starting app cpu, entry point is 0x4008113c
D (181) cpu_start: App cpu up
D (203) clk: RTC_SLOW_CLK calibration value: 3099866
D (215) cpu_start: calling init function: 0x400d1320 on core: 0
D (215) cpu_start: calling init function: 0x400d1588 on core: 0
[0;32mI (217) cpu_start: Pro cpu start user code[0m
[0;32mI (220) cpu_start: cpu freq: 160000000 Hz[0m
D (224) cpu_start: calling init function: 0x400d1260 on core: 0
[0;32mI (230) app_init: Application information:[0m
[0;32mI (234) app_init: Project name:     spi_test[0m
[0;32mI (238) app_init: App version:      25fcd45-dirty[0m
[0;32mI (242) app_init: Compile time:     Mar  4 2025 22:57:29[0m
[0;32mI (247) app_init: ELF file SHA256:  55b93bcc7...[0m
[0;32mI (251) app_init: ESP-IDF:          v5.4-dirty[0m
D (256) cpu_start: calling init function: 0x400d1334 on core: 0
[0;32mI (261) efuse_init: Min chip rev:     v0.0[0m
[0;32mI (265) efuse_init: Max chip rev:     v3.99 [0m
[0;32mI (269) efuse_init: Chip rev:         v3.1[0m
D (273) cpu_start: calling init function: 0x400d2ce4 on core: 0
V (279) memory_layout: reserved range is 0x3f40aa24 - 0x3f40aa6c
D (284) memory_layout: Checking 9 reserved memory ranges:
D (289) memory_layout: Reserved memory range 0x3ff82000 - 0x3ff82000
D (295) memory_layout: Reserved memory range 0x3ffae000 - 0x3ffae6e0
D (301) memory_layout: Reserved memory range 0x3ffb0000 - 0x3ffb3538
D (308) memory_layout: Reserved memory range 0x3ffe0000 - 0x3ffe0440
D (314) memory_layout: Reserved memory range 0x3ffe3f20 - 0x3ffe4350
D (320) memory_layout: Reserved memory range 0x40070000 - 0x40078000
D (326) memory_layout: Reserved memory range 0x40078000 - 0x40080000
D (332) memory_layout: Reserved memory range 0x40080000 - 0x4008d7d8
D (338) memory_layout: Reserved memory range 0x50001fe8 - 0x50002000
D (344) memory_layout: Building list of available memory regions:
V (350) memory_layout: Examining memory region 0x3ffae000 - 0x3ffb0000
V (356) memory_layout: Start of region 0x3ffae000 - 0x3ffb0000 overlaps reserved 0x3ffae000 - 0x3ffae6e0
D (365) memory_layout: Available memory region 0x3ffae6e0 - 0x3ffb0000
V (371) memory_layout: Examining memory region 0x3ffb0000 - 0x3ffb8000
V (378) memory_layout: Start of region 0x3ffb0000 - 0x3ffb8000 overlaps reserved 0x3ffb0000 - 0x3ffb3538
D (387) memory_layout: Available memory region 0x3ffb3538 - 0x3ffb8000
V (393) memory_layout: Examining memory region 0x3ffb8000 - 0x3ffc0000
D (399) memory_layout: Available memory region 0x3ffb8000 - 0x3ffc0000
V (406) memory_layout: Examining memory region 0x3ffc0000 - 0x3ffc2000
D (412) memory_layout: Available memory region 0x3ffc0000 - 0x3ffc2000
V (418) memory_layout: Examining memory region 0x3ffc2000 - 0x3ffc4000
D (424) memory_layout: Available memory region 0x3ffc2000 - 0x3ffc4000
V (431) memory_layout: Examining memory region 0x3ffc4000 - 0x3ffc6000
D (437) memory_layout: Available memory region 0x3ffc4000 - 0x3ffc6000
V (443) memory_layout: Examining memory region 0x3ffc6000 - 0x3ffc8000
D (449) memory_layout: Available memory region 0x3ffc6000 - 0x3ffc8000
V (456) memory_layout: Examining memory region 0x3ffc8000 - 0x3ffca000
D (462) memory_layout: Available memory region 0x3ffc8000 - 0x3ffca000
V (468) memory_layout: Examining memory region 0x3ffca000 - 0x3ffcc000
D (474) memory_layout: Available memory region 0x3ffca000 - 0x3ffcc000
V (481) memory_layout: Examining memory region 0x3ffcc000 - 0x3ffce000
D (487) memory_layout: Available memory region 0x3ffcc000 - 0x3ffce000
V (493) memory_layout: Examining memory region 0x3ffce000 - 0x3ffd0000
D (499) memory_layout: Available memory region 0x3ffce000 - 0x3ffd0000
V (506) memory_layout: Examining memory region 0x3ffd0000 - 0x3ffd2000
D (512) memory_layout: Available memory region 0x3ffd0000 - 0x3ffd2000
V (518) memory_layout: Examining memory region 0x3ffd2000 - 0x3ffd4000
D (524) memory_layout: Available memory region 0x3ffd2000 - 0x3ffd4000
V (531) memory_layout: Examining memory region 0x3ffd4000 - 0x3ffd6000
D (537) memory_layout: Available memory region 0x3ffd4000 - 0x3ffd6000
V (543) memory_layout: Examining memory region 0x3ffd6000 - 0x3ffd8000
D (549) memory_layout: Available memory region 0x3ffd6000 - 0x3ffd8000
V (556) memory_layout: Examining memory region 0x3ffd8000 - 0x3ffda000
D (562) memory_layout: Available memory region 0x3ffd8000 - 0x3ffda000
V (568) memory_layout: Examining memory region 0x3ffda000 - 0x3ffdc000
D (574) memory_layout: Available memory region 0x3ffda000 - 0x3ffdc000
V (581) memory_layout: Examining memory region 0x3ffdc000 - 0x3ffde000
D (587) memory_layout: Available memory region 0x3ffdc000 - 0x3ffde000
V (593) memory_layout: Examining memory region 0x3ffde000 - 0x3ffe0000
D (599) memory_layout: Available memory region 0x3ffde000 - 0x3ffe0000
V (606) memory_layout: Examining memory region 0x3ffe0000 - 0x3ffe4000
V (612) memory_layout: Start of region 0x3ffe0000 - 0x3ffe4000 overlaps reserved 0x3ffe0000 - 0x3ffe0440
V (621) memory_layout: End of region 0x3ffe0440 - 0x3ffe4000 overlaps reserved 0x3ffe3f20 - 0x3ffe4350
D (630) memory_layout: Available memory region 0x3ffe0440 - 0x3ffe3f20
V (636) memory_layout: Examining memory region 0x3ffe4000 - 0x3ffe8000
V (643) memory_layout: Start of region 0x3ffe4000 - 0x3ffe8000 overlaps reserved 0x3ffe3f20 - 0x3ffe4350
D (652) memory_layout: Available memory region 0x3ffe4350 - 0x3ffe8000
V (658) memory_layout: Examining memory region 0x3ffe8000 - 0x3fff0000
D (664) memory_layout: Available memory region 0x3ffe8000 - 0x3fff0000
V (671) memory_layout: Examining memory region 0x3fff0000 - 0x3fff8000
D (677) memory_layout: Available memory region 0x3fff0000 - 0x3fff8000
V (683) memory_layout: Examining memory region 0x3fff8000 - 0x3fffc000
D (689) memory_layout: Available memory region 0x3fff8000 - 0x3fffc000
V (696) memory_layout: Examining memory region 0x3fffc000 - 0x40000000
D (702) memory_layout: Available memory region 0x3fffc000 - 0x40000000
V (708) memory_layout: Examining memory region 0x40070000 - 0x40078000
V (714) memory_layout: Region 0x40070000 - 0x40078000 inside of reserved 0x40070000 - 0x40078000
V (723) memory_layout: Examining memory region 0x40078000 - 0x40080000
V (729) memory_layout: Region 0x40078000 - 0x40080000 inside of reserved 0x40078000 - 0x40080000
V (738) memory_layout: Examining memory region 0x40080000 - 0x40082000
V (744) memory_layout: Region 0x40080000 - 0x40082000 inside of reserved 0x40080000 - 0x4008d7d8
V (752) memory_layout: Examining memory region 0x40082000 - 0x40084000
V (759) memory_layout: Region 0x40082000 - 0x40084000 inside of reserved 0x40080000 - 0x4008d7d8
V (767) memory_layout: Examining memory region 0x40084000 - 0x40086000
V (773) memory_layout: Region 0x40084000 - 0x40086000 inside of reserved 0x40080000 - 0x4008d7d8
V (782) memory_layout: Examining memory region 0x40086000 - 0x40088000
V (788) memory_layout: Region 0x40086000 - 0x40088000 inside of reserved 0x40080000 - 0x4008d7d8
V (797) memory_layout: Examining memory region 0x40088000 - 0x4008a000
V (803) memory_layout: Region 0x40088000 - 0x4008a000 inside of reserved 0x40080000 - 0x4008d7d8
V (811) memory_layout: Examining memory region 0x4008a000 - 0x4008c000
V (818) memory_layout: Region 0x4008a000 - 0x4008c000 inside of reserved 0x40080000 - 0x4008d7d8
V (826) memory_layout: Examining memory region 0x4008c000 - 0x4008e000
V (832) memory_layout: Start of region 0x4008c000 - 0x4008e000 overlaps reserved 0x40080000 - 0x4008d7d8
D (842) memory_layout: Available memory region 0x4008d7d8 - 0x4008e000
V (848) memory_layout: Examining memory region 0x4008e000 - 0x40090000
D (854) memory_layout: Available memory region 0x4008e000 - 0x40090000
V (860) memory_layout: Examining memory region 0x40090000 - 0x40092000
D (867) memory_layout: Available memory region 0x40090000 - 0x40092000
V (873) memory_layout: Examining memory region 0x40092000 - 0x40094000
D (879) memory_layout: Available memory region 0x40092000 - 0x40094000
V (885) memory_layout: Examining memory region 0x40094000 - 0x40096000
D (892) memory_layout: Available memory region 0x40094000 - 0x40096000
V (898) memory_layout: Examining memory region 0x40096000 - 0x40098000
D (904) memory_layout: Available memory region 0x40096000 - 0x40098000
V (910) memory_layout: Examining memory region 0x40098000 - 0x4009a000
D (917) memory_layout: Available memory region 0x40098000 - 0x4009a000
V (923) memory_layout: Examining memory region 0x4009a000 - 0x4009c000
D (929) memory_layout: Available memory region 0x4009a000 - 0x4009c000
V (935) memory_layout: Examining memory region 0x4009c000 - 0x4009e000
D (942) memory_layout: Available memory region 0x4009c000 - 0x4009e000
V (948) memory_layout: Examining memory region 0x4009e000 - 0x400a0000
D (954) memory_layout: Available memory region 0x4009e000 - 0x400a0000
[0;32mI (960) heap_init: Initializing. RAM available for dynamic allocation:[0m
D (967) heap_init: New heap initialised at 0x3ffae6e0
[0;32mI (971) heap_init: At 3FFAE6E0 len 00001920 (6 KiB): DRAM[0m
D (977) heap_init: New heap initialised at 0x3ffb3538
[0;32mI (981) heap_init: At 3FFB3538 len 0002CAC8 (178 KiB): DRAM[0m
[0;32mI (987) heap_init: At 3FFE0440 len 00003AE0 (14 KiB): D/IRAM[0m
[0;32mI (992) heap_init: At 3FFE4350 len 0001BCB0 (111 KiB): D/IRAM[0m
D (997) heap_init: New heap initialised at 0x4008d7d8
[0;32mI (1002) heap_init: At 4008D7D8 len 00012828 (74 KiB): IRAM[0m
D (1008) cpu_start: calling init function: 0x400d1088 on core: 0
D (1013) cpu_start: calling init function: 0x400d3e28 on core: 0
D (1019) cpu_start: calling init function: 0x400d15cc on core: 0
V (1025) intr_alloc: esp_intr_alloc_intrstatus (cpu 0): checking args
V (1031) intr_alloc: esp_intr_alloc_intrstatus (cpu 0): Args okay. Resulting flags 0x40E
D (1039) intr_alloc: Connected src 46 to int 1 (cpu 0)
D (1044) cpu_start: calling init function: 0x400d15d8 on core: 0
D (1049) cpu_start: calling init function: 0x400d53a8 on core: 0
D (1055) cpu_start: calling init function: 0x400d6c58 on core: 0
D (1061) cpu_start: calling init function: 0x400d5d44 on core: 0
D (1066) cpu_start: calling init function: 0x400d3e94 on core: 0
D (1073) cpu_start: calling init function: 0x400d15e4 on core: 0
V (1078) memspi: raw_chip_id: 1740C8

V (1081) memspi: chip_id: C84017

V (1085) memspi: raw_chip_id: 1740C8

V (1088) memspi: chip_id: C84017

D (1091) spi_flash: trying chip: issi
D (1095) spi_flash: trying chip: gd
[0;32mI (1098) spi_flash: detected chip: gd[0m
[0;32mI (1101) spi_flash: flash io: dio[0m
[0;33mW (1104) spi_flash: Detected size(8192k) larger than the size in the binary image header(2048k). Using the size in the binary image header.[0m
D (1116) cpu_start: calling init function: 0x400d13c0 on core: 0
D (1122) cpu_start: calling init function: 0x4008595c
D (1127) cpu_start: calling init function: 0x400d250c
D (1132) cpu_start: calling init function: 0x400d1bac
D (1137) cpu_start: calling init function: 0x400e5730 on core: 0
D (1142) cpu_start: calling init function: 0x400d1608 on core: 0
V (1148) intr_alloc: esp_intr_alloc_intrstatus (cpu 0): checking args
V (1154) intr_alloc: esp_intr_alloc_intrstatus (cpu 0): Args okay. Resulting flags 0x40E
D (1162) intr_alloc: Connected src 24 to int 2 (cpu 0)
D (1167) app_start: Starting scheduler on CPU0
V (1171) intr_alloc: esp_intr_alloc_intrstatus (cpu 1): checking args
V (1171) intr_alloc: esp_intr_alloc_intrstatus (cpu 1): Args okay. Resulting flags 0x40E
I (D (1181) intr_alloc: Connected src 25 to int 1 (cpu 1)
D (1181) app_start: Starting scheduler on CPU1
1171) main_task: Started on CPU0
D (1201) heap_init: New heap initialised at 0x3ffe0440
D (1201) heap_init: New heap initialised at 0x3ffe4350
V (1201) intr_alloc: esp_intr_alloc_intrstatus (cpu 0): checking args
V (1211) intr_alloc: esp_intr_alloc_intrstatus (cpu 0): Args okay. Resulting flags 0xE
D (1211) intr_alloc: Connected src 16 to int 3 (cpu 0)
[0;32mI (1221) main_task: Calling app_main()[0m
[0;32mI (1221) gpio: GPIO[18]| InputEn: 0| OutputEn: 1| OpenDrain: 0| Pullup: 0| Pulldown: 0| Intr:0 [0m
[0;32mI (1231) gpio: GPIO[19]| InputEn: 0| OutputEn: 1| OpenDrain: 0| Pullup: 0| Pulldown: 0| Intr:0 [0m
[0;32mI (1241) gpio: GPIO[21]| InputEn: 0| OutputEn: 1| OpenDrain: 0| Pullup: 0| Pulldown: 0| Intr:0 [0m
[0;32mI (1251) gpio: GPIO[22]| InputEn: 0| OutputEn: 1| OpenDrain: 0| Pullup: 0| Pulldown: 0| Intr:0 [0m
[0;32mI (1261) SPI_SLAVE: Initializing SPI Slave Node...[0m
D (1261) spi: SPI3 use gpio matrix.
V (1261) intr_alloc: esp_intr_alloc_intrstatus (cpu 0): checking args
V (1271) intr_alloc: esp_intr_alloc_intrstatus (cpu 0): Args okay. Resulting flags 0x80E
D (1281) intr_alloc: Connected src 31 to int 5 (cpu 0)
[0;32mI (1281) SPI_SLAVE: SPI Slave Initialized[0m

abort() was called at PC 0x400829df on core 0


Backtrace: 0x40081a1d:0x3ffb0b00 0x40085e89:0x3ffb0b20 0x4008c001:0x3ffb0b40 0x400829df:0x3ffb0bb0 0x40082b1d:0x3ffb0be0 0x40082b96:0x3ffb0c00 0x400dcacf:0x3ffb0c30 0x400dc111:0x3ffb0f50 0x400e6b91:0x3ffb0f80 0x4008bf71:0x3ffb0fb0 0x400d6c87:0x3ffb1000 0x400849af:0x3ffb1020 0x40082fb5:0x3ffb1050 0x4000bfed:0x3ffb63e0 0x40086bde:0x3ffb63f0 0x400826ac:0x3ffb6410 0x400dacbe:0x3ffb6430 0x400dad78:0x3ffb6470 0x400d6dc8:0x3ffb64a0 0x40086845:0x3ffb64e0




ELF file SHA256: 55b93bcc7

Rebooting...
ets Jul 29 2019 12:21:46

rst:0xc (SW_CPU_RESET),boot:0x13 (SPI_FAST_FLASH_BOOT)
configsip: 0, SPIWP:0xee
clk_drv:0x00,q_drv:0x00,d_drv:0x00,cs0_drv:0x00,hd_drv:0x00,wp_drv:0x00
mode:DIO, clock div:2
load:0x3fff0030,len:6276
load:0x40078000,len:15716
load:0x40080400,len:4
ho 8 tail 4 room 4
load:0x40080404,len:3860
entry 0x4008063c
[0;32mI (31) boot: ESP-IDF v5.4-dirty 2nd stage bootloader[0m
[0;32mI (31) boot: compile time Mar  4 2025 22:58:18[0m
[0;32mI (31) boot: Multicore bootloader[0m
[0;32mI (33) boot: chip revision: v3.1[0m
[0;32mI (36) boot.esp32: SPI Speed      : 40MHz[0m
[0;32mI (39) boot.esp32: SPI Mode       : DIO[0m
[0;32mI (43) boot.esp32: SPI Flash Size : 2MB[0m
[0;32mI (46) boot: Enabling RNG early entropy source...[0m
[0;32mI (51) boot: Partition Table:[0m
[0;32mI (53) boot: ## Label            Usage          Type ST Offset   Length[0m
[0;32mI (60) boot:  0 nvs              WiFi data        01 02 00009000 00006000[0m
[0;32mI (66) boot:  1 phy_init         RF data          01 01 0000f000 00001000[0m
[0;32mI (73) boot:  2 factory          factory app      00 00 00010000 00100000[0m
[0;32mI (79) boot: End of partition table[0m
[0;32mI (83) esp_image: segment 0: paddr=00010020 vaddr=3f400020 size=0aad4h ( 43732) map[0m
[0;32mI (105) esp_image: segment 1: paddr=0001aafc vaddr=3ff80000 size=0001ch (    28) load[0m
[0;32mI (105) esp_image: segment 2: paddr=0001ab20 vaddr=3ffb0000 size=02444h (  9284) load[0m
[0;32mI (112) esp_image: segment 3: paddr=0001cf6c vaddr=40080000 size=030ach ( 12460) load[0m
[0;32mI (121) esp_image: segment 4: paddr=00020020 vaddr=400d0020 size=16bf4h ( 93172) map[0m
[0;32mI (156) esp_image: segment 5: paddr=00036c1c vaddr=400830ac size=0a72ch ( 42796) load[0m
[0;32mI (179) boot: Loaded app from partition at offset 0x10000[0m
[0;32mI (179) boot: Disabling RNG early entropy source...[0m
V (190) mmap: after coalescing, 3 regions are left
[0;32mI (190) cpu_start: Multicore app[0m
D (190) cpu_start: Pro cpu up
D (190) cpu_start: Starting app cpu, entry point is 0x4008113c
D (181) cpu_start: App cpu up
D (203) clk: RTC_SLOW_CLK calibration value: 3100237
D (215) cpu_start: calling init function: 0x400d1320 on core: 0
D (215) cpu_start: calling init function: 0x400d1588 on core: 0
[0;32mI (217) cpu_start: Pro cpu start user code[0m
[0;32mI (220) cpu_start: cpu freq: 160000000 Hz[0m
D (224) cpu_start: calling init function: 0x400d1260 on core: 0
[0;32mI (230) app_init: Application information:[0m
[0;32mI (234) app_init: Project name:     spi_test[0m
[0;32mI (238) app_init: App version:      25fcd45-dirty[0m
[0;32mI (242) app_init: Compile time:     Mar  4 2025 22:57:29[0m
[0;32mI (247) app_init: ELF file SHA256:  55b93bcc7...[0m
[0;32mI (251) app_init: ESP-IDF:          v5.4-dirty[0m
D (256) cpu_start: calling init function: 0x400d1334 on core: 0
[0;32mI (261) efuse_init: Min chip rev:     v0.0[0m
[0;32mI (265) efuse_init: Max chip rev:     v3.99 [0m
[0;32mI (269) efuse_init: Chip rev:         v3.1[0m
D (273) cpu_start: calling init function: 0x400d2ce4 on core: 0
V (279) memory_layout: reserved range is 0x3f40aa24 - 0x3f40aa6c
D (284) memory_layout: Checking 9 reserved memory ranges:
D (289) memory_layout: Reserved memory range 0x3ff82000 - 0x3ff82000
D (295) memory_layout: Reserved memory range 0x3ffae000 - 0x3ffae6e0
D (301) memory_layout: Reserved memory range 0x3ffb0000 - 0x3ffb3538
D (308) memory_layout: Reserved memory range 0x3ffe0000 - 0x3ffe0440
D (314) memory_layout: Reserved memory range 0x3ffe3f20 - 0x3ffe4350
D (320) memory_layout: Reserved memory range 0x40070000 - 0x40078000
D (326) memory_layout: Reserved memory range 0x40078000 - 0x40080000
D (332) memory_layout: Reserved memory range 0x40080000 - 0x4008d7d8
D (338) memory_layout: Reserved memory range 0x50001fe8 - 0x50002000
D (344) memory_layout: Building list of available memory regions:
V (350) memory_layout: Examining memory region 0x3ffae000 - 0x3ffb0000
V (356) memory_layout: Start of region 0x3ffae000 - 0x3ffb0000 overlaps reserved 0x3ffae000 - 0x3ffae6e0
D (365) memory_layout: Available memory region 0x3ffae6e0 - 0x3ffb0000
V (371) memory_layout: Examining memory region 0x3ffb0000 - 0x3ffb8000
V (378) memory_layout: Start of region 0x3ffb0000 - 0x3ffb8000 overlaps reserved 0x3ffb0000 - 0x3ffb3538
D (387) memory_layout: Available memory region 0x3ffb3538 - 0x3ffb8000
V (393) memory_layout: Examining memory region 0x3ffb8000 - 0x3ffc0000
D (399) memory_layout: Available memory region 0x3ffb8000 - 0x3ffc0000
V (406) memory_layout: Examining memory region 0x3ffc0000 - 0x3ffc2000
D (412) memory_layout: Available memory region 0x3ffc0000 - 0x3ffc2000
V (418) memory_layout: Examining memory region 0x3ffc2000 - 0x3ffc4000
D (424) memory_layout: Available memory region 0x3ffc2000 - 0x3ffc4000
V (431) memory_layout: Examining memory region 0x3ffc4000 - 0x3ffc6000
D (437) memory_layout: Available memory region 0x3ffc4000 - 0x3ffc6000
V (443) memory_layout: Examining memory region 0x3ffc6000 - 0x3ffc8000
D (449) memory_layout: Available memory region 0x3ffc6000 - 0x3ffc8000
V (456) memory_layout: Examining memory region 0x3ffc8000 - 0x3ffca000
D (462) memory_layout: Available memory region 0x3ffc8000 - 0x3ffca000
V (468) memory_layout: Examining memory region 0x3ffca000 - 0x3ffcc000
D (474) memory_layout: Available memory region 0x3ffca000 - 0x3ffcc000
V (481) memory_layout: Examining memory region 0x3ffcc000 - 0x3ffce000
D (487) memory_layout: Available memory region 0x3ffcc000 - 0x3ffce000
V (493) memory_layout: Examining memory region 0x3ffce000 - 0x3ffd0000
D (499) memory_layout: Available memory region 0x3ffce000 - 0x3ffd0000
V (506) memory_layout: Examining memory region 0x3ffd0000 - 0x3ffd2000
D (512) memory_layout: Available memory region 0x3ffd0000 - 0x3ffd2000
V (518) memory_layout: Examining memory region 0x3ffd2000 - 0x3ffd4000
D (524) memory_layout: Available memory region 0x3ffd2000 - 0x3ffd4000
V (531) memory_layout: Examining memory region 0x3ffd4000 - 0x3ffd6000
D (537) memory_layout: Available memory region 0x3ffd4000 - 0x3ffd6000
V (543) memory_layout: Examining memory region 0x3ffd6000 - 0x3ffd8000
D (549) memory_layout: Available memory region 0x3ffd6000 - 0x3ffd8000
V (556) memory_layout: Examining memory region 0x3ffd8000 - 0x3ffda000
D (562) memory_layout: Available memory region 0x3ffd8000 - 0x3ffda000
V (568) memory_layout: Examining memory region 0x3ffda000 - 0x3ffdc000
D (574) memory_layout: Available memory region 0x3ffda000 - 0x3ffdc000
V (581) memory_layout: Examining memory region 0x3ffdc000 - 0x3ffde000
D (587) memory_layout: Available memory region 0x3ffdc000 - 0x3ffde000
V (593) memory_layout: Examining memory region 0x3ffde000 - 0x3ffe0000
D (599) memory_layout: Available memory region 0x3ffde000 - 0x3ffe0000
V (606) memory_layout: Examining memory region 0x3ffe0000 - 0x3ffe4000
V (612) memory_layout: Start of region 0x3ffe0000 - 0x3ffe4000 overlaps reserved 0x3ffe0000 - 0x3ffe0440
V (621) memory_layout: End of region 0x3ffe0440 - 0x3ffe4000 overlaps reserved 0x3ffe3f20 - 0x3ffe4350
D (630) memory_layout: Available memory region 0x3ffe0440 - 0x3ffe3f20
V (636) memory_layout: Examining memory region 0x3ffe4000 - 0x3ffe8000
V (643) memory_layout: Start of region 0x3ffe4000 - 0x3ffe8000 overlaps reserved 0x3ffe3f20 - 0x3ffe4350
D (652) memory_layout: Available memory region 0x3ffe4350 - 0x3ffe8000
V (658) memory_layout: Examining memory region 0x3ffe8000 - 0x3fff0000
D (664) memory_layout: Available memory region 0x3ffe8000 - 0x3fff0000
V (671) memory_layout: Examining memory region 0x3fff0000 - 0x3fff8000
D (677) memory_layout: Available memory region 0x3fff0000 - 0x3fff8000
V (683) memory_layout: Examining memory region 0x3fff8000 - 0x3fffc000
D (689) memory_layout: Available memory region 0x3fff8000 - 0x3fffc000
V (696) memory_layout: Examining memory region 0x3fffc000 - 0x40000000
D (702) memory_layout: Available memory region 0x3fffc000 - 0x40000000
V (708) memory_layout: Examining memory region 0x40070000 - 0x40078000
V (714) memory_layout: Region 0x40070000 - 0x40078000 inside of reserved 0x40070000 - 0x40078000
V (723) memory_layout: Examining memory region 0x40078000 - 0x40080000
V (729) memory_layout: Region 0x40078000 - 0x40080000 inside of reserved 0x40078000 - 0x40080000
V (738) memory_layout: Examining memory region 0x40080000 - 0x40082000
V (744) memory_layout: Region 0x40080000 - 0x40082000 inside of reserved 0x40080000 - 0x4008d7d8
V (752) memory_layout: Examining memory region 0x40082000 - 0x40084000
V (759) memory_layout: Region 0x40082000 - 0x40084000 inside of reserved 0x40080000 - 0x4008d7d8
V (767) memory_layout: Examining memory region 0x40084000 - 0x40086000
V (773) memory_layout: Region 0x40084000 - 0x40086000 inside of reserved 0x40080000 - 0x4008d7d8
V (782) memory_layout: Examining memory region 0x40086000 - 0x40088000
V (788) memory_layout: Region 0x40086000 - 0x40088000 inside of reserved 0x40080000 - 0x4008d7d8
V (797) memory_layout: Examining memory region 0x40088000 - 0x4008a000
V (803) memory_layout: Region 0x40088000 - 0x4008a000 inside of reserved 0x40080000 - 0x4008d7d8
V (811) memory_layout: Examining memory region 0x4008a000 - 0x4008c000
V (818) memory_layout: Region 0x4008a000 - 0x4008c000 inside of reserved 0x40080000 - 0x4008d7d8
V (826) memory_layout: Examining memory region 0x4008c000 - 0x4008e000
V (832) memory_layout: Start of region 0x4008c000 - 0x4008e000 overlaps reserved 0x40080000 - 0x4008d7d8
D (842) memory_layout: Available memory region 0x4008d7d8 - 0x4008e000
V (848) memory_layout: Examining memory region 0x4008e000 - 0x40090000
D (854) memory_layout: Available memory region 0x4008e000 - 0x40090000
V (860) memory_layout: Examining memory region 0x40090000 - 0x40092000
D (867) memory_layout: Available memory region 0x40090000 - 0x40092000
V (873) memory_layout: Examining memory region 0x40092000 - 0x40094000
D (879) memory_layout: Available memory region 0x40092000 - 0x40094000
V (885) memory_layout: Examining memory region 0x40094000 - 0x40096000
D (892) memory_layout: Available memory region 0x40094000 - 0x40096000
V (898) memory_layout: Examining memory region 0x40096000 - 0x40098000
D (904) memory_layout: Available memory region 0x40096000 - 0x40098000
V (910) memory_layout: Examining memory region 0x40098000 - 0x4009a000
D (917) memory_layout: Available memory region 0x40098000 - 0x4009a000
V (923) memory_layout: Examining memory region 0x4009a000 - 0x4009c000
D (929) memory_layout: Available memory region 0x4009a000 - 0x4009c000
V (935) memory_layout: Examining memory region 0x4009c000 - 0x4009e000
D (942) memory_layout: Available memory region 0x4009c000 - 0x4009e000
V (948) memory_layout: Examining memory region 0x4009e000 - 0x400a0000
D (954) memory_layout: Available memory region 0x4009e000 - 0x400a0000
[0;32mI (960) heap_init: Initializing. RAM available for dynamic allocation:[0m
D (967) heap_init: New heap initialised at 0x3ffae6e0
[0;32mI (971) heap_init: At 3FFAE6E0 len 00001920 (6 KiB): DRAM[0m
D (977) heap_init: New heap initialised at 0x3ffb3538
[0;32mI (981) heap_init: At 3FFB3538 len 0002CAC8 (178 KiB): DRAM[0m
[0;32mI (987) heap_init: At 3FFE0440 len 00003AE0 (14 KiB): D/IRAM[0m
[0;32mI (992) heap_init: At 3FFE4350 len 0001BCB0 (111 KiB): D/IRAM[0m
D (997) heap_init: New heap initialised at 0x4008d7d8
[0;32mI (1002) heap_init: At 4008D7D8 len 00012828 (74 KiB): IRAM[0m
D (1008) cpu_start: calling init function: 0x400d1088 on core: 0
D (1013) cpu_start: calling init function: 0x400d3e28 on core: 0
D (1019) cpu_start: calling init function: 0x400d15cc on core: 0
V (1025) intr_alloc: esp_intr_alloc_intrstatus (cpu 0): checking args
V (1031) intr_alloc: esp_intr_alloc_intrstatus (cpu 0): Args okay. Resulting flags 0x40E
D (1039) intr_alloc: Connected src 46 to int 1 (cpu 0)
D (1044) cpu_start: calling init function: 0x400d15d8 on core: 0
D (1049) cpu_start: calling init function: 0x400d53a8 on core: 0
D (1055) cpu_start: calling init function: 0x400d6c58 on core: 0
D (1061) cpu_start: calling init function: 0x400d5d44 on core: 0
D (1066) cpu_start: calling init function: 0x400d3e94 on core: 0
D (1073) cpu_start: calling init function: 0x400d15e4 on core: 0
V (1078) memspi: raw_chip_id: 1740C8

V (1081) memspi: chip_id: C84017

V (1085) memspi: raw_chip_id: 1740C8

V (1088) memspi: chip_id: C84017

D (1091) spi_flash: trying chip: issi
D (1095) spi_flash: trying chip: gd
[0;32mI (1098) spi_flash: detected chip: gd[0m
[0;32mI (1101) spi_flash: flash io: dio[0m
[0;33mW (1104) spi_flash: Detected size(8192k) larger than the size in the binary image header(2048k). Using the size in the binary image header.[0m
D (1116) cpu_start: calling init function: 0x400d13c0 on core: 0
D (1122) cpu_start: calling init function: 0x4008595c
D (1127) cpu_start: calling init function: 0x400d250c
D (1132) cpu_start: calling init function: 0x400d1bac
D (1137) cpu_start: calling init function: 0x400e5730 on core: 0
D (1142) cpu_start: calling init function: 0x400d1608 on core: 0
V (1148) intr_alloc: esp_intr_alloc_intrstatus (cpu 0): checking args
V (1154) intr_alloc: esp_intr_alloc_intrstatus (cpu 0): Args okay. Resulting flags 0x40E
D (1162) intr_alloc: Connected src 24 to int 2 (cpu 0)
D (1167) app_start: Starting scheduler on CPU0
V (1171) intr_alloc: esp_intr_alloc_intrstatus (cpu 1): checking args
V (1171) intr_alloc: esp_intr_alloc_intrstatus (cpu 1): Args okay. Resulting flags 0x40E
I (D (1181) intr_alloc: Connected src 25 to int 1 (cpu 1)
D (1181) app_start: Starting scheduler on CPU1
1171) main_task: Started on CPU0
D (1201) heap_init: New heap initialised at 0x3ffe0440
D (1201) heap_init: New heap initialised at 0x3ffe4350
V (1201) intr_alloc: esp_intr_alloc_intrstatus (cpu 0): checking args
V (1211) intr_alloc: esp_intr_alloc_intrstatus (cpu 0): Args okay. Resulting flags 0xE
D (1211) intr_alloc: Connected src 16 to int 3 (cpu 0)
[0;32mI (1221) main_task: Calling app_main()[0m
[0;32mI (1221) gpio: GPIO[18]| InputEn: 0| OutputEn: 1| OpenDrain: 0| Pullup: 0| Pulldown: 0| Intr:0 [0m
[0;32mI (1231) gpio: GPIO[19]| InputEn: 0| OutputEn: 1| OpenDrain: 0| Pullup: 0| Pulldown: 0| Intr:0 [0m
[0;32mI (1241) gpio: GPIO[21]| InputEn: 0| OutputEn: 1| OpenDrain: 0| Pullup: 0| Pulldown: 0| Intr:0 [0m
[0;32mI (1251) gpio: GPIO[22]| InputEn: 0| OutputEn: 1| OpenDrain: 0| Pullup: 0| Pulldown: 0| Intr:0 [0m
[0;32mI (1261) SPI_SLAVE: Initializing SPI Slave Node...[0m
D (1261) spi: SPI3 use gpio matrix.
V (1261) intr_alloc: esp_intr_alloc_intrstatus (cpu 0): checking args
V (1271) intr_alloc: esp_intr_alloc_intrstatus (cpu 0): Args okay. Resulting flags 0x80E
D (1281) intr_alloc: Connected src 31 to int 5 (cpu 0)
[0;32mI (1281) SPI_SLAVE: SPI Slave Initialized[0m

abort() was called at PC 0x400829df on core 0


Backtrace: 0x40081a1d:0x3ffb0b00 0x40085e89:0x3ffb0b20 0x4008c001:0x3ffb0b40 0x400829df:0x3ffb0bb0 0x40082b1d:0x3ffb0be0 0x40082b96:0x3ffb0c00 0x400dcacf:0x3ffb0c30 0x400dc111:0x3ffb0f50 0x400e6b91:0x3ffb0f80 0x4008bf71:0x3ffb0fb0 0x400d6c87:0x3ffb1000 0x400849af:0x3ffb1020 0x40082fb5:0x3ffb1050 0x4000bfed:0x3ffb63e0 0x40086bde:0x3ffb63f0 0x400826ac:0x3ffb6410 0x400dacbe:0x3ffb6430 0x400dad78:0x3ffb6470 0x400d6dc8:0x3ffb64a0 0x40086845:0x3ffb64e0




ELF file SHA256: 55b93bcc7

Rebooting...
ets Jul 29 2019 12:21:46

rst:0xc (SW_CPU_RESET),boot:0x13 (SPI_FAST_FLASH_BOOT)
configsip: 0, SPIWP:0xee
clk_drv:0x00,q_drv:0x00,d_drv:0x00,cs0_drv:0x00,hd_drv:0x00,wp_drv:0x00
mode:DIO, clock div:2
load:0x3fff0030,len:6276
load:0x40078000,len:15716
load:0x40080400,len:4
ho 8 tail 4 room 4
load:0x40080404,len:3860
entry 0x4008063c
[0;32mI (31) boot: ESP-IDF v5.4-dirty 2nd stage bootloader[0m
[0;32mI (31) boot: compile time Mar  4 2025 22:58:18[0m
[0;32mI (31) boot: Multicore bootloader[0m
[0;32mI (33) boot: chip revision: v3.1[0m
[0;32mI (36) boot.esp32: SPI Speed      : 40MHz[0m
[0;32mI (39) boot.esp32: SPI Mode       : DIO[0m
[0;32mI (43) boot.esp32: SPI Flash Size : 2MB[0m
[0;32mI (46) boot: Enabling RNG early entropy source...[0m
[0;32mI (51) boot: Partition Table:[0m
[0;32mI (53) boot: ## Label            Usage          Type ST Offset   Length[0m
[0;32mI (60) boot:  0 nvs              WiFi data        01 02 00009000 00006000[0m
[0;32mI (66) boot:  1 phy_init         RF data          01 01 0000f000 00001000[0m
[0;32mI (73) boot:  2 factory          factory app      00 00 00010000 00100000[0m
[0;32mI (79) boot: End of partition table[0m
[0;32mI (83) esp_image: segment 0: paddr=00010020 vaddr=3f400020 size=0aad4h ( 43732) map[0m
[0;32mI (105) esp_image: segment 1: paddr=0001aafc vaddr=3ff80000 size=0001ch (    28) load[0m
[0;32mI (105) esp_image: segment 2: paddr=0001ab20 vaddr=3ffb0000 size=02444h (  9284) load[0m
[0;32mI (112) esp_image: segment 3: paddr=0001cf6c vaddr=40080000 size=030ach ( 12460) load[0m
[0;32mI (121) esp_image: segment 4: paddr=00020020 vaddr=400d0020 size=16bf4h ( 93172) map[0m
[0;32mI (156) esp_image: segment 5: paddr=00036c1c vaddr=400830ac size=0a72ch ( 42796) load[0m
[0;32mI (179) boot: Loaded app from partition at offset 0x10000[0m
[0;32mI (179) boot: Disabling RNG early entropy source...[0m
V (190) mmap: after coalescing, 3 regions are left
[0;32mI (190) cpu_start: Multicore app[0m
D (190) cpu_start: Pro cpu up
D (190) cpu_start: Starting app cpu, entry point is 0x4008113c
D (181) cpu_start: App cpu up
D (203) clk: RTC_SLOW_CLK calibration value: 3100544
D (215) cpu_start: calling init function: 0x400d1320 on core: 0
D (215) cpu_start: calling init function: 0x400d1588 on core: 0
[0;32mI (217) cpu_start: Pro cpu start user code[0m
[0;32mI (220) cpu_start: cpu freq: 160000000 Hz[0m
D (224) cpu_start: calling init function: 0x400d1260 on core: 0
[0;32mI (230) app_init: Application information:[0m
[0;32mI (234) app_init: Project name:     spi_test[0m
[0;32mI (238) app_init: App version:      25fcd45-dirty[0m
[0;32mI (242) app_init: Compile time:     Mar  4 2025 22:57:29[0m
[0;32mI (247) app_init: ELF file SHA256:  55b93bcc7...[0m
[0;32mI (251) app_init: ESP-IDF:          v5.4-dirty[0m
D (256) cpu_start: calling init function: 0x400d1334 on core: 0
[0;32mI (261) efuse_init: Min chip rev:     v0.0[0m
[0;32mI (265) efuse_init: Max chip rev:     v3.99 [0m
[0;32mI (269) efuse_init: Chip rev:         v3.1[0m
D (273) cpu_start: calling init function: 0x400d2ce4 on core: 0
V (279) memory_layout: reserved range is 0x3f40aa24 - 0x3f40aa6c
D (284) memory_layout: Checking 9 reserved memory ranges:
D (289) memory_layout: Reserved memory range 0x3ff82000 - 0x3ff82000
D (295) memory_layout: Reserved memory range 0x3ffae000 - 0x3ffae6e0
D (301) memory_layout: Reserved memory range 0x3ffb0000 - 0x3ffb3538
D (308) memory_layout: Reserved memory range 0x3ffe0000 - 0x3ffe0440
D (314) memory_layout: Reserved memory range 0x3ffe3f20 - 0x3ffe4350
D (320) memory_layout: Reserved memory range 0x40070000 - 0x40078000
D (326) memory_layout: Reserved memory range 0x40078000 - 0x40080000
D (332) memory_layout: Reserved memory range 0x40080000 - 0x4008d7d8
D (338) memory_layout: Reserved memory range 0x50001fe8 - 0x50002000
D (344) memory_layout: Building list of available memory regions:
V (350) memory_layout: Examining memory region 0x3ffae000 - 0x3ffb0000
V (356) memory_layout: Start of region 0x3ffae000 - 0x3ffb0000 overlaps reserved 0x3ffae000 - 0x3ffae6e0
D (365) memory_layout: Available memory region 0x3ffae6e0 - 0x3ffb0000
V (371) memory_layout: Examining memory region 0x3ffb0000 - 0x3ffb8000
V (378) memory_layout: Start of region 0x3ffb0000 - 0x3ffb8000 overlaps reserved 0x3ffb0000 - 0x3ffb3538
D (387) memory_layout: Available memory region 0x3ffb3538 - 0x3ffb8000
V (393) memory_layout: Examining memory region 0x3ffb8000 - 0x3ffc0000
D (399) memory_layout: Available memory region 0x3ffb8000 - 0x3ffc0000
V (406) memory_layout: Examining memory region 0x3ffc0000 - 0x3ffc2000
D (412) memory_layout: Available memory region 0x3ffc0000 - 0x3ffc2000
V (418) memory_layout: Examining memory region 0x3ffc2000 - 0x3ffc4000
D (424) memory_layout: Available memory region 0x3ffc2000 - 0x3ffc4000
V (431) memory_layout: Examining memory region 0x3ffc4000 - 0x3ffc6000
D (437) memory_layout: Available memory region 0x3ffc4000 - 0x3ffc6000
V (443) memory_layout: Examining memory region 0x3ffc6000 - 0x3ffc8000
D (449) memory_layout: Available memory region 0x3ffc6000 - 0x3ffc8000
V (456) memory_layout: Examining memory region 0x3ffc8000 - 0x3ffca000
D (462) memory_layout: Available memory region 0x3ffc8000 - 0x3ffca000
V (468) memory_layout: Examining memory region 0x3ffca000 - 0x3ffcc000
D (474) memory_layout: Available memory region 0x3ffca000 - 0x3ffcc000
V (481) memory_layout: Examining memory region 0x3ffcc000 - 0x3ffce000
D (487) memory_layout: Available memory region 0x3ffcc000 - 0x3ffce000
V (493) memory_layout: Examining memory region 0x3ffce000 - 0x3ffd0000
D (499) memory_layout: Available memory region 0x3ffce000 - 0x3ffd0000
V (506) memory_layout: Examining memory region 0x3ffd0000 - 0x3ffd2000
D (512) memory_layout: Available memory region 0x3ffd0000 - 0x3ffd2000
V (518) memory_layout: Examining memory region 0x3ffd2000 - 0x3ffd4000
D (524) memory_layout: Available memory region 0x3ffd2000 - 0x3ffd4000
V (531) memory_layout: Examining memory region 0x3ffd4000 - 0x3ffd6000
D (537) memory_layout: Available memory region 0x3ffd4000 - 0x3ffd6000
V (543) memory_layout: Examining memory region 0x3ffd6000 - 0x3ffd8000
D (549) memory_layout: Available memory region 0x3ffd6000 - 0x3ffd8000
V (556) memory_layout: Examining memory region 0x3ffd8000 - 0x3ffda000
D (562) memory_layout: Available memory region 0x3ffd8000 - 0x3ffda000
V (568) memory_layout: Examining memory region 0x3ffda000 - 0x3ffdc000
D (574) memory_layout: Available memory region 0x3ffda000 - 0x3ffdc000
V (581) memory_layout: Examining memory region 0x3ffdc000 - 0x3ffde000
D (587) memory_layout: Available memory region 0x3ffdc000 - 0x3ffde000
V (593) memory_layout: Examining memory region 0x3ffde000 - 0x3ffe0000
D (599) memory_layout: Available memory region 0x3ffde000 - 0x3ffe0000
V (606) memory_layout: Examining memory region 0x3ffe0000 - 0x3ffe4000
V (612) memory_layout: Start of region 0x3ffe0000 - 0x3ffe4000 overlaps reserved 0x3ffe0000 - 0x3ffe0440
V (621) memory_layout: End of region 0x3ffe0440 - 0x3ffe4000 overlaps reserved 0x3ffe3f20 - 0x3ffe4350
D (630) memory_layout: Available memory region 0x3ffe0440 - 0x3ffe3f20
V (636) memory_layout: Examining memory region 0x3ffe4000 - 0x3ffe8000
V (643) memory_layout: Start of region 0x3ffe4000 - 0x3ffe8000 overlaps reserved 0x3ffe3f20 - 0x3ffe4350
D (652) memory_layout: Available memory region 0x3ffe4350 - 0x3ffe8000
V (658) memory_layout: Examining memory region 0x3ffe8000 - 0x3fff0000
D (664) memory_layout: Available memory region 0x3ffe8000 - 0x3fff0000
V (671) memory_layout: Examining memory region 0x3fff0000 - 0x3fff8000
D (677) memory_layout: Available memory region 0x3fff0000 - 0x3fff8000
V (683) memory_layout: Examining memory region 0x3fff8000 - 0x3fffc000
D (689) memory_layout: Available memory region 0x3fff8000 - 0x3fffc000
V (696) memory_layout: Examining memory region 0x3fffc000 - 0x40000000
D (702) memory_layout: Available memory region 0x3fffc000 - 0x40000000
V (708) memory_layout: Examining memory region 0x40070000 - 0x40078000
V (714) memory_layout: Region 0x40070000 - 0x40078000 inside of reserved 0x40070000 - 0x40078000
V (723) memory_layout: Examining memory region 0x40078000 - 0x40080000
V (729) memory_layout: Region 0x40078000 - 0x40080000 inside of reserved 0x40078000 - 0x40080000
V (738) memory_layout: Examining memory region 0x40080000 - 0x40082000
V (744) memory_layout: Region 0x40080000 - 0x40082000 inside of reserved 0x40080000 - 0x4008d7d8
V (752) memory_layout: Examining memory region 0x40082000 - 0x40084000
V (759) memory_layout: Region 0x40082000 - 0x40084000 inside of reserved 0x40080000 - 0x4008d7d8
V (767) memory_layout: Examining memory region 0x40084000 - 0x40086000
V (773) memory_layout: Region 0x40084000 - 0x40086000 inside of reserved 0x40080000 - 0x4008d7d8
V (782) memory_layout: Examining memory region 0x40086000 - 0x40088000
V (788) memory_layout: Region 0x40086000 - 0x40088000 inside of reserved 0x40080000 - 0x4008d7d8
V (797) memory_layout: Examining memory region 0x40088000 - 0x4008a000
V (803) memory_layout: Region 0x40088000 - 0x4008a000 inside of reserved 0x40080000 - 0x4008d7d8
V (811) memory_layout: Examining memory region 0x4008a000 - 0x4008c000
V (818) memory_layout: Region 0x4008a000 - 0x4008c000 inside of reserved 0x40080000 - 0x4008d7d8
V (826) memory_layout: Examining memory region 0x4008c000 - 0x4008e000
V (832) memory_layout: Start of region 0x4008c000 - 0x4008e000 overlaps reserved 0x40080000 - 0x4008d7d8
D (842) memory_layout: Available memory region 0x4008d7d8 - 0x4008e000
V (848) memory_layout: Examining memory region 0x4008e000 - 0x40090000
D (854) memory_layout: Available memory region 0x4008e000 - 0x40090000
V (860) memory_layout: Examining memory region 0x40090000 - 0x40092000
D (867) memory_layout: Available memory region 0x40090000 - 0x40092000
V (873) memory_layout: Examining memory region 0x40092000 - 0x40094000
D (879) memory_layout: Available memory region 0x40092000 - 0x40094000
V (885) memory_layout: Examining memory region 0x40094000 - 0x40096000
D (892) memory_layout: Available memory region 0x40094000 - 0x40096000
V (898) memory_layout: Examining memory region 0x40096000 - 0x40098000
D (904) memory_layout: Available memory region 0x40096000 - 0x40098000
V (910) memory_layout: Examining memory region 0x40098000 - 0x4009a000
D (917) memory_layout: Available memory region 0x40098000 - 0x4009a000
V (923) memory_layout: Examining memory region 0x4009a000 - 0x4009c000
D (929) memory_layout: Available memory region 0x4009a000 - 0x4009c000
V (935) memory_layout: Examining memory region 0x4009c000 - 0x4009e000
D (942) memory_layout: Available memory region 0x4009c000 - 0x4009e000
V (948) memory_layout: Examining memory region 0x4009e000 - 0x400a0000
D (954) memory_layout: Available memory region 0x4009e000 - 0x400a0000
[0;32mI (960) heap_init: Initializing. RAM available for dynamic allocation:[0m
D (967) heap_init: New heap initialised at 0x3ffae6e0
[0;32mI (971) heap_init: At 3FFAE6E0 len 00001920 (6 KiB): DRAM[0m
D (977) heap_init: New heap initialised at 0x3ffb3538
[0;32mI (981) heap_init: At 3FFB3538 len 0002CAC8 (178 KiB): DRAM[0m
[0;32mI (987) heap_init: At 3FFE0440 len 00003AE0 (14 KiB): D/IRAM[0m
[0;32mI (992) heap_init: At 3FFE4350 len 0001BCB0 (111 KiB): D/IRAM[0m
D (997) heap_init: New heap initialised at 0x4008d7d8
[0;32mI (1002) heap_init: At 4008D7D8 len 00012828 (74 KiB): IRAM[0m
D (1008) cpu_start: calling init function: 0x400d1088 on core: 0
D (1013) cpu_start: calling init function: 0x400d3e28 on core: 0
D (1019) cpu_start: calling init function: 0x400d15cc on core: 0
V (1025) intr_alloc: esp_intr_alloc_intrstatus (cpu 0): checking args
V (1031) intr_alloc: esp_intr_alloc_intrstatus (cpu 0): Args okay. Resulting flags 0x40E
D (1039) intr_alloc: Connected src 46 to int 1 (cpu 0)
D (1044) cpu_start: calling init function: 0x400d15d8 on core: 0
D (1049) cpu_start: calling init function: 0x400d53a8 on core: 0
D (1055) cpu_start: calling init function: 0x400d6c58 on core: 0
D (1061) cpu_start: calling init function: 0x400d5d44 on core: 0
D (1066) cpu_start: calling init function: 0x400d3e94 on core: 0
D (1073) cpu_start: calling init function: 0x400d15e4 on core: 0
V (1078) memspi: raw_chip_id: 1740C8

V (1081) memspi: chip_id: C84017

V (1085) memspi: raw_chip_id: 1740C8

V (1088) memspi: chip_id: C84017

D (1091) spi_flash: trying chip: issi
D (1095) spi_flash: trying chip: gd
[0;32mI (1098) spi_flash: detected chip: gd[0m
[0;32mI (1101) spi_flash: flash io: dio[0m
[0;33mW (1104) spi_flash: Detected size(8192k) larger than the size in the binary image header(2048k). Using the size in the binary image header.[0m
D (1116) cpu_start: calling init function: 0x400d13c0 on core: 0
D (1122) cpu_start: calling init function: 0x4008595c
D (1127) cpu_start: calling init function: 0x400d250c
D (1132) cpu_start: calling init function: 0x400d1bac
D (1137) cpu_start: calling init function: 0x400e5730 on core: 0
D (1142) cpu_start: calling init function: 0x400d1608 on core: 0
V (1148) intr_alloc: esp_intr_alloc_intrstatus (cpu 0): checking args
V (1154) intr_alloc: esp_intr_alloc_intrstatus (cpu 0): Args okay. Resulting flags 0x40E
D (1162) intr_alloc: Connected src 24 to int 2 (cpu 0)
D (1167) app_start: Starting scheduler on CPU0
V (1171) intr_alloc: esp_intr_alloc_intrstatus (cpu 1): checking args
V (1171) intr_alloc: esp_intr_alloc_intrstatus (cpu 1): Args okay. Resulting flags 0x40E
I (D (1181) intr_alloc: Connected src 25 to int 1 (cpu 1)
D (1181) app_start: Starting scheduler on CPU1
1171) main_task: Started on CPU0
D (1201) heap_init: New heap initialised at 0x3ffe0440
D (1201) heap_init: New heap initialised at 0x3ffe4350
V (1201) intr_alloc: esp_intr_alloc_intrstatus (cpu 0): checking args
V (1211) intr_alloc: esp_intr_alloc_intrstatus (cpu 0): Args okay. Resulting flags 0xE
D (1211) intr_alloc: Connected src 16 to int 3 (cpu 0)
[0;32mI (1221) main_task: Calling app_main()[0m
[0;32mI (1221) gpio: GPIO[18]| InputEn: 0| OutputEn: 1| OpenDrain: 0| Pullup: 0| Pulldown: 0| Intr:0 [0m
[0;32mI (1231) gpio: GPIO[19]| InputEn: 0| OutputEn: 1| OpenDrain: 0| Pullup: 0| Pulldown: 0| Intr:0 [0m
[0;32mI (1241) gpio: GPIO[21]| InputEn: 0| OutputEn: 1| OpenDrain: 0| Pullup: 0| Pulldown: 0| Intr:0 [0m
[0;32mI (1251) gpio: GPIO[22]| InputEn: 0| OutputEn: 1| OpenDrain: 0| Pullup: 0| Pulldown: 0| Intr:0 [0m
[0;32mI (1261) SPI_SLAVE: Initializing SPI Slave Node...[0m
D (1261) spi: SPI3 use gpio matrix.
V (1261) intr_alloc: esp_intr_alloc_intrstatus (cpu 0): checking args
V (1271) intr_alloc: esp_intr_alloc_intrstatus (cpu 0): Args okay. Resulting flags 0x80E
D (1281) intr_alloc: Connected src 31 to int 5 (cpu 0)
[0;32mI (1281) SPI_SLAVE: SPI Slave Initialized[0m

abort() was called at PC 0x400829df on core 0


Backtrace: 0x40081a1d:0x3ffb0b00 0x40085e89:0x3ffb0b20 0x4008c001:0x3ffb0b40 0x400829df:0x3ffb0bb0 0x40082b1d:0x3ffb0be0 0x40082b96:0x3ffb0c00 0x400dcacf:0x3ffb0c30 0x400dc111:0x3ffb0f50 0x400e6b91:0x3ffb0f80 0x4008bf71:0x3ffb0fb0 0x400d6c87:0x3ffb1000 0x400849af:0x3ffb1020 0x40082fb5:0x3ffb1050 0x4000bfed:0x3ffb63e0 0x40086bde:0x3ffb63f0 0x400826ac:0x3ffb6410 0x400dacbe:0x3ffb6430 0x400dad78:0x3ffb6470 0x400d6dc8:0x3ffb64a0 0x40086845:0x3ffb64e0




ELF file SHA256: 55b93bcc7

Rebooting...
ets Jul 29 2019 12:21:46

rst:0xc (SW_CPU_RESET),boot:0x13 (SPI_FAST_FLASH_BOOT)
configsip: 0, SPIWP:0xee
clk_drv:0x00,q_drv:0x00,d_drv:0x00,cs0_drv:0x00,hd_drv:0x00,wp_drv:0x00
mode:DIO, clock div:2
load:0x3fff0030,len:6276
load:0x40078000,len:15716
load:0x40080400,len:4
ho 8 tail 4 room 4
load:0x40080404,len:3860
entry 0x4008063c
[0;32mI (31) boot: ESP-IDF v5.4-dirty 2nd stage bootloader[0m
[0;32mI (31) boot: compile time Mar  4 2025 22:58:18[0m
[0;32mI (31) boot: Multicore bootloader[0m
[0;32mI (33) boot: chip revision: v3.1[0m
[0;32mI (36) boot.esp32: SPI Speed      : 40MHz[0m
[0;32mI (39) boot.esp32: SPI Mode       : DIO[0m
[0;32mI (43) boot.esp32: SPI Flash Size : 2MB[0m
[0;32mI (46) boot: Enabling RNG early entropy source...[0m
[0;32mI (51) boot: Partition Table:[0m
[0;32mI (53) boot: ## Label            Usage          Type ST Offset   Length[0m
[0;32mI (60) boot:  0 nvs              WiFi data        01 02 00009000 00006000[0m
[0;32mI (66) boot:  1 phy_init         RF data          01 01 0000f000 00001000[0m
[0;32mI (73) boot:  2 factory          factory app      00 00 00010000 00100000[0m
[0;32mI (79) boot: End of partition table[0m
[0;32mI (83) esp_image: segment 0: paddr=00010020 vaddr=3f400020 size=0aad4h ( 43732) map[0m
[0;32mI (105) esp_image: segment 1: paddr=0001aafc vaddr=3ff80000 size=0001ch (    28) load[0m
[0;32mI (105) esp_image: segment 2: paddr=0001ab20 vaddr=3ffb0000 size=02444h (  9284) load[0m
[0;32mI (112) esp_image: segment 3: paddr=0001cf6c vaddr=40080000 size=030ach ( 12460) load[0m
[0;32mI (121) esp_image: segment 4: paddr=00020020 vaddr=400d0020 size=16bf4h ( 93172) map[0m
[0;32mI (156) esp_image: segment 5: paddr=00036c1c vaddr=400830ac size=0a72ch ( 42796) load[0m
[0;32mI (179) boot: Loaded app from partition at offset 0x10000[0m
[0;32mI (179) boot: Disabling RNG early entropy source...[0m
V (190) mmap: after coalescing, 3 regions are left
[0;32mI (190) cpu_start: Multicore app[0m
D (190) cpu_start: Pro cpu up
D (190) cpu_start: Starting app cpu, entry point is 0x4008113c
D (181) cpu_start: App cpu up
D (203) clk: RTC_SLOW_CLK calibration value: 3098086
D (215) cpu_start: calling init function: 0x400d1320 on core: 0
D (215) cpu_start: calling init function: 0x400d1588 on core: 0
[0;32mI (217) cpu_start: Pro cpu start user code[0m
[0;32mI (220) cpu_start: cpu freq: 160000000 Hz[0m
D (224) cpu_start: calling init function: 0x400d1260 on core: 0
[0;32mI (230) app_init: Application information:[0m
[0;32mI (234) app_init: Project name:     spi_test[0m
[0;32mI (238) app_init: App version:      25fcd45-dirty[0m
[0;32mI (242) app_init: Compile time:     Mar  4 2025 22:57:29[0m
[0;32mI (247) app_init: ELF file SHA256:  55b93bcc7...[0m
[0;32mI (251) app_init: ESP-IDF:          v5.4-dirty[0m
D (256) cpu_start: calling init function: 0x400d1334 on core: 0
[0;32mI (261) efuse_init: Min chip rev:     v0.0[0m
[0;32mI (265) efuse_init: Max chip rev:     v3.99 [0m
[0;32mI (269) efuse_init: Chip rev:         v3.1[0m
D (273) cpu_start: calling init function: 0x400d2ce4 on core: 0
V (279) memory_layout: reserved range is 0x3f40aa24 - 0x3f40aa6c
D (284) memory_layout: Checking 9 reserved memory ranges:
D (289) memory_layout: Reserved memory range 0x3ff82000 - 0x3ff82000
D (295) memory_layout: Reserved memory range 0x3ffae000 - 0x3ffae6e0
D (301) memory_layout: Reserved memory range 0x3ffb0000 - 0x3ffb3538
D (308) memory_layout: Reserved memory range 0x3ffe0000 - 0x3ffe0440
D (314) memory_layout: Reserved memory range 0x3ffe3f20 - 0x3ffe4350
D (320) memory_layout: Reserved memory range 0x40070000 - 0x40078000
D (326) memory_layout: Reserved memory range 0x40078000 - 0x40080000
D (332) memory_layout: Reserved memory range 0x40080000 - 0x4008d7d8
D (338) memory_layout: Reserved memory range 0x50001fe8 - 0x50002000
D (344) memory_layout: Building list of available memory regions:
V (350) memory_layout: Examining memory region 0x3ffae000 - 0x3ffb0000
V (356) memory_layout: Start of region 0x3ffae000 - 0x3ffb0000 overlaps reserved 0x3ffae000 - 0x3ffae6e0
D (365) memory_layout: Available memory region 0x3ffae6e0 - 0x3ffb0000
V (371) memory_layout: Examining memory region 0x3ffb0000 - 0x3ffb8000
V (378) memory_layout: Start of region 0x3ffb0000 - 0x3ffb8000 overlaps reserved 0x3ffb0000 - 0x3ffb3538
D (387) memory_layout: Available memory region 0x3ffb3538 - 0x3ffb8000
V (393) memory_layout: Examining memory region 0x3ffb8000 - 0x3ffc0000
D (399) memory_layout: Available memory region 0x3ffb8000 - 0x3ffc0000
V (406) memory_layout: Examining memory region 0x3ffc0000 - 0x3ffc2000
D (412) memory_layout: Available memory region 0x3ffc0000 - 0x3ffc2000
V (418) memory_layout: Examining memory region 0x3ffc2000 - 0x3ffc4000
D (424) memory_layout: Available memory region 0x3ffc2000 - 0x3ffc4000
V (431) memory_layout: Examining memory region 0x3ffc4000 - 0x3ffc6000
D (437) memory_layout: Available memory region 0x3ffc4000 - 0x3ffc6000
V (443) memory_layout: Examining memory region 0x3ffc6000 - 0x3ffc8000
D (449) memory_layout: Available memory region 0x3ffc6000 - 0x3ffc8000
V (456) memory_layout: Examining memory region 0x3ffc8000 - 0x3ffca000
D (462) memory_layout: Available memory region 0x3ffc8000 - 0x3ffca000
V (468) memory_layout: Examining memory region 0x3ffca000 - 0x3ffcc000
D (474) memory_layout: Available memory region 0x3ffca000 - 0x3ffcc000
V (481) memory_layout: Examining memory region 0x3ffcc000 - 0x3ffce000
D (487) memory_layout: Available memory region 0x3ffcc000 - 0x3ffce000
V (493) memory_layout: Examining memory region 0x3ffce000 - 0x3ffd0000
D (499) memory_layout: Available memory region 0x3ffce000 - 0x3ffd0000
V (506) memory_layout: Examining memory region 0x3ffd0000 - 0x3ffd2000
D (512) memory_layout: Available memory region 0x3ffd0000 - 0x3ffd2000
V (518) memory_layout: Examining memory region 0x3ffd2000 - 0x3ffd4000
D (524) memory_layout: Available memory region 0x3ffd2000 - 0x3ffd4000
V (531) memory_layout: Examining memory region 0x3ffd4000 - 0x3ffd6000
D (537) memory_layout: Available memory region 0x3ffd4000 - 0x3ffd6000
V (543) memory_layout: Examining memory region 0x3ffd6000 - 0x3ffd8000
D (549) memory_layout: Available memory region 0x3ffd6000 - 0x3ffd8000
V (556) memory_layout: Examining memory region 0x3ffd8000 - 0x3ffda000
D (562) memory_layout: Available memory region 0x3ffd8000 - 0x3ffda000
V (568) memory_layout: Examining memory region 0x3ffda000 - 0x3ffdc000
D (574) memory_layout: Available memory region 0x3ffda000 - 0x3ffdc000
V (581) memory_layout: Examining memory region 0x3ffdc000 - 0x3ffde000
D (587) memory_layout: Available memory region 0x3ffdc000 - 0x3ffde000
V (593) memory_layout: Examining memory region 0x3ffde000 - 0x3ffe0000
D (599) memory_layout: Available memory region 0x3ffde000 - 0x3ffe0000
V (606) memory_layout: Examining memory region 0x3ffe0000 - 0x3ffe4000
V (612) memory_layout: Start of region 0x3ffe0000 - 0x3ffe4000 overlaps reserved 0x3ffe0000 - 0x3ffe0440
V (621) memory_layout: End of region 0x3ffe0440 - 0x3ffe4000 overlaps reserved 0x3ffe3f20 - 0x3ffe4350
D (630) memory_layout: Available memory region 0x3ffe0440 - 0x3ffe3f20
V (636) memory_layout: Examining memory region 0x3ffe4000 - 0x3ffe8000
V (643) memory_layout: Start of region 0x3ffe4000 - 0x3ffe8000 overlaps reserved 0x3ffe3f20 - 0x3ffe4350
D (652) memory_layout: Available memory region 0x3ffe4350 - 0x3ffe8000
V (658) memory_layout: Examining memory region 0x3ffe8000 - 0x3fff0000
D (664) memory_layout: Available memory region 0x3ffe8000 - 0x3fff0000
V (671) memory_layout: Examining memory region 0x3fff0000 - 0x3fff8000
D (677) memory_layout: Available memory region 0x3fff0000 - 0x3fff8000
V (683) memory_layout: Examining memory region 0x3fff8000 - 0x3fffc000
D (689) memory_layout: Available memory region 0x3fff8000 - 0x3fffc000
V (696) memory_layout: Examining memory region 0x3fffc000 - 0x40000000
D (702) memory_layout: Available memory region 0x3fffc000 - 0x40000000
V (708) memory_layout: Examining memory region 0x40070000 - 0x40078000
V (714) memory_layout: Region 0x40070000 - 0x40078000 inside of reserved 0x40070000 - 0x40078000
V (723) memory_layout: Examining memory region 0x40078000 - 0x40080000
V (729) memory_layout: Region 0x40078000 - 0x40080000 inside of reserved 0x40078000 - 0x40080000
V (738) memory_layout: Examining memory region 0x40080000 - 0x40082000
V (744) memory_layout: Region 0x40080000 - 0x40082000 inside of reserved 0x40080000 - 0x4008d7d8
V (752) memory_layout: Examining memory region 0x40082000 - 0x40084000
V (759) memory_layout: Region 0x40082000 - 0x40084000 inside of reserved 0x40080000 - 0x4008d7d8
V (767) memory_layout: Examining memory region 0x40084000 - 0x40086000
V (773) memory_layout: Region 0x40084000 - 0x40086000 inside of reserved 0x40080000 - 0x4008d7d8
V (782) memory_layout: Examining memory region 0x40086000 - 0x40088000
V (788) memory_layout: Region 0x40086000 - 0x40088000 inside of reserved 0x40080000 - 0x4008d7d8
V (797) memory_layout: Examining memory region 0x40088000 - 0x4008a000
V (803) memory_layout: Region 0x40088000 - 0x4008a000 inside of reserved 0x40080000 - 0x4008d7d8
V (811) memory_layout: Examining memory region 0x4008a000 - 0x4008c000
V (818) memory_layout: Region 0x4008a000 - 0x4008c000 inside of reserved 0x40080000 - 0x4008d7d8
V (826) memory_layout: Examining memory region 0x4008c000 - 0x4008e000
V (832) memory_layout: Start of region 0x4008c000 - 0x4008e000 overlaps reserved 0x40080000 - 0x4008d7d8
D (842) memory_layout: Available memory region 0x4008d7d8 - 0x4008e000
V (848) memory_layout: Examining memory region 0x4008e000 - 0x40090000
D (854) memory_layout: Available memory region 0x4008e000 - 0x40090000
V (860) memory_layout: Examining memory region 0x40090000 - 0x40092000
D (867) memory_layout: Available memory region 0x40090000 - 0x40092000
V (873) memory_layout: Examining memory region 0x40092000 - 0x40094000
D (879) memory_layout: Available memory region 0x40092000 - 0x40094000
V (885) memory_layout: Examining memory region 0x40094000 - 0x40096000
D (892) memory_layout: Available memory region 0x40094000 - 0x40096000
V (898) memory_layout: Examining memory region 0x40096000 - 0x40098000
D (904) memory_layout: Available memory region 0x40096000 - 0x40098000
V (910) memory_layout: Examining memory region 0x40098000 - 0x4009a000
D (917) memory_layout: Available memory region 0x40098000 - 0x4009a000
V (923) memory_layout: Examining memory region 0x4009a000 - 0x4009c000
D (929) memory_layout: Available memory region 0x4009a000 - 0x4009c000
V (935) memory_layout: Examining memory region 0x4009c000 - 0x4009e000
D (942) memory_layout: Available memory region 0x4009c000 - 0x4009e000
V (948) memory_layout: Examining memory region 0x4009e000 - 0x400a0000
D (954) memory_layout: Available memory region 0x4009e000 - 0x400a0000
[0;32mI (960) heap_init: Initializing. RAM available for dynamic allocation:[0m
D (967) heap_init: New heap initialised at 0x3ffae6e0
[0;32mI (971) heap_init: At 3FFAE6E0 len 00001920 (6 KiB): DRAM[0m
D (977) heap_init: New heap initialised at 0x3ffb3538
[0;32mI (981) heap_init: At 3FFB3538 len 0002CAC8 (178 KiB): DRAM[0m
[0;32mI (987) heap_init: At 3FFE0440 len 00003AE0 (14 KiB): D/IRAM[0m
[0;32mI (992) heap_init: At 3FFE4350 len 0001BCB0 (111 KiB): D/IRAM[0m
D (997) heap_init: New heap initialised at 0x4008d7d8
[0;32mI (1002) heap_init: At 4008D7D8 len 00012828 (74 KiB): IRAM[0m
D (1008) cpu_start: calling init function: 0x400d1088 on core: 0
D (1013) cpu_start: calling init function: 0x400d3e28 on core: 0
D (1019) cpu_start: calling init function: 0x400d15cc on core: 0
V (1025) intr_alloc: esp_intr_alloc_intrstatus (cpu 0): checking args
V (1031) intr_alloc: esp_intr_alloc_intrstatus (cpu 0): Args okay. Resulting flags 0x40E
D (1039) intr_alloc: Connected src 46 to int 1 (cpu 0)
