ets Jul 29 2019 12:21:46

rst:0x1 (POWERON_RESET),boot:0x13 (SPI_FAST_FLASH_BOOT)
configsip: 0, SPIWP:0xee
clk_drv:0x00,q_drv:0x00,d_drv:0x00,cs0_drv:0x00,hd_drv:0x00,wp_drv:0x00
mode:DIO, clock div:2
load:0x3fff0030,len:6276
load:0x40078000,len:15716
load:0x40080400,len:4
ho 8 tail 4 room 4
load:0x40080404,len:3860
entry 0x4008063c
[0;32mI (31) boot: ESP-IDF v5.4-dirty 2nd stage bootloader[0m
[0;32mI (31) boot: compile time Feb 28 2025 12:23:00[0m
[0;32mI (31) boot: Multicore bootloader[0m
[0;32mI (33) boot: chip revision: v3.1[0m
[0;32mI (36) boot.esp32: SPI Speed      : 40MHz[0m
[0;32mI (39) boot.esp32: SPI Mode       : DIO[0m
[0;32mI (43) boot.esp32: SPI Flash Size : 2MB[0m
[0;32mI (47) boot: Enabling RNG early entropy source...[0m
[0;32mI (51) boot: Partition Table:[0m
[0;32mI (54) boot: ## Label            Usage          Type ST Offset   Length[0m
[0;32mI (60) boot:  0 nvs              WiFi data        01 02 00009000 00006000[0m
[0;32mI (66) boot:  1 phy_init         RF data          01 01 0000f000 00001000[0m
[0;32mI (73) boot:  2 factory          factory app      00 00 00010000 00100000[0m
[0;32mI (80) boot: End of partition table[0m
[0;32mI (83) esp_image: segment 0: paddr=00010020 vaddr=3f400020 size=145d0h ( 83408) map[0m
[0;32mI (119) esp_image: segment 1: paddr=000245f8 vaddr=3ff80000 size=0001ch (    28) load[0m
[0;32mI (119) esp_image: segment 2: paddr=0002461c vaddr=3ffb0000 size=02564h (  9572) load[0m
[0;32mI (126) esp_image: segment 3: paddr=00026b88 vaddr=40080000 size=09490h ( 38032) load[0m
[0;32mI (145) esp_image: segment 4: paddr=00030020 vaddr=400d0020 size=340c0h (213184) map[0m
[0;32mI (218) esp_image: segment 5: paddr=000640e8 vaddr=40089490 size=04bach ( 19372) load[0m
[0;32mI (233) boot: Loaded app from partition at offset 0x10000[0m
[0;32mI (233) boot: Disabling RNG early entropy source...[0m
V (243) mmap: after coalescing, 3 regions are left
[0;32mI (243) cpu_start: Multicore app[0m
D (243) cpu_start: Pro cpu up
D (243) cpu_start: Starting app cpu, entry point is 0x40081488
D (0) cpu_start: App cpu up
D (257) clk: RTC_SLOW_CLK calibration value: 3042202
D (268) cpu_start: calling init function: 0x400d2af8 on core: 0
D (268) cpu_start: calling init function: 0x400d3120 on core: 0
[0;32mI (270) cpu_start: Pro cpu start user code[0m
[0;32mI (274) cpu_start: cpu freq: 160000000 Hz[0m
D (277) cpu_start: calling init function: 0x400d2a38 on core: 0
[0;32mI (283) app_init: Application information:[0m
[0;32mI (287) app_init: Project name:     spi_test[0m
[0;32mI (291) app_init: App version:      3ac2428-dirty[0m
[0;32mI (295) app_init: Compile time:     Feb 28 2025 12:22:57[0m
[0;32mI (300) app_init: ELF file SHA256:  22f2b02ef...[0m
[0;32mI (305) app_init: ESP-IDF:          v5.4-dirty[0m
D (309) cpu_start: calling init function: 0x400d2b0c on core: 0
[0;32mI (314) efuse_init: Min chip rev:     v0.0[0m
[0;32mI (318) efuse_init: Max chip rev:     v3.99 [0m
[0;32mI (322) efuse_init: Chip rev:         v3.1[0m
D (326) cpu_start: calling init function: 0x400d48a8 on core: 0
V (332) memory_layout: reserved range is 0x3f414518 - 0x3f414560
D (337) memory_layout: Checking 9 reserved memory ranges:
D (342) memory_layout: Reserved memory range 0x3ff82000 - 0x3ff82000
D (349) memory_layout: Reserved memory range 0x3ffae000 - 0x3ffae6e0
D (355) memory_layout: Reserved memory range 0x3ffb0000 - 0x3ffb3840
D (361) memory_layout: Reserved memory range 0x3ffe0000 - 0x3ffe0440
D (367) memory_layout: Reserved memory range 0x3ffe3f20 - 0x3ffe4350
D (373) memory_layout: Reserved memory range 0x40070000 - 0x40078000
D (379) memory_layout: Reserved memory range 0x40078000 - 0x40080000
D (385) memory_layout: Reserved memory range 0x40080000 - 0x4008e03c
D (391) memory_layout: Reserved memory range 0x50001fe8 - 0x50002000
D (397) memory_layout: Building list of available memory regions:
V (403) memory_layout: Examining memory region 0x3ffae000 - 0x3ffb0000
V (409) memory_layout: Start of region 0x3ffae000 - 0x3ffb0000 overlaps reserved 0x3ffae000 - 0x3ffae6e0
D (418) memory_layout: Available memory region 0x3ffae6e0 - 0x3ffb0000
V (425) memory_layout: Examining memory region 0x3ffb0000 - 0x3ffb8000
V (431) memory_layout: Start of region 0x3ffb0000 - 0x3ffb8000 overlaps reserved 0x3ffb0000 - 0x3ffb3840
D (440) memory_layout: Available memory region 0x3ffb3840 - 0x3ffb8000
V (446) memory_layout: Examining memory region 0x3ffb8000 - 0x3ffc0000
D (453) memory_layout: Available memory region 0x3ffb8000 - 0x3ffc0000
V (459) memory_layout: Examining memory region 0x3ffc0000 - 0x3ffc2000
D (465) memory_layout: Available memory region 0x3ffc0000 - 0x3ffc2000
V (471) memory_layout: Examining memory region 0x3ffc2000 - 0x3ffc4000
D (478) memory_layout: Available memory region 0x3ffc2000 - 0x3ffc4000
V (484) memory_layout: Examining memory region 0x3ffc4000 - 0x3ffc6000
D (490) memory_layout: Available memory region 0x3ffc4000 - 0x3ffc6000
V (496) memory_layout: Examining memory region 0x3ffc6000 - 0x3ffc8000
D (503) memory_layout: Available memory region 0x3ffc6000 - 0x3ffc8000
V (509) memory_layout: Examining memory region 0x3ffc8000 - 0x3ffca000
D (515) memory_layout: Available memory region 0x3ffc8000 - 0x3ffca000
V (521) memory_layout: Examining memory region 0x3ffca000 - 0x3ffcc000
D (528) memory_layout: Available memory region 0x3ffca000 - 0x3ffcc000
V (534) memory_layout: Examining memory region 0x3ffcc000 - 0x3ffce000
D (540) memory_layout: Available memory region 0x3ffcc000 - 0x3ffce000
V (546) memory_layout: Examining memory region 0x3ffce000 - 0x3ffd0000
D (553) memory_layout: Available memory region 0x3ffce000 - 0x3ffd0000
V (559) memory_layout: Examining memory region 0x3ffd0000 - 0x3ffd2000
D (565) memory_layout: Available memory region 0x3ffd0000 - 0x3ffd2000
V (571) memory_layout: Examining memory region 0x3ffd2000 - 0x3ffd4000
D (578) memory_layout: Available memory region 0x3ffd2000 - 0x3ffd4000
V (584) memory_layout: Examining memory region 0x3ffd4000 - 0x3ffd6000
D (590) memory_layout: Available memory region 0x3ffd4000 - 0x3ffd6000
V (596) memory_layout: Examining memory region 0x3ffd6000 - 0x3ffd8000
D (603) memory_layout: Available memory region 0x3ffd6000 - 0x3ffd8000
V (609) memory_layout: Examining memory region 0x3ffd8000 - 0x3ffda000
D (615) memory_layout: Available memory region 0x3ffd8000 - 0x3ffda000
V (621) memory_layout: Examining memory region 0x3ffda000 - 0x3ffdc000
D (628) memory_layout: Available memory region 0x3ffda000 - 0x3ffdc000
V (634) memory_layout: Examining memory region 0x3ffdc000 - 0x3ffde000
D (640) memory_layout: Available memory region 0x3ffdc000 - 0x3ffde000
V (646) memory_layout: Examining memory region 0x3ffde000 - 0x3ffe0000
D (653) memory_layout: Available memory region 0x3ffde000 - 0x3ffe0000
V (659) memory_layout: Examining memory region 0x3ffe0000 - 0x3ffe4000
V (665) memory_layout: Start of region 0x3ffe0000 - 0x3ffe4000 overlaps reserved 0x3ffe0000 - 0x3ffe0440
V (674) memory_layout: End of region 0x3ffe0440 - 0x3ffe4000 overlaps reserved 0x3ffe3f20 - 0x3ffe4350
D (683) memory_layout: Available memory region 0x3ffe0440 - 0x3ffe3f20
V (690) memory_layout: Examining memory region 0x3ffe4000 - 0x3ffe8000
V (696) memory_layout: Start of region 0x3ffe4000 - 0x3ffe8000 overlaps reserved 0x3ffe3f20 - 0x3ffe4350
D (705) memory_layout: Available memory region 0x3ffe4350 - 0x3ffe8000
V (711) memory_layout: Examining memory region 0x3ffe8000 - 0x3fff0000
D (718) memory_layout: Available memory region 0x3ffe8000 - 0x3fff0000
V (724) memory_layout: Examining memory region 0x3fff0000 - 0x3fff8000
D (730) memory_layout: Available memory region 0x3fff0000 - 0x3fff8000
V (736) memory_layout: Examining memory region 0x3fff8000 - 0x3fffc000
D (743) memory_layout: Available memory region 0x3fff8000 - 0x3fffc000
V (749) memory_layout: Examining memory region 0x3fffc000 - 0x40000000
D (755) memory_layout: Available memory region 0x3fffc000 - 0x40000000
V (761) memory_layout: Examining memory region 0x40070000 - 0x40078000
V (768) memory_layout: Region 0x40070000 - 0x40078000 inside of reserved 0x40070000 - 0x40078000
V (776) memory_layout: Examining memory region 0x40078000 - 0x40080000
V (782) memory_layout: Region 0x40078000 - 0x40080000 inside of reserved 0x40078000 - 0x40080000
V (791) memory_layout: Examining memory region 0x40080000 - 0x40082000
V (797) memory_layout: Region 0x40080000 - 0x40082000 inside of reserved 0x40080000 - 0x4008e03c
V (806) memory_layout: Examining memory region 0x40082000 - 0x40084000
V (812) memory_layout: Region 0x40082000 - 0x40084000 inside of reserved 0x40080000 - 0x4008e03c
V (820) memory_layout: Examining memory region 0x40084000 - 0x40086000
V (827) memory_layout: Region 0x40084000 - 0x40086000 inside of reserved 0x40080000 - 0x4008e03c
V (835) memory_layout: Examining memory region 0x40086000 - 0x40088000
V (841) memory_layout: Region 0x40086000 - 0x40088000 inside of reserved 0x40080000 - 0x4008e03c
V (850) memory_layout: Examining memory region 0x40088000 - 0x4008a000
V (856) memory_layout: Region 0x40088000 - 0x4008a000 inside of reserved 0x40080000 - 0x4008e03c
V (865) memory_layout: Examining memory region 0x4008a000 - 0x4008c000
V (871) memory_layout: Region 0x4008a000 - 0x4008c000 inside of reserved 0x40080000 - 0x4008e03c
V (879) memory_layout: Examining memory region 0x4008c000 - 0x4008e000
V (886) memory_layout: Region 0x4008c000 - 0x4008e000 inside of reserved 0x40080000 - 0x4008e03c
V (894) memory_layout: Examining memory region 0x4008e000 - 0x40090000
V (900) memory_layout: Start of region 0x4008e000 - 0x40090000 overlaps reserved 0x40080000 - 0x4008e03c
D (910) memory_layout: Available memory region 0x4008e03c - 0x40090000
V (916) memory_layout: Examining memory region 0x40090000 - 0x40092000
D (922) memory_layout: Available memory region 0x40090000 - 0x40092000
V (928) memory_layout: Examining memory region 0x40092000 - 0x40094000
D (935) memory_layout: Available memory region 0x40092000 - 0x40094000
V (941) memory_layout: Examining memory region 0x40094000 - 0x40096000
D (947) memory_layout: Available memory region 0x40094000 - 0x40096000
V (953) memory_layout: Examining memory region 0x40096000 - 0x40098000
D (960) memory_layout: Available memory region 0x40096000 - 0x40098000
V (966) memory_layout: Examining memory region 0x40098000 - 0x4009a000
D (972) memory_layout: Available memory region 0x40098000 - 0x4009a000
V (978) memory_layout: Examining memory region 0x4009a000 - 0x4009c000
D (985) memory_layout: Available memory region 0x4009a000 - 0x4009c000
V (991) memory_layout: Examining memory region 0x4009c000 - 0x4009e000
D (997) memory_layout: Available memory region 0x4009c000 - 0x4009e000
V (1003) memory_layout: Examining memory region 0x4009e000 - 0x400a0000
D (1010) memory_layout: Available memory region 0x4009e000 - 0x400a0000
[0;32mI (1016) heap_init: Initializing. RAM available for dynamic allocation:[0m
D (1023) heap_init: New heap initialised at 0x3ffae6e0
[0;32mI (1027) heap_init: At 3FFAE6E0 len 00001920 (6 KiB): DRAM[0m
D (1032) heap_init: New heap initialised at 0x3ffb3840
[0;32mI (1037) heap_init: At 3FFB3840 len 0002C7C0 (177 KiB): DRAM[0m
[0;32mI (1043) heap_init: At 3FFE0440 len 00003AE0 (14 KiB): D/IRAM[0m
[0;32mI (1048) heap_init: At 3FFE4350 len 0001BCB0 (111 KiB): D/IRAM[0m
D (1054) heap_init: New heap initialised at 0x4008e03c
[0;32mI (1058) heap_init: At 4008E03C len 00011FC4 (71 KiB): IRAM[0m
D (1064) cpu_start: calling init function: 0x400d2788 on core: 0
D (1070) cpu_start: calling init function: 0x400d59ec on core: 0
D (1075) cpu_start: calling init function: 0x400d3164 on core: 0
V (1081) intr_alloc: esp_intr_alloc_intrstatus (cpu 0): checking args
V (1087) intr_alloc: esp_intr_alloc_intrstatus (cpu 0): Args okay. Resulting flags 0x40E
D (1095) intr_alloc: Connected src 46 to int 1 (cpu 0)
D (1100) cpu_start: calling init function: 0x400d3170 on core: 0
D (1106) cpu_start: calling init function: 0x400d70f4 on core: 0
D (1111) cpu_start: calling init function: 0x400d8d3c on core: 0
D (1117) cpu_start: calling init function: 0x400d7a90 on core: 0
D (1123) cpu_start: calling init function: 0x400d5a58 on core: 0
D (1129) cpu_start: calling init function: 0x400d317c on core: 0
V (1134) memspi: raw_chip_id: 164068

V (1138) memspi: chip_id: 684016

V (1141) memspi: raw_chip_id: 164068

V (1144) memspi: chip_id: 684016

D (1147) spi_flash: trying chip: issi
D (1151) spi_flash: trying chip: gd
D (1154) spi_flash: trying chip: mxic
D (1157) spi_flash: trying chip: winbond
D (1161) spi_flash: trying chip: generic
[0;32mI (1165) spi_flash: detected chip: generic[0m
[0;32mI (1169) spi_flash: flash io: dio[0m
[0;33mW (1172) spi_flash: Detected size(4096k) larger than the size in the binary image header(2048k). Using the size in the binary image header.[0m
D (1184) cpu_start: calling init function: 0x400d2b98 on core: 0
D (1190) cpu_start: calling init function: 0x400e1d2c
D (1194) cpu_start: calling init function: 0x40085df4
D (1199) cpu_start: calling init function: 0x400d40a4
D (1204) cpu_start: calling init function: 0x400d3744
D (1209) cpu_start: calling init function: 0x400df290 on core: 0
V (1214) intr_alloc: esp_intr_alloc_intrstatus (cpu 0): checking args
V (1220) intr_alloc: esp_intr_alloc_intrstatus (cpu 0): Args okay. Resulting flags 0xC02
D (1228) intr_alloc: Connected src 17 to int 2 (cpu 0)
D (1233) cpu_start: calling init function: 0x401018cc on core: 0
D (1239) cpu_start: calling init function: 0x400d31a0 on core: 0
V (1245) intr_alloc: esp_intr_alloc_intrstatus (cpu 0): checking args
V (1251) intr_alloc: esp_intr_alloc_intrstatus (cpu 0): Args okay. Resulting flags 0x40E
D (1259) intr_alloc: Connected src 24 to int 3 (cpu 0)
D (1264) app_start: Starting scheduler on CPU0
V (1268) intr_alloc: esp_intr_alloc_intrstatus (cpu 1): checking args
V (1268) intr_alloc: esp_intr_alloc_intrstatus (cpu 1): Args okay. Resulting flags 0x40E
I (D (1278) intr_alloc: Connected src 25 to int 1 (cpu 1)
D (1278) app_start: Starting scheduler on CPU1
1268) main_task: Started on CPU0
D (1298) heap_init: New heap initialised at 0x3ffe0440
D (1298) heap_init: New heap initialised at 0x3ffe4350
V (1298) intr_alloc: esp_intr_alloc_intrstatus (cpu 0): checking args
V (1308) intr_alloc: esp_intr_alloc_intrstatus (cpu 0): Args okay. Resulting flags 0xE
D (1308) intr_alloc: Connected src 16 to int 5 (cpu 0)
[0;32mI (1318) main_task: Calling app_main()[0m
V (1318) intr_alloc: esp_intr_alloc_intrstatus (cpu 0): checking args
V (1328) intr_alloc: esp_intr_alloc_intrstatus (cpu 0): Args okay. Resulting flags 0xE
D (1338) intr_alloc: Connected src 38 to int 8 (cpu 0)
D (1338) clk_ctrl_os: APLL will working at 50000000 Hz with coefficients [sdm0] 0 [sdm1] 0 [sdm2] 6 [o_div] 2
[0;32mI (1448) esp.emac: PHY Power State: 1 (Expected: 1)[0m
[0;32mI (1448) esp.emac: CLK Power State: 0 (Expected: 1)[0m
D (1448) efuse: BLK0 REG2 [8-15], len=8 bits
D (1448) efuse: BLK0 REG2 [0-7], len=8 bits
D (1448) efuse: BLK0 REG1 [24-31], len=8 bits
D (1458) efuse: BLK0 REG1 [16-23], len=8 bits
D (1458) efuse: BLK0 REG1 [8-15], len=8 bits
D (1458) efuse: BLK0 REG1 [0-7], len=8 bits
D (1468) efuse: BLK0 REG2 [16-23], len=8 bits
D (1468) eth_phy_802_3: Found PHY address: 1
[1;31mE (1478) eth_phy_802_3: PHY Address: 1 (Expected: 1)[0m
[1;31mE (1478) eth_phy_802_3: Attempting to read BMCR before power control change...[0m
[1;31mE (1488) eth_phy_802_3: BMCR Register Value (Before): 0x1100[0m
[1;31mE (1488) eth_phy_802_3: Enabling power (Exiting power-down mode)...[0m
[1;31mE (1498) eth_phy_802_3: BMCR Write Result: ESP_OK[0m
[1;31mE (1498) eth_phy_802_3: Waiting for PHY to exit power-down mode...[0m
[1;31mE (1518) eth_phy_802_3: BMCR Register Value (During Power-Up): 0x1100[0m
[1;31mE (1518) eth_phy_802_3: PHY successfully exited power-down mode![0m
[1;31mE (1518) eth_phy_802_3: Power control operation completed successfully.[0m
D (1538) esp_eth: new ethernet driver @0x3ffba5c4
D (1538) esp_netif_lwip: LwIP stack has been initialized
D (1538) esp_netif_lwip: 