ESP-ROM:esp32c6-20220919
Build:Sep 19 2022
rst:0x15 (USB_UART_HPSYS),boot:0xc (SPI_FAST_FLASH_BOOT)
Saved PC:0x400228dc
SPIWP:0xee
mode:DIO, clock div:2
load:0x40875720,len:0x19cc
load:0x4086c110,len:0xe84
load:0x4086e610,len:0x304c
entry 0x4086c11a
[0;32mI (23) boot: ESP-IDF v5.4-dirty 2nd stage bootloader[0m
[0;32mI (23) boot: compile time Feb  4 2025 23:46:49[0m
[0;32mI (24) boot: chip revision: v0.1[0m
[0;32mI (26) boot: efuse block revision: v0.2[0m
[0;32mI (31) boot.esp32c6: SPI Speed      : 80MHz[0m
[0;32mI (35) boot.esp32c6: SPI Mode       : DIO[0m
[0;32mI (40) boot.esp32c6: SPI Flash Size : 2MB[0m
[0;32mI (45) boot: Enabling RNG early entropy source...[0m
[0;32mI (50) boot: Partition Table:[0m
[0;32mI (54) boot: ## Label            Usage          Type ST Offset   Length[0m
[0;32mI (61) boot:  0 nvs              WiFi data        01 02 00009000 00006000[0m
[0;32mI (68) boot:  1 phy_init         RF data          01 01 0000f000 00001000[0m
[0;32mI (76) boot:  2 factory          factory app      00 00 00010000 00100000[0m
[0;32mI (84) boot: End of partition table[0m
[0;32mI (88) esp_image: segment 0: paddr=00010020 vaddr=42018020 size=07efch ( 32508) map[0m
[0;32mI (102) esp_image: segment 1: paddr=00017f24 vaddr=40800000 size=000f4h (   244) load[0m
[0;32mI (105) esp_image: segment 2: paddr=00018020 vaddr=42000020 size=14528h ( 83240) map[0m
[0;32mI (128) esp_image: segment 3: paddr=0002c550 vaddr=408000f4 size=0b710h ( 46864) load[0m
[0;32mI (139) esp_image: segment 4: paddr=00037c68 vaddr=4080b810 size=015e8h (  5608) load[0m
[0;32mI (144) boot: Loaded app from partition at offset 0x10000[0m
[0;32mI (145) boot: Disabling RNG early entropy source...[0m
[0;32mI (160) cpu_start: Unicore app[0m
[0;32mI (168) cpu_start: Pro cpu start user code[0m
[0;32mI (168) cpu_start: cpu freq: 160000000 Hz[0m
[0;32mI (169) app_init: Application information:[0m
[0;32mI (169) app_init: Project name:     spi_test[0m
[0;32mI (172) app_init: App version:      54ea472-dirty[0m
[0;32mI (177) app_init: Compile time:     Feb  5 2025 23:30:54[0m
[0;32mI (182) app_init: ELF file SHA256:  1d5e3c936...[0m
[0;32mI (186) app_init: ESP-IDF:          v5.4-dirty[0m
[0;32mI (190) efuse_init: Min chip rev:     v0.0[0m
[0;32mI (194) efuse_init: Max chip rev:     v0.99 [0m
[0;32mI (198) efuse_init: Chip rev:         v0.1[0m
[0;32mI (202) heap_init: Initializing. RAM available for dynamic allocation:[0m
[0;32mI (208) heap_init: At 4080DD30 len 0006E8E0 (442 KiB): RAM[0m
[0;32mI (213) heap_init: At 4087C610 len 00002F54 (11 KiB): RAM[0m
[0;32mI (219) heap_init: At 50000000 len 00003FE8 (15 KiB): RTCRAM[0m
[0;32mI (225) spi_flash: detected chip: generic[0m
[0;32mI (228) spi_flash: flash io: dio[0m
[0;33mW (231) spi_flash: Detected size(8192k) larger than the size in the binary image header(2048k). Using the size in the binary image header.[0m
[0;32mI (243) sleep_gpio: Configure to isolate all GPIO pins in sleep state[0m
[0;32mI (249) sleep_gpio: Enable automatic switching of GPIO sleep configuration[0m
[0;32mI (256) main_task: Started on CPU0[0m
[0;32mI (256) main_task: Calling app_main()[0m
[0;32mI (256) gpio: GPIO[18]| InputEn: 0| OutputEn: 0| OpenDrain: 0| Pullup: 1| Pulldown: 0| Intr:0 [0m
